Component: ARM Compiler 5.06 update 7 (build 960) Tool: armlink [4d3601]

==============================================================================

Section Cross References

    main.o(.text) refers to _printf_percent.o(.ARM.Collect$$_printf_percent$$00000000) for _printf_percent
    main.o(.text) refers to _printf_f.o(.ARM.Collect$$_printf_percent$$00000003) for _printf_f
    main.o(.text) refers to printf1.o(x$fpl$printf1) for _printf_fp_dec
    main.o(.text) refers to fflt_clz.o(x$fpl$ffltu) for __aeabi_ui2f
    main.o(.text) refers to fmul.o(x$fpl$fmul) for __aeabi_fmul
    main.o(.text) refers to f2d.o(x$fpl$f2d) for __aeabi_f2d
    main.o(.text) refers to __2printf.o(.text) for __2printf
    main.o(.text) refers to fdiv.o(x$fpl$fdiv) for __aeabi_fdiv
    main.o(.text) refers to ddiv.o(x$fpl$ddiv) for __aeabi_ddiv
    main.o(.text) refers to ffixu.o(x$fpl$ffixu) for __aeabi_f2uiz
    main.o(.text) refers to dflt_clz.o(x$fpl$dfltu) for __aeabi_ui2d
    main.o(.text) refers to delay.o(.text) for delay_init
    main.o(.text) refers to misc.o(.text) for NVIC_PriorityGroupConfig
    main.o(.text) refers to usart.o(.text) for uart_init
    main.o(.text) refers to usart2.o(.text) for USART2_Init
    main.o(.text) refers to usart2.o(.bss) for USART2_RX_BUF
    main.o(.text) refers to main.o(.data) for Ue
    main.o(.text) refers to usart2.o(.data) for USART2_RX_STA
    system_stm32f10x.o(.text) refers to system_stm32f10x.o(.data) for SystemCoreClock
    led.o(.text) refers to stm32f10x_rcc.o(.text) for RCC_APB2PeriphClockCmd
    led.o(.text) refers to stm32f10x_gpio.o(.text) for GPIO_Init
    usart2.o(.text) refers to stm32f10x_tim.o(.text) for TIM_SetCounter
    usart2.o(.text) refers to stm32f10x_usart.o(.text) for USART_GetITStatus
    usart2.o(.text) refers to stm32f10x_rcc.o(.text) for RCC_APB1PeriphClockCmd
    usart2.o(.text) refers to misc.o(.text) for NVIC_Init
    usart2.o(.text) refers to stm32f10x_dma.o(.text) for DMA_DeInit
    usart2.o(.text) refers to stm32f10x_gpio.o(.text) for GPIO_Init
    usart2.o(.text) refers to c89vsprintf.o(.text) for __c89vsprintf
    usart2.o(.text) refers to strlen.o(.text) for strlen
    usart2.o(.text) refers to usart2.o(.data) for USART2_RX_STA
    usart2.o(.text) refers to usart2.o(.bss) for USART2_RX_BUF
    usart3.o(.text) refers to stm32f10x_usart.o(.text) for USART_GetITStatus
    usart3.o(.text) refers to stm32f10x_tim.o(.text) for TIM_SetCounter
    usart3.o(.text) refers to stm32f10x_rcc.o(.text) for RCC_APB2PeriphClockCmd
    usart3.o(.text) refers to stm32f10x_gpio.o(.text) for GPIO_Init
    usart3.o(.text) refers to misc.o(.text) for NVIC_Init
    usart3.o(.text) refers to timer.o(.text) for TIM7_Int_Init
    usart3.o(.text) refers to c89vsprintf.o(.text) for __c89vsprintf
    usart3.o(.text) refers to strlen.o(.text) for strlen
    usart3.o(.text) refers to usart3.o(.data) for USART3_RX_STA
    usart3.o(.text) refers to usart3.o(.bss) for USART3_RX_BUF
    timer.o(.text) refers to stm32f10x_tim.o(.text) for TIM_GetITStatus
    timer.o(.text) refers to stm32f10x_rcc.o(.text) for RCC_APB1PeriphClockCmd
    timer.o(.text) refers to misc.o(.text) for NVIC_Init
    timer.o(.text) refers to usart3.o(.data) for USART3_RX_STA
    lcd.o(.text) refers to _printf_percent.o(.ARM.Collect$$_printf_percent$$00000000) for _printf_percent
    lcd.o(.text) refers to _printf_x.o(.ARM.Collect$$_printf_percent$$0000000C) for _printf_x
    lcd.o(.text) refers to _printf_hex_int_ll_ptr.o(.text) for _printf_longlong_hex
    lcd.o(.text) refers to delay.o(.text) for delay_us
    lcd.o(.text) refers to lcd.o(.bss) for lcddev
    lcd.o(.text) refers to dflt_clz.o(x$fpl$dfltu) for __aeabi_ui2d
    lcd.o(.text) refers to dmul.o(x$fpl$dmul) for __aeabi_dmul
    lcd.o(.text) refers to dfixu.o(x$fpl$dfixu) for __aeabi_d2uiz
    lcd.o(.text) refers to lcd.o(.data) for POINT_COLOR
    lcd.o(.text) refers to stm32f10x_rcc.o(.text) for RCC_APB2PeriphClockCmd
    lcd.o(.text) refers to stm32f10x_gpio.o(.text) for GPIO_PinRemapConfig
    lcd.o(.text) refers to __2printf.o(.text) for __2printf
    lcd.o(.text) refers to lcd.o(.constdata) for asc2_1206
    delay.o(.text) refers to misc.o(.text) for SysTick_CLKSourceConfig
    delay.o(.text) refers to system_stm32f10x.o(.data) for SystemCoreClock
    delay.o(.text) refers to delay.o(.data) for fac_us
    usart.o(.text) refers (Special) to use_no_semi_2.o(.text) for __use_no_semihosting
    usart.o(.text) refers to stm32f10x_rcc.o(.text) for RCC_APB2PeriphClockCmd
    usart.o(.text) refers to stm32f10x_gpio.o(.text) for GPIO_Init
    usart.o(.text) refers to misc.o(.text) for NVIC_Init
    usart.o(.text) refers to stm32f10x_usart.o(.text) for USART_Init
    usart.o(.text) refers to usart.o(.data) for USART_RX_STA
    usart.o(.text) refers to usart.o(.bss) for USART_RX_BUF
    usart.o(.bss) refers (Special) to use_no_semi_2.o(.text) for __use_no_semihosting
[...]
    .ARM.Collect$$rtentry$$0000000C          0x08000262   Section        0  __rtentry2.o(.ARM.Collect$$rtentry$$0000000C)
    .ARM.Collect$$rtentry$$0000000D          0x08000262   Section        8  __rtentry2.o(.ARM.Collect$$rtentry$$0000000D)
    .ARM.Collect$$rtexit$$00000000           0x0800026a   Section        2  rtexit.o(.ARM.Collect$$rtexit$$00000000)
    .ARM.Collect$$rtexit$$00000002           0x0800026c   Section        0  rtexit2.o(.ARM.Collect$$rtexit$$00000002)
    .ARM.Collect$$rtexit$$00000003           0x0800026c   Section        4  rtexit2.o(.ARM.Collect$$rtexit$$00000003)
    .ARM.Collect$$rtexit$$00000004           0x08000270   Section        6  rtexit2.o(.ARM.Collect$$rtexit$$00000004)
    .text                                    0x08000278   Section        0  main.o(.text)
    .text                                    0x08000590   Section        0  stm32f10x_it.o(.text)
    .text                                    0x080005ac   Section        0  system_stm32f10x.o(.text)
    SetSysClockTo72                          0x080005ad   Thumb Code   214  system_stm32f10x.o(.text)
    SetSysClock                              0x08000683   Thumb Code     8  system_stm32f10x.o(.text)
    .text                                    0x0800078c   Section        0  usart2.o(.text)
    .text                                    0x08000a0c   Section        0  usart3.o(.text)
    .text                                    0x08000b8c   Section        0  timer.o(.text)
    .text                                    0x08000c18   Section        0  delay.o(.text)
    .text                                    0x08000cec   Section        0  usart.o(.text)
    .text                                    0x08000e2c   Section       64  startup_stm32f10x_hd.o(.text)
    .text                                    0x08000e6c   Section        0  stm32f10x_gpio.o(.text)
    .text                                    0x080011c8   Section        0  stm32f10x_rcc.o(.text)
    .text                                    0x0800156c   Section        0  stm32f10x_usart.o(.text)
    .text                                    0x08001974   Section        0  misc.o(.text)
    .text                                    0x08001a50   Section        0  stm32f10x_dma.o(.text)
    .text                                    0x08001ca4   Section        0  stm32f10x_tim.o(.text)
    TI4_Config                               0x0800214b   Thumb Code   130  stm32f10x_tim.o(.text)
    TI3_Config                               0x080021df   Thumb Code   122  stm32f10x_tim.o(.text)
    TI2_Config                               0x08002273   Thumb Code   130  stm32f10x_tim.o(.text)
    TI1_Config                               0x08002307   Thumb Code   108  stm32f10x_tim.o(.text)
    .text                                    0x08002abe   Section        2  use_no_semi_2.o(.text)
    .text                                    0x08002ac0   Section        0  c89vsprintf.o(.text)
    .text                                    0x08002ae4   Section        0  __2printf.o(.text)
    .text                                    0x08002afc   Section        0  _printf_hex_int_ll_ptr.o(.text)
    _printf_hex_common                       0x08002afd   Thumb Code     0  _printf_hex_int_ll_ptr.o(.text)
    .text                                    0x08002b90   Section        0  __printf_flags_ss_wp.o(.text)
    .text                                    0x08002d18   Section        0  strlen.o(.text)
    .text                                    0x08002d56   Section        0  heapauxi.o(.text)
    .text                                    0x08002d5c   Section        2  use_no_semi.o(.text)
    .text                                    0x08002d5e   Section        0  _printf_pad.o(.text)
    .text                                    0x08002dac   Section        0  _printf_truncate.o(.text)
    .text                                    0x08002dd0   Section        0  _printf_str.o(.text)
    .text                                    0x08002e22   Section        0  _printf_intcommon.o(.text)
    .text                                    0x08002ed4   Section        0  _printf_dec.o(.text)
    .text                                    0x08002f4c   Section        0  _printf_charcount.o(.text)
    .text                                    0x08002f74   Section        0  _printf_fp_dec.o(.text)
    _fp_digits                               0x08002f77   Thumb Code   432  _printf_fp_dec.o(.text)
    .text                                    0x08003394   Section        0  _printf_char_common.o(.text)
    _printf_input_char                       0x08003395   Thumb Code    10  _printf_char_common.o(.text)
    .text                                    0x080033c4   Section        0  _sputc.o(.text)
    .text                                    0x080033d0   Section        0  _printf_char_file.o(.text)
    .text                                    0x080033f4   Section        0  _printf_wctomb.o(.text)
    .text                                    0x080034b0   Section        0  _printf_longlong_dec.o(.text)
    .text                                    0x0800352c   Section        0  _printf_oct_int_ll.o(.text)
    _printf_longlong_oct_internal            0x0800352d   Thumb Code     0  _printf_oct_int_ll.o(.text)
    .text                                    0x0800359c   Section        8  rt_locale_intlibspace.o(.text)
    .text                                    0x080035a4   Section      138  lludiv10.o(.text)
    .text                                    0x08003630   Section        0  _printf_fp_infnan.o(.text)
    .text                                    0x080036b0   Section        0  _printf_char.o(.text)
    .text                                    0x080036dc   Section        0  _printf_wchar.o(.text)
    .text                                    0x08003708   Section        0  bigflt0.o(.text)
    .text                                    0x080037ec   Section        0  ferror.o(.text)
    .text                                    0x080037f4   Section        0  _wcrtomb.o(.text)
    .text                                    0x08003834   Section        8  libspace.o(.text)
    .text                                    0x0800383c   Section       74  sys_stackheap_outer.o(.text)
    .text                                    0x08003888   Section       16  rt_ctype_table.o(.text)
    .text                                    0x08003898   Section        0  exit.o(.text)
    .text                                    0x080038ac   Section      128  strcmpv7m.o(.text)
    CL$$btod_d2e                             0x0800392c   Section       62  btod.o(CL$$btod_d2e)
    CL$$btod_d2e_denorm_low                  0x0800396a   Section       70  btod.o(CL$$btod_d2e_denorm_low)
    CL$$btod_d2e_norm_op1                    0x080039b0   Section       96  btod.o(CL$$btod_d2e_norm_op1)
    CL$$btod_div_common                      0x08003a10   Section      824  btod.o(CL$$btod_div_common)
    CL$$btod_e2e                             0x08003d48   Section      220  btod.o(CL$$btod_e2e)
    CL$$btod_ediv                            0x08003e24   Section       42  btod.o(CL$$btod_ediv)
    CL$$btod_emul                            0x08003e4e   Section       42  btod.o(CL$$btod_emul)
    CL$$btod_mult_common                     0x08003e78   Section      580  btod.o(CL$$btod_mult_common)
    i.__ARM_fpclassify                       0x080040bc   Section        0  fpclassify.o(i.__ARM_fpclassify)
    i._is_digit                              0x080040e4   Section        0  __printf_wp.o(i._is_digit)
    locale$$code                             0x080040f4   Section       44  lc_numeric_c.o(locale$$code)
    locale$$code                             0x08004120   Section       44  lc_ctype_c.o(locale$$code)
    x$fpl$ddiv                               0x0800414c   Section      688  ddiv.o(x$fpl$ddiv)
    ddiv_entry                               0x08004153   Thumb Code     0  ddiv.o(x$fpl$ddiv)
    x$fpl$dfltu                              0x080043fc   Section       38  dflt_clz.o(x$fpl$dfltu)
    x$fpl$dnaninf                            0x08004422   Section      156  dnaninf.o(x$fpl$dnaninf)
    x$fpl$dretinf                            0x080044be   Section       12  dretinf.o(x$fpl$dretinf)
    x$fpl$f2d                                0x080044cc   Section       86  f2d.o(x$fpl$f2d)
    x$fpl$fdiv                               0x08004524   Section      388  fdiv.o(x$fpl$fdiv)
    _fdiv1                                   0x08004525   Thumb Code     0  fdiv.o(x$fpl$fdiv)
    x$fpl$ffixu                              0x080046a8   Section       62  ffixu.o(x$fpl$ffixu)
    x$fpl$ffltu                              0x080046e8   Section       38  fflt_clz.o(x$fpl$ffltu)
    x$fpl$fmul                               0x08004710   Section      258  fmul.o(x$fpl$fmul)
    x$fpl$fnaninf                            0x08004812   Section      140  fnaninf.o(x$fpl$fnaninf)
    x$fpl$fretinf                            0x0800489e   Section       10  fretinf.o(x$fpl$fretinf)
    x$fpl$printf1                            0x080048a8   Section        4  printf1.o(x$fpl$printf1)
    .constdata                               0x080048ac   Section       40  _printf_hex_int_ll_ptr.o(.constdata)
    x$fpl$usenofp                            0x080048ac   Section        0  usenofp.o(x$fpl$usenofp)
    uc_hextab                                0x080048ac   Data          20  _printf_hex_int_ll_ptr.o(.constdata)
    lc_hextab                                0x080048c0   Data          20  _printf_hex_int_ll_ptr.o(.constdata)
    .constdata                               0x080048d4   Section       17  __printf_flags_ss_wp.o(.constdata)
    maptable                                 0x080048d4   Data          17  __printf_flags_ss_wp.o(.constdata)
    .constdata                               0x080048e8   Section        8  _printf_wctomb.o(.constdata)
    initial_mbstate                          0x080048e8   Data           8  _printf_wctomb.o(.constdata)
    .constdata                               0x080048f0   Section      148  bigflt0.o(.constdata)
    tenpwrs_x                                0x080048f0   Data          60  bigflt0.o(.constdata)
    tenpwrs_i                                0x0800492c   Data          64  bigflt0.o(.constdata)
    locale$$data                             0x080049a4   Section       28  lc_numeric_c.o(locale$$data)
    __lcnum_c_name                           0x080049a8   Data           2  lc_numeric_c.o(locale$$data)
    __lcnum_c_start                          0x080049b0   Data           0  lc_numeric_c.o(locale$$data)
    __lcnum_c_point                          0x080049bc   Data           0  lc_numeric_c.o(locale$$data)
    __lcnum_c_thousands                      0x080049be   Data           0  lc_numeric_c.o(locale$$data)
    __lcnum_c_grouping                       0x080049bf   Data           0  lc_numeric_c.o(locale$$data)
    locale$$data                             0x080049c0   Section      272  lc_ctype_c.o(locale$$data)
    __lcnum_c_end                            0x080049c0   Data           0  lc_numeric_c.o(locale$$data)
    __lcctype_c_name                         0x080049c4   Data           2  lc_ctype_c.o(locale$$data)
    __lcctype_c_start                        0x080049cc   Data           0  lc_ctype_c.o(locale$$data)
    __lcctype_c_end                          0x08004ad0   Data           0  lc_ctype_c.o(locale$$data)
    .data                                    0x20000000   Section       12  main.o(.data)
    .data                                    0x2000000c   Section       20  system_stm32f10x.o(.data)
    .data                                    0x20000020   Section        2  usart2.o(.data)
    .data                                    0x20000022   Section        2  usart3.o(.data)
    .data                                    0x20000024   Section        4  delay.o(.data)
    fac_us                                   0x20000024   Data           1  delay.o(.data)
    fac_ms                                   0x20000026   Data           2  delay.o(.data)
    .data                                    0x20000028   Section        6  usart.o(.data)
    .data                                    0x2000002e   Section       20  stm32f10x_rcc.o(.data)
    APBAHBPrescTable                         0x2000002e   Data          16  stm32f10x_rcc.o(.data)
    ADCPrescTable                            0x2000003e   Data           4  stm32f10x_rcc.o(.data)
    .bss                                     0x20000048   Section     2048  usart2.o(.bss)
    .bss                                     0x20000848   Section     1200  usart3.o(.bss)
    .bss                                     0x20000cf8   Section      200  usart.o(.bss)
    .bss                                     0x20000dc0   Section       96  libspace.o(.bss)
    HEAP                                     0x20000e20   Section      512  startup_stm32f10x_hd.o(HEAP)
    Heap_Mem                                 0x20000e20   Data         512  startup_stm32f10x_hd.o(HEAP)
    STACK                                    0x20001020   Section     1024  startup_stm32f10x_hd.o(STACK)
    Stack_Mem                                0x20001020   Data        1024  startup_stm32f10x_hd.o(STACK)
    __initial_sp                             0x20001420   Data           0  startup_stm32f10x_hd.o(STACK)

    Global Symbols

    Symbol Name                              Value     Ov Type        Size  Object(Section)

    BuildAttributes$$THM_ISAv4$P$D$K$B$S$PE$A:L22UL41UL21$X:L11$S22US41US21$IEEE1$IW$USESV6$~STKCKD$USESV7$~SHL$OTIME$ROPI$IEEEJ$EBA8$UX$STANDARDLIB$REQ8$PRES8$EABIv2 0x00000000   Number         0  anon$$obj.o ABSOLUTE
    __ARM_use_no_argv                        0x00000000   Number         0  main.o ABSOLUTE
    _printf_flags                            0x00000000   Number         0  printf_stubs.o ABSOLUTE
    _printf_return_value                     0x00000000   Number         0  printf_stubs.o ABSOLUTE
    _printf_sizespec                         0x00000000   Number         0  printf_stubs.o ABSOLUTE
    _printf_widthprec                        0x00000000   Number         0  printf_stubs.o ABSOLUTE
    __ARM_exceptions_init                     - Undefined Weak Reference
    __alloca_initialize                       - Undefined Weak Reference
    __arm_fini_                               - Undefined Weak Reference
    __arm_preinit_                            - Undefined Weak Reference
    __cpp_initialize__aeabi_                  - Undefined Weak Reference
    __cxa_finalize                            - Undefined Weak Reference
    __sigvec_lookup                           - Undefined Weak Reference
    _atexit_init                              - Undefined Weak Reference
    _call_atexit_fns                          - Undefined Weak Reference
    _clock_init                               - Undefined Weak Reference
    _fp_trap_init                             - Undefined Weak Reference
    _fp_trap_shutdown                         - Undefined Weak Reference
    _get_lc_collate                           - Undefined Weak Reference
    _get_lc_monetary                          - Undefined Weak Reference
    _get_lc_time                              - Undefined Weak Reference
    _getenv_init                              - Undefined Weak Reference
    _handle_redirection                       - Undefined Weak Reference
    _init_alloc                               - Undefined Weak Reference
    _init_user_alloc                          - Undefined Weak Reference
    _initio                                   - Undefined Weak Reference
    _mutex_acquire                            - Undefined Weak Reference
    _mutex_release                            - Undefined Weak Reference
    _printf_fp_hex                            - Undefined Weak Reference
    _printf_mbtowc                            - Undefined Weak Reference
    _printf_wc                                - Undefined Weak Reference
    _rand_init                                - Undefined Weak Reference
    _signal_finish                            - Undefined Weak Reference
    _signal_init                              - Undefined Weak Reference
    _terminate_alloc                          - Undefined Weak Reference
    _terminate_user_alloc                     - Undefined Weak Reference
    _terminateio                              - Undefined Weak Reference
    __Vectors_Size                           0x00000130   Number         0  startup_stm32f10x_hd.o ABSOLUTE
    __Vectors                                0x08000000   Data           4  startup_stm32f10x_hd.o(RESET)
    __Vectors_End                            0x08000130   Data           0  startup_stm32f10x_hd.o(RESET)
    __main                                   0x08000131   Thumb Code     8  __main.o(!!!main)
    __scatterload                            0x08000139   Thumb Code     0  __scatter.o(!!!scatter)
    __scatterload_rt2                        0x08000139   Thumb Code    44  __scatter.o(!!!scatter)
    __scatterload_rt2_thumb_only             0x08000139   Thumb Code     0  __scatter.o(!!!scatter)
    __scatterload_null                       0x08000147   Thumb Code     0  __scatter.o(!!!scatter)
    __scatterload_copy                       0x0800016d   Thumb Code    26  __scatter_copy.o(!!handler_copy)
    __scatterload_zeroinit                   0x08000189   Thumb Code    28  __scatter_zi.o(!!handler_zi)
    _printf_n                                0x080001a5   Thumb Code     0  _printf_n.o(.ARM.Collect$$_printf_percent$$00000001)
    _printf_percent                          0x080001a5   Thumb Code     0  _printf_percent.o(.ARM.Collect$$_printf_percent$$00000000)
    _printf_p                                0x080001ab   Thumb Code     0  _printf_p.o(.ARM.Collect$$_printf_percent$$00000002)
    _printf_f                                0x080001b1   Thumb Code     0  _printf_f.o(.ARM.Collect$$_printf_percent$$00000003)
    _printf_e                                0x080001b7   Thumb Code     0  _printf_e.o(.ARM.Collect$$_printf_percent$$00000004)
    _printf_g                                0x080001bd   Thumb Code     0  _printf_g.o(.ARM.Collect$$_printf_percent$$00000005)
    _printf_a                                0x080001c3   Thumb Code     0  _printf_a.o(.ARM.Collect$$_printf_percent$$00000006)
    _printf_ll                               0x080001c9   Thumb Code     0  _printf_ll.o(.ARM.Collect$$_printf_percent$$00000007)
    _printf_i                                0x080001d3   Thumb Code     0  _printf_i.o(.ARM.Collect$$_printf_percent$$00000008)
    _printf_d                                0x080001d9   Thumb Code     0  _printf_d.o(.ARM.Collect$$_printf_percent$$00000009)
    _printf_u                                0x080001df   Thumb Code     0  _printf_u.o(.ARM.Collect$$_printf_percent$$0000000A)
    _printf_o                                0x080001e5   Thumb Code     0  _printf_o.o(.ARM.Collect$$_printf_percent$$0000000B)
    _printf_x                                0x080001eb   Thumb Code     0  _printf_x.o(.ARM.Collect$$_printf_percent$$0000000C)
    _printf_lli                              0x080001f1   Thumb Code     0  _printf_lli.o(.ARM.Collect$$_printf_percent$$0000000D)
    _printf_lld                              0x080001f7   Thumb Code     0  _printf_lld.o(.ARM.Collect$$_printf_percent$$0000000E)
    _printf_llu                              0x080001fd   Thumb Code     0  _printf_llu.o(.ARM.Collect$$_printf_percent$$0000000F)
    _printf_llo                              0x08000203   Thumb Code     0  _printf_llo.o(.ARM.Collect$$_printf_percent$$00000010)
    _printf_llx                              0x08000209   Thumb Code     0  _printf_llx.o(.ARM.Collect$$_printf_percent$$00000011)
    _printf_l                                0x0800020f   Thumb Code     0  _printf_l.o(.ARM.Collect$$_printf_percent$$00000012)
    _printf_c                                0x08000219   Thumb Code     0  _printf_c.o(.ARM.Collect$$_printf_percent$$00000013)
    _printf_s                                0x0800021f   Thumb Code     0  _printf_s.o(.ARM.Collect$$_printf_percent$$00000014)
    _printf_lc                               0x08000225   Thumb Code     0  _printf_lc.o(.ARM.Collect$$_printf_percent$$00000015)
    _printf_ls                               0x0800022b   Thumb Code     0  _printf_ls.o(.ARM.Collect$$_printf_percent$$00000016)
    _printf_percent_end                      0x08000231   Thumb Code     0  _printf_percent_end.o(.ARM.Collect$$_printf_percent$$00000017)
    __rt_lib_init                            0x08000235   Thumb Code     0  libinit.o(.ARM.Collect$$libinit$$00000000)
    __rt_lib_init_fp_1                       0x08000237   Thumb Code     0  libinit2.o(.ARM.Collect$$libinit$$00000002)
    __rt_lib_init_heap_1                     0x08000237   Thumb Code     0  libinit2.o(.ARM.Collect$$libinit$$0000000A)
    __rt_lib_init_lc_common                  0x08000237   Thumb Code     0  libinit2.o(.ARM.Collect$$libinit$$0000000F)
    __rt_lib_init_preinit_1                  0x08000237   Thumb Code     0  libinit2.o(.ARM.Collect$$libinit$$00000004)
    __rt_lib_init_rand_1                     0x08000237   Thumb Code     0  libinit2.o(.ARM.Collect$$libinit$$0000000E)
    __rt_lib_init_user_alloc_1               0x08000237   Thumb Code     0  libinit2.o(.ARM.Collect$$libinit$$0000000C)
    __rt_lib_init_lc_collate_1               0x0800023d   Thumb Code     0  libinit2.o(.ARM.Collect$$libinit$$00000011)
    __rt_lib_init_lc_ctype_2                 0x0800023d   Thumb Code     0  libinit2.o(.ARM.Collect$$libinit$$00000012)
    __rt_lib_init_lc_ctype_1                 0x08000249   Thumb Code     0  libinit2.o(.ARM.Collect$$libinit$$00000013)
    __rt_lib_init_lc_monetary_1              0x08000249   Thumb Code     0  libinit2.o(.ARM.Collect$$libinit$$00000015)
    __rt_lib_init_lc_numeric_2               0x08000249   Thumb Code     0  libinit2.o(.ARM.Collect$$libinit$$00000016)
    __rt_lib_init_alloca_1                   0x08000253   Thumb Code     0  libinit2.o(.ARM.Collect$$libinit$$0000002E)
    __rt_lib_init_argv_1                     0x08000253   Thumb Code     0  libinit2.o(.ARM.Collect$$libinit$$0000002C)
    __rt_lib_init_atexit_1                   0x08000253   Thumb Code     0  libinit2.o(.ARM.Collect$$libinit$$0000001B)
    __rt_lib_init_clock_1                    0x08000253   Thumb Code     0  libinit2.o(.ARM.Collect$$libinit$$00000021)
    __rt_lib_init_cpp_1                      0x08000253   Thumb Code     0  libinit2.o(.ARM.Collect$$libinit$$00000032)
    __rt_lib_init_exceptions_1               0x08000253   Thumb Code     0  libinit2.o(.ARM.Collect$$libinit$$00000030)
    __rt_lib_init_fp_trap_1                  0x08000253   Thumb Code     0  libinit2.o(.ARM.Collect$$libinit$$0000001F)
    __rt_lib_init_getenv_1                   0x08000253   Thumb Code     0  libinit2.o(.ARM.Collect$$libinit$$00000023)
    __rt_lib_init_lc_numeric_1               0x08000253   Thumb Code     0  libinit2.o(.ARM.Collect$$libinit$$00000017)
    __rt_lib_init_lc_time_1                  0x08000253   Thumb Code     0  libinit2.o(.ARM.Collect$$libinit$$00000019)
    __rt_lib_init_return                     0x08000253   Thumb Code     0  libinit2.o(.ARM.Collect$$libinit$$00000033)
    __rt_lib_init_signal_1                   0x08000253   Thumb Code     0  libinit2.o(.ARM.Collect$$libinit$$0000001D)
    __rt_lib_init_stdio_1                    0x08000253   Thumb Code     0  libinit2.o(.ARM.Collect$$libinit$$00000025)
    __rt_lib_shutdown                        0x08000255   Thumb Code     0  libshutdown.o(.ARM.Collect$$libshutdown$$00000000)
    __rt_lib_shutdown_cpp_1                  0x08000257   Thumb Code     0  libshutdown2.o(.ARM.Collect$$libshutdown$$00000004)
    __rt_lib_shutdown_fini_1                 0x08000257   Thumb Code     0  libshutdown2.o(.ARM.Collect$$libshutdown$$00000002)
    __rt_lib_shutdown_fp_trap_1              0x08000257   Thumb Code     0  libshutdown2.o(.ARM.Collect$$libshutdown$$00000009)
    __rt_lib_shutdown_heap_1                 0x08000257   Thumb Code     0  libshutdown2.o(.ARM.Collect$$libshutdown$$00000011)
    __rt_lib_shutdown_return                 0x08000257   Thumb Code     0  libshutdown2.o(.ARM.Collect$$libshutdown$$00000012)
    __rt_lib_shutdown_signal_1               0x08000257   Thumb Code     0  libshutdown2.o(.ARM.Collect$$libshutdown$$0000000C)
    __rt_lib_shutdown_stdio_1                0x08000257   Thumb Code     0  libshutdown2.o(.ARM.Collect$$libshutdown$$00000006)
    __rt_lib_shutdown_user_alloc_1           0x08000257   Thumb Code     0  libshutdown2.o(.ARM.Collect$$libshutdown$$0000000E)
    __rt_entry                               0x08000259   Thumb Code     0  __rtentry.o(.ARM.Collect$$rtentry$$00000000)
    __rt_entry_presh_1                       0x08000259   Thumb Code     0  __rtentry2.o(.ARM.Collect$$rtentry$$00000002)
    __rt_entry_sh                            0x08000259   Thumb Code     0  __rtentry4.o(.ARM.Collect$$rtentry$$00000004)
    __rt_entry_li                            0x0800025f   Thumb Code     0  __rtentry2.o(.ARM.Collect$$rtentry$$0000000A)
    __rt_entry_postsh_1                      0x0800025f   Thumb Code     0  __rtentry2.o(.ARM.Collect$$rtentry$$00000009)
    __rt_entry_main                          0x08000263   Thumb Code     0  __rtentry2.o(.ARM.Collect$$rtentry$$0000000D)
    __rt_entry_postli_1                      0x08000263   Thumb Code     0  __rtentry2.o(.ARM.Collect$$rtentry$$0000000C)
    __rt_exit                                0x0800026b   Thumb Code     0  rtexit.o(.ARM.Collect$$rtexit$$00000000)
    __rt_exit_ls                             0x0800026d   Thumb Code     0  rtexit2.o(.ARM.Collect$$rtexit$$00000003)
    __rt_exit_prels_1                        0x0800026d   Thumb Code     0  rtexit2.o(.ARM.Collect$$rtexit$$00000002)
    __rt_exit_exit                           0x08000271   Thumb Code     0  rtexit2.o(.ARM.Collect$$rtexit$$00000004)
    Data_Processing                          0x08000279   Thumb Code   544  main.o(.text)
    main                                     0x08000499   Thumb Code    74  main.o(.text)
    NMI_Handler                              0x08000591   Thumb Code     2  stm32f10x_it.o(.text)
    HardFault_Handler                        0x08000593   Thumb Code     4  stm32f10x_it.o(.text)
    MemManage_Handler                        0x08000597   Thumb Code     4  stm32f10x_it.o(.text)
    BusFault_Handler                         0x0800059b   Thumb Code     4  stm32f10x_it.o(.text)
    UsageFault_Handler                       0x0800059f   Thumb Code     4  stm32f10x_it.o(.text)
    SVC_Handler                              0x080005a3   Thumb Code     2  stm32f10x_it.o(.text)
    DebugMon_Handler                         0x080005a5   Thumb Code     2  stm32f10x_it.o(.text)
    PendSV_Handler                           0x080005a7   Thumb Code     2  stm32f10x_it.o(.text)
    SysTick_Handler                          0x080005a9   Thumb Code     2  stm32f10x_it.o(.text)
    SystemInit                               0x0800068b   Thumb Code    78  system_stm32f10x.o(.text)
    SystemCoreClockUpdate                    0x080006d9   Thumb Code   142  system_stm32f10x.o(.text)
    TIM4_Set                                 0x0800078d   Thumb Code    34  usart2.o(.text)
    USART2_IRQHandler                        0x080007af   Thumb Code    84  usart2.o(.text)
    TIM4_Init                                0x08000803   Thumb Code    82  usart2.o(.text)
    UART_DMA_Config                          0x08000855   Thumb Code    72  usart2.o(.text)
    USART2_Init                              0x0800089d   Thumb Code   212  usart2.o(.text)
    UART_DMA_Enable                          0x08000971   Thumb Code    32  usart2.o(.text)
    u2_printf                                0x08000991   Thumb Code    56  usart2.o(.text)
    TIM4_IRQHandler                          0x080009c9   Thumb Code    40  usart2.o(.text)
    USART3_IRQHandler                        0x08000a0d   Thumb Code    94  usart3.o(.text)
    usart3_init                              0x08000a6b   Thumb Code   192  usart3.o(.text)
    u3_printf                                0x08000b2b   Thumb Code    72  usart3.o(.text)
    TIM7_IRQHandler                          0x08000b8d   Thumb Code    42  timer.o(.text)
    TIM7_Int_Init                            0x08000bb7   Thumb Code    90  timer.o(.text)
    delay_init                               0x08000c19   Thumb Code    50  delay.o(.text)
    delay_us                                 0x08000c4b   Thumb Code    72  delay.o(.text)
    delay_ms                                 0x08000c93   Thumb Code    72  delay.o(.text)
    _sys_exit                                0x08000ced   Thumb Code     6  usart.o(.text)
    fputc                                    0x08000cf3   Thumb Code    24  usart.o(.text)
    uart_init                                0x08000d0b   Thumb Code   152  usart.o(.text)
    USART1_IRQHandler                        0x08000da3   Thumb Code   122  usart.o(.text)
    Reset_Handler                            0x08000e2d   Thumb Code     8  startup_stm32f10x_hd.o(.text)
    ADC1_2_IRQHandler                        0x08000e47   Thumb Code     0  startup_stm32f10x_hd.o(.text)
    ADC3_IRQHandler                          0x08000e47   Thumb Code     0  startup_stm32f10x_hd.o(.text)
    CAN1_RX1_IRQHandler                      0x08000e47   Thumb Code     0  startup_stm32f10x_hd.o(.text)
    CAN1_SCE_IRQHandler                      0x08000e47   Thumb Code     0  startup_stm32f10x_hd.o(.text)
    DMA1_Channel1_IRQHandler                 0x08000e47   Thumb Code     0  startup_stm32f10x_hd.o(.text)
    DMA1_Channel2_IRQHandler                 0x08000e47   Thumb Code     0  startup_stm32f10x_hd.o(.text)
    DMA1_Channel3_IRQHandler                 0x08000e47   Thumb Code     0  startup_stm32f10x_hd.o(.text)
    DMA1_Channel4_IRQHandler                 0x08000e47   Thumb Code     0  startup_stm32f10x_hd.o(.text)
    DMA1_Channel5_IRQHandler                 0x08000e47   Thumb Code     0  startup_stm32f10x_hd.o(.text)
    DMA1_Channel6_IRQHandler                 0x08000e47   Thumb Code     0  startup_stm32f10x_hd.o(.text)
    DMA1_Channel7_IRQHandler                 0x08000e47   Thumb Code     0  startup_stm32f10x_hd.o(.text)
    DMA2_Channel1_IRQHandler                 0x08000e47   Thumb Code     0  startup_stm32f10x_hd.o(.text)
    DMA2_Channel2_IRQHandler                 0x08000e47   Thumb Code     0  startup_stm32f10x_hd.o(.text)
    DMA2_Channel3_IRQHandler                 0x08000e47   Thumb Code     0  startup_stm32f10x_hd.o(.text)
    DMA2_Channel4_5_IRQHandler               0x08000e47   Thumb Code     0  startup_stm32f10x_hd.o(.text)
    EXTI0_IRQHandler                         0x08000e47   Thumb Code     0  startup_stm32f10x_hd.o(.text)
    EXTI15_10_IRQHandler                     0x08000e47   Thumb Code     0  startup_stm32f10x_hd.o(.text)
    EXTI1_IRQHandler                         0x08000e47   Thumb Code     0  startup_stm32f10x_hd.o(.text)
    EXTI2_IRQHandler                         0x08000e47   Thumb Code     0  startup_stm32f10x_hd.o(.text)
    EXTI3_IRQHandler                         0x08000e47   Thumb Code     0  startup_stm32f10x_hd.o(.text)
    EXTI4_IRQHandler                         0x08000e47   Thumb Code     0  startup_stm32f10x_hd.o(.text)
    EXTI9_5_IRQHandler                       0x08000e47   Thumb Code     0  startup_stm32f10x_hd.o(.text)
    FLASH_IRQHandler                         0x08000e47   Thumb Code     0  startup_stm32f10x_hd.o(.text)
    FSMC_IRQHandler                          0x08000e47   Thumb Code     0  startup_stm32f10x_hd.o(.text)
    I2C1_ER_IRQHandler                       0x08000e47   Thumb Code     0  startup_stm32f10x_hd.o(.text)
    I2C1_EV_IRQHandler                       0x08000e47   Thumb Code     0  startup_stm32f10x_hd.o(.text)
    I2C2_ER_IRQHandler                       0x08000e47   Thumb Code     0  startup_stm32f10x_hd.o(.text)
    I2C2_EV_IRQHandler                       0x08000e47   Thumb Code     0  startup_stm32f10x_hd.o(.text)
    PVD_IRQHandler                           0x08000e47   Thumb Code     0  startup_stm32f10x_hd.o(.text)
    RCC_IRQHandler                           0x08000e47   Thumb Code     0  startup_stm32f10x_hd.o(.text)
    RTCAlarm_IRQHandler                      0x08000e47   Thumb Code     0  startup_stm32f10x_hd.o(.text)
    RTC_IRQHandler                           0x08000e47   Thumb Code     0  startup_stm32f10x_hd.o(.text)
    SDIO_IRQHandler                          0x08000e47   Thumb Code     0  startup_stm32f10x_hd.o(.text)
    SPI1_IRQHandler                          0x08000e47   Thumb Code     0  startup_stm32f10x_hd.o(.text)
    SPI2_IRQHandler                          0x08000e47   Thumb Code     0  startup_stm32f10x_hd.o(.text)
    SPI3_IRQHandler                          0x08000e47   Thumb Code     0  startup_stm32f10x_hd.o(.text)
    TAMPER_IRQHandler                        0x08000e47   Thumb Code     0  startup_stm32f10x_hd.o(.text)
    TIM1_BRK_IRQHandler                      0x08000e47   Thumb Code     0  startup_stm32f10x_hd.o(.text)
    TIM1_CC_IRQHandler                       0x08000e47   Thumb Code     0  startup_stm32f10x_hd.o(.text)
    TIM1_TRG_COM_IRQHandler                  0x08000e47   Thumb Code     0  startup_stm32f10x_hd.o(.text)
    TIM1_UP_IRQHandler                       0x08000e47   Thumb Code     0  startup_stm32f10x_hd.o(.text)
    TIM2_IRQHandler                          0x08000e47   Thumb Code     0  startup_stm32f10x_hd.o(.text)
    TIM3_IRQHandler                          0x08000e47   Thumb Code     0  startup_stm32f10x_hd.o(.text)
    TIM5_IRQHandler                          0x08000e47   Thumb Code     0  startup_stm32f10x_hd.o(.text)
    TIM6_IRQHandler                          0x08000e47   Thumb Code     0  startup_stm32f10x_hd.o(.text)
    TIM8_BRK_IRQHandler                      0x08000e47   Thumb Code     0  startup_stm32f10x_hd.o(.text)
    TIM8_CC_IRQHandler                       0x08000e47   Thumb Code     0  startup_stm32f10x_hd.o(.text)
    TIM8_TRG_COM_IRQHandler                  0x08000e47   Thumb Code     0  startup_stm32f10x_hd.o(.text)
    TIM8_UP_IRQHandler                       0x08000e47   Thumb Code     0  startup_stm32f10x_hd.o(.text)
    UART4_IRQHandler                         0x08000e47   Thumb Code     0  startup_stm32f10x_hd.o(.text)
    UART5_IRQHandler                         0x08000e47   Thumb Code     0  startup_stm32f10x_hd.o(.text)
    USBWakeUp_IRQHandler                     0x08000e47   Thumb Code     0  startup_stm32f10x_hd.o(.text)
    USB_HP_CAN1_TX_IRQHandler                0x08000e47   Thumb Code     0  startup_stm32f10x_hd.o(.text)
    USB_LP_CAN1_RX0_IRQHandler               0x08000e47   Thumb Code     0  startup_stm32f10x_hd.o(.text)
    WWDG_IRQHandler                          0x08000e47   Thumb Code     0  startup_stm32f10x_hd.o(.text)
    __user_initial_stackheap                 0x08000e49   Thumb Code     0  startup_stm32f10x_hd.o(.text)
    GPIO_DeInit                              0x08000e6d   Thumb Code   172  stm32f10x_gpio.o(.text)
    GPIO_AFIODeInit                          0x08000f19   Thumb Code    20  stm32f10x_gpio.o(.text)
    GPIO_Init                                0x08000f2d   Thumb Code   278  stm32f10x_gpio.o(.text)
    GPIO_StructInit                          0x08001043   Thumb Code    16  stm32f10x_gpio.o(.text)
    GPIO_ReadInputDataBit                    0x08001053   Thumb Code    18  stm32f10x_gpio.o(.text)
    GPIO_ReadInputData                       0x08001065   Thumb Code     8  stm32f10x_gpio.o(.text)
    GPIO_ReadOutputDataBit                   0x0800106d   Thumb Code    18  stm32f10x_gpio.o(.text)
    GPIO_ReadOutputData                      0x0800107f   Thumb Code     8  stm32f10x_gpio.o(.text)
    GPIO_SetBits                             0x08001087   Thumb Code     4  stm32f10x_gpio.o(.text)
    GPIO_ResetBits                           0x0800108b   Thumb Code     4  stm32f10x_gpio.o(.text)
    GPIO_WriteBit                            0x0800108f   Thumb Code    10  stm32f10x_gpio.o(.text)
    GPIO_Write                               0x08001099   Thumb Code     4  stm32f10x_gpio.o(.text)
    GPIO_PinLockConfig                       0x0800109d   Thumb Code    18  stm32f10x_gpio.o(.text)
    GPIO_EventOutputConfig                   0x080010af   Thumb Code    26  stm32f10x_gpio.o(.text)
    GPIO_EventOutputCmd                      0x080010c9   Thumb Code     6  stm32f10x_gpio.o(.text)
    GPIO_PinRemapConfig                      0x080010cf   Thumb Code   138  stm32f10x_gpio.o(.text)
    GPIO_EXTILineConfig                      0x08001159   Thumb Code    66  stm32f10x_gpio.o(.text)
    GPIO_ETH_MediaInterfaceConfig            0x0800119b   Thumb Code     8  stm32f10x_gpio.o(.text)
    RCC_DeInit                               0x080011c9   Thumb Code    64  stm32f10x_rcc.o(.text)
    RCC_HSEConfig                            0x08001209   Thumb Code    70  stm32f10x_rcc.o(.text)
    RCC_GetFlagStatus                        0x0800124f   Thumb Code    56  stm32f10x_rcc.o(.text)
    RCC_WaitForHSEStartUp                    0x08001287   Thumb Code    56  stm32f10x_rcc.o(.text)
    RCC_AdjustHSICalibrationValue            0x080012bf   Thumb Code    20  stm32f10x_rcc.o(.text)
    RCC_HSICmd                               0x080012d3   Thumb Code     6  stm32f10x_rcc.o(.text)
    RCC_PLLConfig                            0x080012d9   Thumb Code    24  stm32f10x_rcc.o(.text)
    RCC_PLLCmd                               0x080012f1   Thumb Code     6  stm32f10x_rcc.o(.text)
    RCC_SYSCLKConfig                         0x080012f7   Thumb Code    18  stm32f10x_rcc.o(.text)
    RCC_GetSYSCLKSource                      0x08001309   Thumb Code    10  stm32f10x_rcc.o(.text)
    RCC_HCLKConfig                           0x08001313   Thumb Code    18  stm32f10x_rcc.o(.text)
    RCC_PCLK1Config                          0x08001325   Thumb Code    18  stm32f10x_rcc.o(.text)
    RCC_PCLK2Config                          0x08001337   Thumb Code    20  stm32f10x_rcc.o(.text)
    RCC_ITConfig                             0x0800134b   Thumb Code    26  stm32f10x_rcc.o(.text)
    RCC_USBCLKConfig                         0x08001365   Thumb Code     8  stm32f10x_rcc.o(.text)
    RCC_ADCCLKConfig                         0x0800136d   Thumb Code    18  stm32f10x_rcc.o(.text)
    RCC_LSEConfig                            0x0800137f   Thumb Code    50  stm32f10x_rcc.o(.text)
    RCC_LSICmd                               0x080013b1   Thumb Code     6  stm32f10x_rcc.o(.text)
    RCC_RTCCLKConfig                         0x080013b7   Thumb Code    12  stm32f10x_rcc.o(.text)
    RCC_RTCCLKCmd                            0x080013c3   Thumb Code     8  stm32f10x_rcc.o(.text)
    RCC_GetClocksFreq                        0x080013cb   Thumb Code   192  stm32f10x_rcc.o(.text)
    RCC_AHBPeriphClockCmd                    0x0800148b   Thumb Code    26  stm32f10x_rcc.o(.text)
    RCC_APB2PeriphClockCmd                   0x080014a5   Thumb Code    26  stm32f10x_rcc.o(.text)
    RCC_APB1PeriphClockCmd                   0x080014bf   Thumb Code    26  stm32f10x_rcc.o(.text)
    RCC_APB2PeriphResetCmd                   0x080014d9   Thumb Code    26  stm32f10x_rcc.o(.text)
    RCC_APB1PeriphResetCmd                   0x080014f3   Thumb Code    26  stm32f10x_rcc.o(.text)
    RCC_BackupResetCmd                       0x0800150d   Thumb Code     8  stm32f10x_rcc.o(.text)
    RCC_ClockSecuritySystemCmd               0x08001515   Thumb Code     6  stm32f10x_rcc.o(.text)
    RCC_MCOConfig                            0x0800151b   Thumb Code     6  stm32f10x_rcc.o(.text)
    RCC_ClearFlag                            0x08001521   Thumb Code    14  stm32f10x_rcc.o(.text)
    RCC_GetITStatus                          0x0800152f   Thumb Code    20  stm32f10x_rcc.o(.text)
    RCC_ClearITPendingBit                    0x08001543   Thumb Code     6  stm32f10x_rcc.o(.text)
    USART_DeInit                             0x0800156d   Thumb Code   134  stm32f10x_usart.o(.text)
    USART_Init                               0x080015f3   Thumb Code   210  stm32f10x_usart.o(.text)
    USART_StructInit                         0x080016c5   Thumb Code    24  stm32f10x_usart.o(.text)
    USART_ClockInit                          0x080016dd   Thumb Code    34  stm32f10x_usart.o(.text)
    USART_ClockStructInit                    0x080016ff   Thumb Code    12  stm32f10x_usart.o(.text)
    USART_Cmd                                0x0800170b   Thumb Code    24  stm32f10x_usart.o(.text)
    USART_ITConfig                           0x08001723   Thumb Code    74  stm32f10x_usart.o(.text)
    USART_DMACmd                             0x0800176d   Thumb Code    18  stm32f10x_usart.o(.text)
    USART_SetAddress                         0x0800177f   Thumb Code    18  stm32f10x_usart.o(.text)
    USART_WakeUpConfig                       0x08001791   Thumb Code    18  stm32f10x_usart.o(.text)
    USART_ReceiverWakeUpCmd                  0x080017a3   Thumb Code    24  stm32f10x_usart.o(.text)
    USART_LINBreakDetectLengthConfig         0x080017bb   Thumb Code    18  stm32f10x_usart.o(.text)
    USART_LINCmd                             0x080017cd   Thumb Code    24  stm32f10x_usart.o(.text)
    USART_SendData                           0x080017e5   Thumb Code     8  stm32f10x_usart.o(.text)
    USART_ReceiveData                        0x080017ed   Thumb Code    10  stm32f10x_usart.o(.text)
    USART_SendBreak                          0x080017f7   Thumb Code    10  stm32f10x_usart.o(.text)
    USART_SetGuardTime                       0x08001801   Thumb Code    16  stm32f10x_usart.o(.text)
    USART_SetPrescaler                       0x08001811   Thumb Code    16  stm32f10x_usart.o(.text)
    USART_SmartCardCmd                       0x08001821   Thumb Code    24  stm32f10x_usart.o(.text)
    USART_SmartCardNACKCmd                   0x08001839   Thumb Code    24  stm32f10x_usart.o(.text)
    USART_HalfDuplexCmd                      0x08001851   Thumb Code    24  stm32f10x_usart.o(.text)
    USART_OverSampling8Cmd                   0x08001869   Thumb Code    22  stm32f10x_usart.o(.text)
    USART_OneBitMethodCmd                    0x0800187f   Thumb Code    24  stm32f10x_usart.o(.text)
    USART_IrDAConfig                         0x08001897   Thumb Code    18  stm32f10x_usart.o(.text)
    USART_IrDACmd                            0x080018a9   Thumb Code    24  stm32f10x_usart.o(.text)
    USART_GetFlagStatus                      0x080018c1   Thumb Code    26  stm32f10x_usart.o(.text)
    USART_ClearFlag                          0x080018db   Thumb Code    18  stm32f10x_usart.o(.text)
    USART_GetITStatus                        0x080018ed   Thumb Code    84  stm32f10x_usart.o(.text)
    USART_ClearITPendingBit                  0x08001941   Thumb Code    52  stm32f10x_usart.o(.text)
    NVIC_PriorityGroupConfig                 0x08001975   Thumb Code    10  misc.o(.text)
    NVIC_Init                                0x0800197f   Thumb Code   100  misc.o(.text)
    NVIC_SetVectorTable                      0x080019e3   Thumb Code    14  misc.o(.text)
    NVIC_SystemLPConfig                      0x080019f1   Thumb Code    34  misc.o(.text)
    SysTick_CLKSourceConfig                  0x08001a13   Thumb Code    40  misc.o(.text)
    DMA_DeInit                               0x08001a51   Thumb Code   324  stm32f10x_dma.o(.text)
    DMA_Init                                 0x08001b95   Thumb Code    60  stm32f10x_dma.o(.text)
    DMA_StructInit                           0x08001bd1   Thumb Code    26  stm32f10x_dma.o(.text)
    DMA_Cmd                                  0x08001beb   Thumb Code    24  stm32f10x_dma.o(.text)
    DMA_ITConfig                             0x08001c03   Thumb Code    18  stm32f10x_dma.o(.text)
    DMA_SetCurrDataCounter                   0x08001c15   Thumb Code     4  stm32f10x_dma.o(.text)
    DMA_GetCurrDataCounter                   0x08001c19   Thumb Code     8  stm32f10x_dma.o(.text)
    DMA_GetFlagStatus                        0x08001c21   Thumb Code    40  stm32f10x_dma.o(.text)
    DMA_ClearFlag                            0x08001c49   Thumb Code    22  stm32f10x_dma.o(.text)
    DMA_GetITStatus                          0x08001c5f   Thumb Code    40  stm32f10x_dma.o(.text)
    DMA_ClearITPendingBit                    0x08001c87   Thumb Code    22  stm32f10x_dma.o(.text)
    TIM_DeInit                               0x08001ca5   Thumb Code   424  stm32f10x_tim.o(.text)
    TIM_TimeBaseInit                         0x08001e4d   Thumb Code   122  stm32f10x_tim.o(.text)
    TIM_OC1Init                              0x08001ec7   Thumb Code   132  stm32f10x_tim.o(.text)
    TIM_OC2Init                              0x08001f4b   Thumb Code   154  stm32f10x_tim.o(.text)
    TIM_OC3Init                              0x08001fe5   Thumb Code   150  stm32f10x_tim.o(.text)
    TIM_OC4Init                              0x0800207b   Thumb Code   182  stm32f10x_tim.o(.text)
    TIM_SetIC4Prescaler                      0x08002131   Thumb Code    26  stm32f10x_tim.o(.text)
    TIM_SetIC3Prescaler                      0x080021cd   Thumb Code    18  stm32f10x_tim.o(.text)
    TIM_SetIC2Prescaler                      0x08002259   Thumb Code    26  stm32f10x_tim.o(.text)
    TIM_SetIC1Prescaler                      0x080022f5   Thumb Code    18  stm32f10x_tim.o(.text)
    TIM_ICInit                               0x08002373   Thumb Code   150  stm32f10x_tim.o(.text)
    TIM_PWMIConfig                           0x08002409   Thumb Code   124  stm32f10x_tim.o(.text)
    TIM_BDTRConfig                           0x08002485   Thumb Code    32  stm32f10x_tim.o(.text)
    TIM_TimeBaseStructInit                   0x080024a5   Thumb Code    18  stm32f10x_tim.o(.text)
    TIM_OCStructInit                         0x080024b7   Thumb Code    20  stm32f10x_tim.o(.text)
    TIM_ICStructInit                         0x080024cb   Thumb Code    18  stm32f10x_tim.o(.text)
    TIM_BDTRStructInit                       0x080024dd   Thumb Code    40  stm32f10x_tim.o(.text)
    TIM_Cmd                                  0x08002505   Thumb Code    24  stm32f10x_tim.o(.text)
    TIM_CtrlPWMOutputs                       0x0800251d   Thumb Code    30  stm32f10x_tim.o(.text)
    TIM_ITConfig                             0x0800253b   Thumb Code    18  stm32f10x_tim.o(.text)
    TIM_GenerateEvent                        0x0800254d   Thumb Code     4  stm32f10x_tim.o(.text)
    TIM_DMAConfig                            0x08002551   Thumb Code    10  stm32f10x_tim.o(.text)
    TIM_DMACmd                               0x0800255b   Thumb Code    18  stm32f10x_tim.o(.text)
    TIM_InternalClockConfig                  0x0800256d   Thumb Code    12  stm32f10x_tim.o(.text)
    TIM_SelectInputTrigger                   0x08002579   Thumb Code    18  stm32f10x_tim.o(.text)
    TIM_ITRxExternalClockConfig              0x0800258b   Thumb Code    24  stm32f10x_tim.o(.text)
    TIM_TIxExternalClockConfig               0x080025a3   Thumb Code    62  stm32f10x_tim.o(.text)
    TIM_ETRConfig                            0x080025e1   Thumb Code    28  stm32f10x_tim.o(.text)
    TIM_ETRClockMode1Config                  0x080025fd   Thumb Code    54  stm32f10x_tim.o(.text)
    TIM_ETRClockMode2Config                  0x08002633   Thumb Code    32  stm32f10x_tim.o(.text)
    TIM_PrescalerConfig                      0x08002653   Thumb Code     6  stm32f10x_tim.o(.text)
    TIM_CounterModeConfig                    0x08002659   Thumb Code    18  stm32f10x_tim.o(.text)
    TIM_EncoderInterfaceConfig               0x0800266b   Thumb Code    66  stm32f10x_tim.o(.text)
    TIM_ForcedOC1Config                      0x080026ad   Thumb Code    18  stm32f10x_tim.o(.text)
    TIM_ForcedOC2Config                      0x080026bf   Thumb Code    26  stm32f10x_tim.o(.text)
    TIM_ForcedOC3Config                      0x080026d9   Thumb Code    18  stm32f10x_tim.o(.text)
    TIM_ForcedOC4Config                      0x080026eb   Thumb Code    26  stm32f10x_tim.o(.text)
    TIM_ARRPreloadConfig                     0x08002705   Thumb Code    24  stm32f10x_tim.o(.text)
    TIM_SelectCOM                            0x0800271d   Thumb Code    24  stm32f10x_tim.o(.text)
    TIM_SelectCCDMA                          0x08002735   Thumb Code    24  stm32f10x_tim.o(.text)
    TIM_CCPreloadControl                     0x0800274d   Thumb Code    24  stm32f10x_tim.o(.text)
    TIM_OC1PreloadConfig                     0x08002765   Thumb Code    18  stm32f10x_tim.o(.text)
    TIM_OC2PreloadConfig                     0x08002777   Thumb Code    26  stm32f10x_tim.o(.text)
    TIM_OC3PreloadConfig                     0x08002791   Thumb Code    18  stm32f10x_tim.o(.text)
    TIM_OC4PreloadConfig                     0x080027a3   Thumb Code    26  stm32f10x_tim.o(.text)
    TIM_OC1FastConfig                        0x080027bd   Thumb Code    18  stm32f10x_tim.o(.text)
    TIM_OC2FastConfig                        0x080027cf   Thumb Code    26  stm32f10x_tim.o(.text)
    TIM_OC3FastConfig                        0x080027e9   Thumb Code    18  stm32f10x_tim.o(.text)
    TIM_OC4FastConfig                        0x080027fb   Thumb Code    26  stm32f10x_tim.o(.text)
    TIM_ClearOC1Ref                          0x08002815   Thumb Code    18  stm32f10x_tim.o(.text)
    TIM_ClearOC2Ref                          0x08002827   Thumb Code    24  stm32f10x_tim.o(.text)
    TIM_ClearOC3Ref                          0x0800283f   Thumb Code    18  stm32f10x_tim.o(.text)
    TIM_ClearOC4Ref                          0x08002851   Thumb Code    24  stm32f10x_tim.o(.text)
    TIM_OC1PolarityConfig                    0x08002869   Thumb Code    18  stm32f10x_tim.o(.text)
    TIM_OC1NPolarityConfig                   0x0800287b   Thumb Code    18  stm32f10x_tim.o(.text)
    TIM_OC2PolarityConfig                    0x0800288d   Thumb Code    26  stm32f10x_tim.o(.text)
    TIM_OC2NPolarityConfig                   0x080028a7   Thumb Code    26  stm32f10x_tim.o(.text)
    TIM_OC3PolarityConfig                    0x080028c1   Thumb Code    26  stm32f10x_tim.o(.text)
    TIM_OC3NPolarityConfig                   0x080028db   Thumb Code    26  stm32f10x_tim.o(.text)
    TIM_OC4PolarityConfig                    0x080028f5   Thumb Code    26  stm32f10x_tim.o(.text)
    TIM_CCxCmd                               0x0800290f   Thumb Code    30  stm32f10x_tim.o(.text)
    TIM_CCxNCmd                              0x0800292d   Thumb Code    30  stm32f10x_tim.o(.text)
    TIM_SelectOCxM                           0x0800294b   Thumb Code    82  stm32f10x_tim.o(.text)
    TIM_UpdateDisableConfig                  0x0800299d   Thumb Code    24  stm32f10x_tim.o(.text)
    TIM_UpdateRequestConfig                  0x080029b5   Thumb Code    24  stm32f10x_tim.o(.text)
    TIM_SelectHallSensor                     0x080029cd   Thumb Code    24  stm32f10x_tim.o(.text)
    TIM_SelectOnePulseMode                   0x080029e5   Thumb Code    18  stm32f10x_tim.o(.text)
    TIM_SelectOutputTrigger                  0x080029f7   Thumb Code    18  stm32f10x_tim.o(.text)
    TIM_SelectSlaveMode                      0x08002a09   Thumb Code    18  stm32f10x_tim.o(.text)
    TIM_SelectMasterSlaveMode                0x08002a1b   Thumb Code    18  stm32f10x_tim.o(.text)
    TIM_SetCounter                           0x08002a2d   Thumb Code     4  stm32f10x_tim.o(.text)
    TIM_SetAutoreload                        0x08002a31   Thumb Code     4  stm32f10x_tim.o(.text)
    TIM_SetCompare1                          0x08002a35   Thumb Code     4  stm32f10x_tim.o(.text)
    TIM_SetCompare2                          0x08002a39   Thumb Code     4  stm32f10x_tim.o(.text)
    TIM_SetCompare3                          0x08002a3d   Thumb Code     4  stm32f10x_tim.o(.text)
    TIM_SetCompare4                          0x08002a41   Thumb Code     6  stm32f10x_tim.o(.text)
    TIM_SetClockDivision                     0x08002a47   Thumb Code    18  stm32f10x_tim.o(.text)
    TIM_GetCapture1                          0x08002a59   Thumb Code     6  stm32f10x_tim.o(.text)
    TIM_GetCapture2                          0x08002a5f   Thumb Code     6  stm32f10x_tim.o(.text)
    TIM_GetCapture3                          0x08002a65   Thumb Code     6  stm32f10x_tim.o(.text)
    TIM_GetCapture4                          0x08002a6b   Thumb Code     8  stm32f10x_tim.o(.text)
    TIM_GetCounter                           0x08002a73   Thumb Code     6  stm32f10x_tim.o(.text)
    TIM_GetPrescaler                         0x08002a79   Thumb Code     6  stm32f10x_tim.o(.text)
    TIM_GetFlagStatus                        0x08002a7f   Thumb Code    18  stm32f10x_tim.o(.text)
    TIM_ClearFlag                            0x08002a91   Thumb Code     6  stm32f10x_tim.o(.text)
    TIM_GetITStatus                          0x08002a97   Thumb Code    34  stm32f10x_tim.o(.text)
    TIM_ClearITPendingBit                    0x08002ab9   Thumb Code     6  stm32f10x_tim.o(.text)
    __use_no_semihosting                     0x08002abf   Thumb Code     2  use_no_semi_2.o(.text)
    __c89vsprintf                            0x08002ac1   Thumb Code    32  c89vsprintf.o(.text)
    __2printf                                0x08002ae5   Thumb Code    20  __2printf.o(.text)
    _printf_longlong_hex                     0x08002afd   Thumb Code    86  _printf_hex_int_ll_ptr.o(.text)
    _printf_int_hex                          0x08002b53   Thumb Code    28  _printf_hex_int_ll_ptr.o(.text)
    _printf_ll_hex                           0x08002b6f   Thumb Code    12  _printf_hex_int_ll_ptr.o(.text)
    _printf_hex_ptr                          0x08002b7b   Thumb Code    18  _printf_hex_int_ll_ptr.o(.text)
    __printf                                 0x08002b91   Thumb Code   388  __printf_flags_ss_wp.o(.text)
    strlen                                   0x08002d19   Thumb Code    62  strlen.o(.text)
    __use_two_region_memory                  0x08002d57   Thumb Code     2  heapauxi.o(.text)
    __rt_heap_escrow$2region                 0x08002d59   Thumb Code     2  heapauxi.o(.text)
    __rt_heap_expand$2region                 0x08002d5b   Thumb Code     2  heapauxi.o(.text)
    __I$use$semihosting                      0x08002d5d   Thumb Code     0  use_no_semi.o(.text)
    __use_no_semihosting_swi                 0x08002d5d   Thumb Code     2  use_no_semi.o(.text)
    _printf_pre_padding                      0x08002d5f   Thumb Code    44  _printf_pad.o(.text)
    _printf_post_padding                     0x08002d8b   Thumb Code    34  _printf_pad.o(.text)
    _printf_truncate_signed                  0x08002dad   Thumb Code    18  _printf_truncate.o(.text)
    _printf_truncate_unsigned                0x08002dbf   Thumb Code    18  _printf_truncate.o(.text)
    _printf_str                              0x08002dd1   Thumb Code    82  _printf_str.o(.text)
    _printf_int_common                       0x08002e23   Thumb Code   178  _printf_intcommon.o(.text)
    _printf_int_dec                          0x08002ed5   Thumb Code   104  _printf_dec.o(.text)
    _printf_charcount                        0x08002f4d   Thumb Code    40  _printf_charcount.o(.text)
    __lib_sel_fp_printf                      0x08002f75   Thumb Code     2  _printf_fp_dec.o(.text)
    _printf_fp_dec_real                      0x08003127   Thumb Code   620  _printf_fp_dec.o(.text)
    _printf_char_common                      0x0800339f   Thumb Code    32  _printf_char_common.o(.text)
    _sputc                                   0x080033c5   Thumb Code    10  _sputc.o(.text)
    _printf_char_file                        0x080033d1   Thumb Code    32  _printf_char_file.o(.text)
    _printf_wctomb                           0x080033f5   Thumb Code   182  _printf_wctomb.o(.text)
    _printf_longlong_dec                     0x080034b1   Thumb Code   108  _printf_longlong_dec.o(.text)
    _printf_longlong_oct                     0x0800352d   Thumb Code    66  _printf_oct_int_ll.o(.text)
    _printf_int_oct                          0x0800356f   Thumb Code    24  _printf_oct_int_ll.o(.text)
    _printf_ll_oct                           0x08003587   Thumb Code    12  _printf_oct_int_ll.o(.text)
    __rt_locale                              0x0800359d   Thumb Code     8  rt_locale_intlibspace.o(.text)
    _ll_udiv10                               0x080035a5   Thumb Code   138  lludiv10.o(.text)
    _printf_fp_infnan                        0x08003631   Thumb Code   112  _printf_fp_infnan.o(.text)
    _printf_cs_common                        0x080036b1   Thumb Code    20  _printf_char.o(.text)
    _printf_char                             0x080036c5   Thumb Code    16  _printf_char.o(.text)
    _printf_string                           0x080036d5   Thumb Code     8  _printf_char.o(.text)
    _printf_lcs_common                       0x080036dd   Thumb Code    20  _printf_wchar.o(.text)
    _printf_wchar                            0x080036f1   Thumb Code    16  _printf_wchar.o(.text)
    _printf_wstring                          0x08003701   Thumb Code     8  _printf_wchar.o(.text)
    _btod_etento                             0x08003709   Thumb Code   224  bigflt0.o(.text)
    ferror                                   0x080037ed   Thumb Code     8  ferror.o(.text)
    _wcrtomb                                 0x080037f5   Thumb Code    64  _wcrtomb.o(.text)
    __user_libspace                          0x08003835   Thumb Code     8  libspace.o(.text)
    __user_perproc_libspace                  0x08003835   Thumb Code     0  libspace.o(.text)
    __user_perthread_libspace                0x08003835   Thumb Code     0  libspace.o(.text)
    __user_setup_stackheap                   0x0800383d   Thumb Code    74  sys_stackheap_outer.o(.text)
    __rt_ctype_table                         0x08003889   Thumb Code    16  rt_ctype_table.o(.text)
    exit                                     0x08003899   Thumb Code    18  exit.o(.text)
    strcmp                                   0x080038ad   Thumb Code   128  strcmpv7m.o(.text)
    _btod_d2e                                0x0800392d   Thumb Code    62  btod.o(CL$$btod_d2e)
    _d2e_denorm_low                          0x0800396b   Thumb Code    70  btod.o(CL$$btod_d2e_denorm_low)
    _d2e_norm_op1                            0x080039b1   Thumb Code    96  btod.o(CL$$btod_d2e_norm_op1)
    __btod_div_common                        0x08003a11   Thumb Code   696  btod.o(CL$$btod_div_common)
    _e2e                                     0x08003d49   Thumb Code   220  btod.o(CL$$btod_e2e)
    _btod_ediv                               0x08003e25   Thumb Code    42  btod.o(CL$$btod_ediv)
    _btod_emul                               0x08003e4f   Thumb Code    42  btod.o(CL$$btod_emul)
    __btod_mult_common                       0x08003e79   Thumb Code   580  btod.o(CL$$btod_mult_common)
    __ARM_fpclassify                         0x080040bd   Thumb Code    40  fpclassify.o(i.__ARM_fpclassify)
    _is_digit                                0x080040e5   Thumb Code    14  __printf_wp.o(i._is_digit)
    _get_lc_numeric                          0x080040f5   Thumb Code    44  lc_numeric_c.o(locale$$code)
    _get_lc_ctype                            0x08004121   Thumb Code    44  lc_ctype_c.o(locale$$code)
    __aeabi_ddiv                             0x0800414d   Thumb Code     0  ddiv.o(x$fpl$ddiv)
    _ddiv                                    0x0800414d   Thumb Code   552  ddiv.o(x$fpl$ddiv)
    __aeabi_ui2d                             0x080043fd   Thumb Code     0  dflt_clz.o(x$fpl$dfltu)
    _dfltu                                   0x080043fd   Thumb Code    38  dflt_clz.o(x$fpl$dfltu)
    __fpl_dnaninf                            0x08004423   Thumb Code   156  dnaninf.o(x$fpl$dnaninf)
    __fpl_dretinf                            0x080044bf   Thumb Code    12  dretinf.o(x$fpl$dretinf)
    __aeabi_f2d                              0x080044cd   Thumb Code     0  f2d.o(x$fpl$f2d)
    _f2d                                     0x080044cd   Thumb Code    86  f2d.o(x$fpl$f2d)
    __aeabi_fdiv                             0x08004525   Thumb Code     0  fdiv.o(x$fpl$fdiv)
    _fdiv                                    0x08004525   Thumb Code   384  fdiv.o(x$fpl$fdiv)
    __aeabi_f2uiz                            0x080046a9   Thumb Code     0  ffixu.o(x$fpl$ffixu)
    _ffixu                                   0x080046a9   Thumb Code    62  ffixu.o(x$fpl$ffixu)
    __aeabi_ui2f                             0x080046e9   Thumb Code     0  fflt_clz.o(x$fpl$ffltu)
    _ffltu                                   0x080046e9   Thumb Code    38  fflt_clz.o(x$fpl$ffltu)
    __aeabi_fmul                             0x08004711   Thumb Code     0  fmul.o(x$fpl$fmul)
    _fmul                                    0x08004711   Thumb Code   258  fmul.o(x$fpl$fmul)
    __fpl_fnaninf                            0x08004813   Thumb Code   140  fnaninf.o(x$fpl$fnaninf)
    __fpl_fretinf                            0x0800489f   Thumb Code    10  fretinf.o(x$fpl$fretinf)
    _printf_fp_dec                           0x080048a9   Thumb Code     4  printf1.o(x$fpl$printf1)
    __I$use$fp                               0x080048ac   Number         0  usenofp.o(x$fpl$usenofp)
    Region$$Table$$Base                      0x08004984   Number         0  anon$$obj.o(Region$$Table)
    Region$$Table$$Limit                     0x080049a4   Number         0  anon$$obj.o(Region$$Table)
    __ctype                                  0x080049cd   Data           0  lc_ctype_c.o(locale$$data)
    k                                        0x20000000   Data           1  main.o(.data)
    old_reg                                  0x20000002   Data           2  main.o(.data)
    Ue                                       0x20000004   Data           4  main.o(.data)
    Ce                                       0x20000008   Data           4  main.o(.data)
    SystemCoreClock                          0x2000000c   Data           4  system_stm32f10x.o(.data)
    AHBPrescTable                            0x20000010   Data          16  system_stm32f10x.o(.data)
    USART2_RX_STA                            0x20000020   Data           2  usart2.o(.data)
    USART3_RX_STA                            0x20000022   Data           2  usart3.o(.data)
    __stdout                                 0x20000028   Data           4  usart.o(.data)
    USART_RX_STA                             0x2000002c   Data           2  usart.o(.data)
    USART2_TX_BUF                            0x20000048   Data        1024  usart2.o(.bss)
    USART2_RX_BUF                            0x20000448   Data        1024  usart2.o(.bss)
    USART3_RX_BUF                            0x20000848   Data         600  usart3.o(.bss)
    USART3_TX_BUF                            0x20000aa0   Data         600  usart3.o(.bss)
    USART_RX_BUF                             0x20000cf8   Data         200  usart.o(.bss)
    __libspace_start                         0x20000dc0   Data          96  libspace.o(.bss)
    __temporary_stack_top$libspace           0x20000e20   Data           0  libspace.o(.bss)



==============================================================================

Memory Map of the image

  Image Entry point : 0x08000131

  Load Region LR_IROM1 (Base: 0x08000000, Size: 0x00004b14, Max: 0x00040000, ABSOLUTE)

    Execution Region ER_IROM1 (Exec base: 0x08000000, Load base: 0x08000000, Size: 0x00004ad0, Max: 0x00040000, ABSOLUTE)

    Exec Addr    Load Addr    Size         Type   Attr      Idx    E Section Name        Object

    0x08000000   0x08000000   0x00000130   Data   RO          356    RESET               startup_stm32f10x_hd.o
    0x08000130   0x08000130   0x00000008   Code   RO          651  * !!!main             c_w.l(__main.o)
    0x08000138   0x08000138   0x00000034   Code   RO          965    !!!scatter          c_w.l(__scatter.o)
    0x0800016c   0x0800016c   0x0000001a   Code   RO          967    !!handler_copy      c_w.l(__scatter_copy.o)
    0x08000186   0x08000186   0x00000002   PAD
    0x08000188   0x08000188   0x0000001c   Code   RO          969    !!handler_zi        c_w.l(__scatter_zi.o)
    0x080001a4   0x080001a4   0x00000000   Code   RO          646    .ARM.Collect$$_printf_percent$$00000000  c_w.l(_printf_percent.o)
    0x080001a4   0x080001a4   0x00000006   Code   RO          725    .ARM.Collect$$_printf_percent$$00000001  c_w.l(_printf_n.o)
    0x080001aa   0x080001aa   0x00000006   Code   RO          726    .ARM.Collect$$_printf_percent$$00000002  c_w.l(_printf_p.o)
    0x080001b0   0x080001b0   0x00000006   Code   RO          645    .ARM.Collect$$_printf_percent$$00000003  c_w.l(_printf_f.o)
    0x080001b6   0x080001b6   0x00000006   Code   RO          731    .ARM.Collect$$_printf_percent$$00000004  c_w.l(_printf_e.o)
    0x080001bc   0x080001bc   0x00000006   Code   RO          732    .ARM.Collect$$_printf_percent$$00000005  c_w.l(_printf_g.o)
    0x080001c2   0x080001c2   0x00000006   Code   RO          733    .ARM.Collect$$_printf_percent$$00000006  c_w.l(_printf_a.o)
    0x080001c8   0x080001c8   0x0000000a   Code   RO          738    .ARM.Collect$$_printf_percent$$00000007  c_w.l(_printf_ll.o)
    0x080001d2   0x080001d2   0x00000006   Code   RO          728    .ARM.Collect$$_printf_percent$$00000008  c_w.l(_printf_i.o)
    0x080001d8   0x080001d8   0x00000006   Code   RO          729    .ARM.Collect$$_printf_percent$$00000009  c_w.l(_printf_d.o)
    0x080001de   0x080001de   0x00000006   Code   RO          730    .ARM.Collect$$_printf_percent$$0000000A  c_w.l(_printf_u.o)
    0x080001e4   0x080001e4   0x00000006   Code   RO          727    .ARM.Collect$$_printf_percent$$0000000B  c_w.l(_printf_o.o)
    0x080001ea   0x080001ea   0x00000006   Code   RO          644    .ARM.Collect$$_printf_percent$$0000000C  c_w.l(_printf_x.o)
    0x080001f0   0x080001f0   0x00000006   Code   RO          735    .ARM.Collect$$_printf_percent$$0000000D  c_w.l(_printf_lli.o)
    0x080001f6   0x080001f6   0x00000006   Code   RO          736    .ARM.Collect$$_printf_percent$$0000000E  c_w.l(_printf_lld.o)
    0x080001fc   0x080001fc   0x00000006   Code   RO          737    .ARM.Collect$$_printf_percent$$0000000F  c_w.l(_printf_llu.o)
    0x08000202   0x08000202   0x00000006   Code   RO          742    .ARM.Collect$$_printf_percent$$00000010  c_w.l(_printf_llo.o)
    0x08000208   0x08000208   0x00000006   Code   RO          743    .ARM.Collect$$_printf_percent$$00000011  c_w.l(_printf_llx.o)
    0x0800020e   0x0800020e   0x0000000a   Code   RO          739    .ARM.Collect$$_printf_percent$$00000012  c_w.l(_printf_l.o)
    0x08000218   0x08000218   0x00000006   Code   RO          723    .ARM.Collect$$_printf_percent$$00000013  c_w.l(_printf_c.o)
    0x0800021e   0x0800021e   0x00000006   Code   RO          724    .ARM.Collect$$_printf_percent$$00000014  c_w.l(_printf_s.o)
    0x08000224   0x08000224   0x00000006   Code   RO          740    .ARM.Collect$$_printf_percent$$00000015  c_w.l(_printf_lc.o)
    0x0800022a   0x0800022a   0x00000006   Code   RO          741    .ARM.Collect$$_printf_percent$$00000016  c_w.l(_printf_ls.o)
    0x08000230   0x08000230   0x00000004   Code   RO          734    .ARM.Collect$$_printf_percent$$00000017  c_w.l(_printf_percent_end.o)
    0x08000234   0x08000234   0x00000002   Code   RO          837    .ARM.Collect$$libinit$$00000000  c_w.l(libinit.o)
    0x08000236   0x08000236   0x00000000   Code   RO          839    .ARM.Collect$$libinit$$00000002  c_w.l(libinit2.o)
    0x08000236   0x08000236   0x00000000   Code   RO          841    .ARM.Collect$$libinit$$00000004  c_w.l(libinit2.o)
    0x08000236   0x08000236   0x00000000   Code   RO          844    .ARM.Collect$$libinit$$0000000A  c_w.l(libinit2.o)
    0x08000236   0x08000236   0x00000000   Code   RO          846    .ARM.Collect$$libinit$$0000000C  c_w.l(libinit2.o)
    0x08000236   0x08000236   0x00000000   Code   RO          848    .ARM.Collect$$libinit$$0000000E  c_w.l(libinit2.o)
    0x08000236   0x08000236   0x00000006   Code   RO          849    .ARM.Collect$$libinit$$0000000F  c_w.l(libinit2.o)
    0x0800023c   0x0800023c   0x00000000   Code   RO          851    .ARM.Collect$$libinit$$00000011  c_w.l(libinit2.o)
    0x0800023c   0x0800023c   0x0000000c   Code   RO          852    .ARM.Collect$$libinit$$00000012  c_w.l(libinit2.o)
    0x08000248   0x08000248   0x00000000   Code   RO          853    .ARM.Collect$$libinit$$00000013  c_w.l(libinit2.o)
    0x08000248   0x08000248   0x00000000   Code   RO          855    .ARM.Collect$$libinit$$00000015  c_w.l(libinit2.o)
    0x08000248   0x08000248   0x0000000a   Code   RO          856    .ARM.Collect$$libinit$$00000016  c_w.l(libinit2.o)
    0x08000252   0x08000252   0x00000000   Code   RO          857    .ARM.Collect$$libinit$$00000017  c_w.l(libinit2.o)
    0x08000252   0x08000252   0x00000000   Code   RO          859    .ARM.Collect$$libinit$$00000019  c_w.l(libinit2.o)
    0x08000252   0x08000252   0x00000000   Code   RO          861    .ARM.Collect$$libinit$$0000001B  c_w.l(libinit2.o)
    0x08000252   0x08000252   0x00000000   Code   RO          863    .ARM.Collect$$libinit$$0000001D  c_w.l(libinit2.o)
    0x08000252   0x08000252   0x00000000   Code   RO          865    .ARM.Collect$$libinit$$0000001F  c_w.l(libinit2.o)
    0x08000252   0x08000252   0x00000000   Code   RO          867    .ARM.Collect$$libinit$$00000021  c_w.l(libinit2.o)
    0x08000252   0x08000252   0x00000000   Code   RO          869    .ARM.Collect$$libinit$$00000023  c_w.l(libinit2.o)
    0x08000252   0x08000252   0x00000000   Code   RO          871    .ARM.Collect$$libinit$$00000025  c_w.l(libinit2.o)
    0x08000252   0x08000252   0x00000000   Code   RO          875    .ARM.Collect$$libinit$$0000002C  c_w.l(libinit2.o)
    0x08000252   0x08000252   0x00000000   Code   RO          877    .ARM.Collect$$libinit$$0000002E  c_w.l(libinit2.o)
    0x08000252   0x08000252   0x00000000   Code   RO          879    .ARM.Collect$$libinit$$00000030  c_w.l(libinit2.o)
    0x08000252   0x08000252   0x00000000   Code   RO          881    .ARM.Collect$$libinit$$00000032  c_w.l(libinit2.o)
    0x08000252   0x08000252   0x00000002   Code   RO          882    .ARM.Collect$$libinit$$00000033  c_w.l(libinit2.o)
    0x08000254   0x08000254   0x00000002   Code   RO          913    .ARM.Collect$$libshutdown$$00000000  c_w.l(libshutdown.o)
    0x08000256   0x08000256   0x00000000   Code   RO          922    .ARM.Collect$$libshutdown$$00000002  c_w.l(libshutdown2.o)
    0x08000256   0x08000256   0x00000000   Code   RO          924    .ARM.Collect$$libshutdown$$00000004  c_w.l(libshutdown2.o)
    0x08000256   0x08000256   0x00000000   Code   RO          926    .ARM.Collect$$libshutdown$$00000006  c_w.l(libshutdown2.o)
    0x08000256   0x08000256   0x00000000   Code   RO          929    .ARM.Collect$$libshutdown$$00000009  c_w.l(libshutdown2.o)
    0x08000256   0x08000256   0x00000000   Code   RO          932    .ARM.Collect$$libshutdown$$0000000C  c_w.l(libshutdown2.o)
    0x08000256   0x08000256   0x00000000   Code   RO          934    .ARM.Collect$$libshutdown$$0000000E  c_w.l(libshutdown2.o)
    0x08000256   0x08000256   0x00000000   Code   RO          937    .ARM.Collect$$libshutdown$$00000011  c_w.l(libshutdown2.o)
    0x08000256   0x08000256   0x00000002   Code   RO          938    .ARM.Collect$$libshutdown$$00000012  c_w.l(libshutdown2.o)
    0x08000258   0x08000258   0x00000000   Code   RO          691    .ARM.Collect$$rtentry$$00000000  c_w.l(__rtentry.o)
    0x08000258   0x08000258   0x00000000   Code   RO          754    .ARM.Collect$$rtentry$$00000002  c_w.l(__rtentry2.o)
    0x08000258   0x08000258   0x00000006   Code   RO          766    .ARM.Collect$$rtentry$$00000004  c_w.l(__rtentry4.o)
    0x0800025e   0x0800025e   0x00000000   Code   RO          756    .ARM.Collect$$rtentry$$00000009  c_w.l(__rtentry2.o)
    0x0800025e   0x0800025e   0x00000004   Code   RO          757    .ARM.Collect$$rtentry$$0000000A  c_w.l(__rtentry2.o)
    0x08000262   0x08000262   0x00000000   Code   RO          759    .ARM.Collect$$rtentry$$0000000C  c_w.l(__rtentry2.o)
    0x08000262   0x08000262   0x00000008   Code   RO          760    .ARM.Collect$$rtentry$$0000000D  c_w.l(__rtentry2.o)
    0x0800026a   0x0800026a   0x00000002   Code   RO          883    .ARM.Collect$$rtexit$$00000000  c_w.l(rtexit.o)
    0x0800026c   0x0800026c   0x00000000   Code   RO          893    .ARM.Collect$$rtexit$$00000002  c_w.l(rtexit2.o)
    0x0800026c   0x0800026c   0x00000004   Code   RO          894    .ARM.Collect$$rtexit$$00000003  c_w.l(rtexit2.o)
    0x08000270   0x08000270   0x00000006   Code   RO          895    .ARM.Collect$$rtexit$$00000004  c_w.l(rtexit2.o)
    0x08000276   0x08000276   0x00000002   PAD
    0x08000278   0x08000278   0x00000318   Code   RO            1    .text               main.o
    0x08000590   0x08000590   0x0000001a   Code   RO          125    .text               stm32f10x_it.o
    0x080005aa   0x080005aa   0x00000002   PAD
    0x080005ac   0x080005ac   0x000001e0   Code   RO          166    .text               system_stm32f10x.o
    0x0800078c   0x0800078c   0x00000280   Code   RO          196    .text               usart2.o
    0x08000a0c   0x08000a0c   0x00000180   Code   RO          225    .text               usart3.o
    0x08000b8c   0x08000b8c   0x0000008c   Code   RO          247    .text               timer.o
    0x08000c18   0x08000c18   0x000000d4   Code   RO          290    .text               delay.o
    0x08000cec   0x08000cec   0x00000140   Code   RO          321    .text               usart.o
    0x08000e2c   0x08000e2c   0x00000040   Code   RO          357    .text               startup_stm32f10x_hd.o
    0x08000e6c   0x08000e6c   0x0000035c   Code   RO          361    .text               stm32f10x_gpio.o
    0x080011c8   0x080011c8   0x000003a4   Code   RO          373    .text               stm32f10x_rcc.o
    0x0800156c   0x0800156c   0x00000408   Code   RO          387    .text               stm32f10x_usart.o
    0x08001974   0x08001974   0x000000dc   Code   RO          399    .text               misc.o
    0x08001a50   0x08001a50   0x00000254   Code   RO          483    .text               stm32f10x_dma.o
    0x08001ca4   0x08001ca4   0x00000e1a   Code   RO          579    .text               stm32f10x_tim.o
    0x08002abe   0x08002abe   0x00000002   Code   RO          593    .text               c_w.l(use_no_semi_2.o)
    0x08002ac0   0x08002ac0   0x00000024   Code   RO          595    .text               c_w.l(c89vsprintf.o)
    0x08002ae4   0x08002ae4   0x00000018   Code   RO          597    .text               c_w.l(__2printf.o)
    0x08002afc   0x08002afc   0x00000094   Code   RO          621    .text               c_w.l(_printf_hex_int_ll_ptr.o)
    0x08002b90   0x08002b90   0x00000188   Code   RO          641    .text               c_w.l(__printf_flags_ss_wp.o)
    0x08002d18   0x08002d18   0x0000003e   Code   RO          647    .text               c_w.l(strlen.o)
    0x08002d56   0x08002d56   0x00000006   Code   RO          649    .text               c_w.l(heapauxi.o)
    0x08002d5c   0x08002d5c   0x00000002   Code   RO          689    .text               c_w.l(use_no_semi.o)
    0x08002d5e   0x08002d5e   0x0000004e   Code   RO          692    .text               c_w.l(_printf_pad.o)
    0x08002dac   0x08002dac   0x00000024   Code   RO          694    .text               c_w.l(_printf_truncate.o)
    0x08002dd0   0x08002dd0   0x00000052   Code   RO          696    .text               c_w.l(_printf_str.o)
    0x08002e22   0x08002e22   0x000000b2   Code   RO          698    .text               c_w.l(_printf_intcommon.o)
    0x08002ed4   0x08002ed4   0x00000078   Code   RO          700    .text               c_w.l(_printf_dec.o)
    0x08002f4c   0x08002f4c   0x00000028   Code   RO          702    .text               c_w.l(_printf_charcount.o)
    0x08002f74   0x08002f74   0x0000041e   Code   RO          704    .text               c_w.l(_printf_fp_dec.o)
    0x08003392   0x08003392   0x00000002   PAD
    0x08003394   0x08003394   0x00000030   Code   RO          706    .text               c_w.l(_printf_char_common.o)
    0x080033c4   0x080033c4   0x0000000a   Code   RO          708    .text               c_w.l(_sputc.o)
    0x080033ce   0x080033ce   0x00000002   PAD
    0x080033d0   0x080033d0   0x00000024   Code   RO          710    .text               c_w.l(_printf_char_file.o)
    0x080033f4   0x080033f4   0x000000bc   Code   RO          712    .text               c_w.l(_printf_wctomb.o)
    0x080034b0   0x080034b0   0x0000007c   Code   RO          715    .text               c_w.l(_printf_longlong_dec.o)
    0x0800352c   0x0800352c   0x00000070   Code   RO          721    .text               c_w.l(_printf_oct_int_ll.o)
    0x0800359c   0x0800359c   0x00000008   Code   RO          771    .text               c_w.l(rt_locale_intlibspace.o)
    0x080035a4   0x080035a4   0x0000008a   Code   RO          773    .text               c_w.l(lludiv10.o)
    0x0800362e   0x0800362e   0x00000002   PAD
    0x08003630   0x08003630   0x00000080   Code   RO          775    .text               c_w.l(_printf_fp_infnan.o)
    0x080036b0   0x080036b0   0x0000002c   Code   RO          779    .text               c_w.l(_printf_char.o)
    0x080036dc   0x080036dc   0x0000002c   Code   RO          781    .text               c_w.l(_printf_wchar.o)
    0x08003708   0x08003708   0x000000e4   Code   RO          783    .text               c_w.l(bigflt0.o)
    0x080037ec   0x080037ec   0x00000008   Code   RO          808    .text               c_w.l(ferror.o)
    0x080037f4   0x080037f4   0x00000040   Code   RO          812    .text               c_w.l(_wcrtomb.o)
    0x08003834   0x08003834   0x00000008   Code   RO          821    .text               c_w.l(libspace.o)
    0x0800383c   0x0800383c   0x0000004a   Code   RO          824    .text               c_w.l(sys_stackheap_outer.o)
    0x08003886   0x08003886   0x00000002   PAD
    0x08003888   0x08003888   0x00000010   Code   RO          826    .text               c_w.l(rt_ctype_table.o)
    0x08003898   0x08003898   0x00000012   Code   RO          828    .text               c_w.l(exit.o)
    0x080038aa   0x080038aa   0x00000002   PAD
    0x080038ac   0x080038ac   0x00000080   Code   RO          830    .text               c_w.l(strcmpv7m.o)
    0x0800392c   0x0800392c   0x0000003e   Code   RO          786    CL$$btod_d2e        c_w.l(btod.o)
    0x0800396a   0x0800396a   0x00000046   Code   RO          788    CL$$btod_d2e_denorm_low  c_w.l(btod.o)
    0x080039b0   0x080039b0   0x00000060   Code   RO          787    CL$$btod_d2e_norm_op1  c_w.l(btod.o)
    0x08003a10   0x08003a10   0x00000338   Code   RO          796    CL$$btod_div_common  c_w.l(btod.o)
    0x08003d48   0x08003d48   0x000000dc   Code   RO          793    CL$$btod_e2e        c_w.l(btod.o)
    0x08003e24   0x08003e24   0x0000002a   Code   RO          790    CL$$btod_ediv       c_w.l(btod.o)
    0x08003e4e   0x08003e4e   0x0000002a   Code   RO          789    CL$$btod_emul       c_w.l(btod.o)
    0x08003e78   0x08003e78   0x00000244   Code   RO          795    CL$$btod_mult_common  c_w.l(btod.o)
    0x080040bc   0x080040bc   0x00000028   Code   RO          819    i.__ARM_fpclassify  m_ws.l(fpclassify.o)
    0x080040e4   0x080040e4   0x0000000e   Code   RO          634    i._is_digit         c_w.l(__printf_wp.o)
    0x080040f2   0x080040f2   0x00000002   PAD
    0x080040f4   0x080040f4   0x0000002c   Code   RO          815    locale$$code        c_w.l(lc_numeric_c.o)
    0x08004120   0x08004120   0x0000002c   Code   RO          886    locale$$code        c_w.l(lc_ctype_c.o)
    0x0800414c   0x0800414c   0x000002b0   Code   RO          654    x$fpl$ddiv          fz_ws.l(ddiv.o)
    0x080043fc   0x080043fc   0x00000026   Code   RO          661    x$fpl$dfltu         fz_ws.l(dflt_clz.o)
    0x08004422   0x08004422   0x0000009c   Code   RO          744    x$fpl$dnaninf       fz_ws.l(dnaninf.o)
    0x080044be   0x080044be   0x0000000c   Code   RO          746    x$fpl$dretinf       fz_ws.l(dretinf.o)
    0x080044ca   0x080044ca   0x00000002   PAD
    0x080044cc   0x080044cc   0x00000056   Code   RO          669    x$fpl$f2d           fz_ws.l(f2d.o)
    0x08004522   0x08004522   0x00000002   PAD
    0x08004524   0x08004524   0x00000184   Code   RO          672    x$fpl$fdiv          fz_ws.l(fdiv.o)
    0x080046a8   0x080046a8   0x0000003e   Code   RO          675    x$fpl$ffixu         fz_ws.l(ffixu.o)
    0x080046e6   0x080046e6   0x00000002   PAD
    0x080046e8   0x080046e8   0x00000026   Code   RO          679    x$fpl$ffltu         fz_ws.l(fflt_clz.o)
    0x0800470e   0x0800470e   0x00000002   PAD
    0x08004710   0x08004710   0x00000102   Code   RO          685    x$fpl$fmul          fz_ws.l(fmul.o)
    0x08004812   0x08004812   0x0000008c   Code   RO          748    x$fpl$fnaninf       fz_ws.l(fnaninf.o)
    0x0800489e   0x0800489e   0x0000000a   Code   RO          750    x$fpl$fretinf       fz_ws.l(fretinf.o)
    0x080048a8   0x080048a8   0x00000004   Code   RO          687    x$fpl$printf1       fz_ws.l(printf1.o)
    0x080048ac   0x080048ac   0x00000000   Code   RO          752    x$fpl$usenofp       fz_ws.l(usenofp.o)
    0x080048ac   0x080048ac   0x00000028   Data   RO          622    .constdata          c_w.l(_printf_hex_int_ll_ptr.o)
    0x080048d4   0x080048d4   0x00000011   Data   RO          642    .constdata          c_w.l(__printf_flags_ss_wp.o)
    0x080048e5   0x080048e5   0x00000003   PAD
    0x080048e8   0x080048e8   0x00000008   Data   RO          713    .constdata          c_w.l(_printf_wctomb.o)
    0x080048f0   0x080048f0   0x00000094   Data   RO          784    .constdata          c_w.l(bigflt0.o)
    0x08004984   0x08004984   0x00000020   Data   RO          963    Region$$Table       anon$$obj.o
    0x080049a4   0x080049a4   0x0000001c   Data   RO          814    locale$$data        c_w.l(lc_numeric_c.o)
    0x080049c0   0x080049c0   0x00000110   Data   RO          885    locale$$data        c_w.l(lc_ctype_c.o)


    Execution Region RW_IRAM1 (Exec base: 0x20000000, Load base: 0x08004ad0, Size: 0x00001420, Max: 0x0000c000, ABSOLUTE)

    Exec Addr    Load Addr    Size         Type   Attr      Idx    E Section Name        Object

    0x20000000   0x08004ad0   0x0000000c   Data   RW            2    .data               main.o
    0x2000000c   0x08004adc   0x00000014   Data   RW          167    .data               system_stm32f10x.o
    0x20000020   0x08004af0   0x00000002   Data   RW          198    .data               usart2.o
    0x20000022   0x08004af2   0x00000002   Data   RW          227    .data               usart3.o
    0x20000024   0x08004af4   0x00000004   Data   RW          291    .data               delay.o
    0x20000028   0x08004af8   0x00000006   Data   RW          323    .data               usart.o
    0x2000002e   0x08004afe   0x00000014   Data   RW          374    .data               stm32f10x_rcc.o
    0x20000042   0x08004b12   0x00000006   PAD
    0x20000048        -       0x00000800   Zero   RW          197    .bss                usart2.o
    0x20000848        -       0x000004b0   Zero   RW          226    .bss                usart3.o
    0x20000cf8        -       0x000000c8   Zero   RW          322    .bss                usart.o
    0x20000dc0        -       0x00000060   Zero   RW          822    .bss                c_w.l(libspace.o)
    0x20000e20        -       0x00000200   Zero   RW          355    HEAP                startup_stm32f10x_hd.o
    0x20001020        -       0x00000400   Zero   RW          354    STACK               startup_stm32f10x_hd.o


==============================================================================

Image component sizes


      Code (inc. data)   RO Data    RW Data    ZI Data      Debug   Object Name

       212         18          0          4          0       1039   delay.o
       792        174          0         12          0     264157   main.o
       220         22          0          0          0       1793   misc.o
        64         26        304          0       1536        788   startup_stm32f10x_hd.o
       596          8          0          0          0       4358   stm32f10x_dma.o
       860         38          0          0          0       5729   stm32f10x_gpio.o
        26          0          0          0          0       1178   stm32f10x_it.o
       932         36          0         20          0       8908   stm32f10x_rcc.o
      3610         88          0          0          0      22836   stm32f10x_tim.o
      1032         22          0          0          0       8452   stm32f10x_usart.o
         0          0          0          0          0         32   sys.o
       480         38          0         20          0       1731   system_stm32f10x.o
       140          8          0          0          0        792   timer.o
       320         16          0          6        200       3202   usart.o
       640         28          0          2       2048       3769   usart2.o
       384         26          0          2       1200       2010   usart3.o

    ----------------------------------------------------------------------
     10310        548        336         68       4988     330774   Object Totals
         0          0         32          0          0          0   (incl. Generated)
         2          0          0          2          4          0   (incl. Padding)

    ----------------------------------------------------------------------

      Code (inc. data)   RO Data    RW Data    ZI Data      Debug   Library Member Name

        24          4          0          0          0         84   __2printf.o
         8          0          0          0          0         68   __main.o
       392          4         17          0          0         92   __printf_flags_ss_wp.o
        14          0          0          0          0         68   __printf_wp.o
         0          0          0          0          0          0   __rtentry.o
        12          0          0          0          0          0   __rtentry2.o
         6          0          0          0          0          0   __rtentry4.o
        52          8          0          0          0          0   __scatter.o
        26          0          0          0          0          0   __scatter_copy.o
        28          0          0          0          0          0   __scatter_zi.o
         6          0          0          0          0          0   _printf_a.o
         6          0          0          0          0          0   _printf_c.o
        44          0          0          0          0        108   _printf_char.o
        48          6          0          0          0         96   _printf_char_common.o
        36          4          0          0          0         80   _printf_char_file.o
        40          0          0          0          0         68   _printf_charcount.o
         6          0          0          0          0          0   _printf_d.o
       120         16          0          0          0         92   _printf_dec.o
         6          0          0          0          0          0   _printf_e.o
         6          0          0          0          0          0   _printf_f.o
      1054          0          0          0          0        216   _printf_fp_dec.o
       128         16          0          0          0         84   _printf_fp_infnan.o
         6          0          0          0          0          0   _printf_g.o
       148          4         40          0          0        160   _printf_hex_int_ll_ptr.o
         6          0          0          0          0          0   _printf_i.o
       178          0          0          0          0         88   _printf_intcommon.o
        10          0          0          0          0          0   _printf_l.o
         6          0          0          0          0          0   _printf_lc.o
        10          0          0          0          0          0   _printf_ll.o
         6          0          0          0          0          0   _printf_lld.o
         6          0          0          0          0          0   _printf_lli.o
         6          0          0          0          0          0   _printf_llo.o
         6          0          0          0          0          0   _printf_llu.o
         6          0          0          0          0          0   _printf_llx.o
       124         16          0          0          0         92   _printf_longlong_dec.o
         6          0          0          0          0          0   _printf_ls.o
         6          0          0          0          0          0   _printf_n.o
         6          0          0          0          0          0   _printf_o.o
       112         10          0          0          0        124   _printf_oct_int_ll.o
         6          0          0          0          0          0   _printf_p.o
        78          0          0          0          0        108   _printf_pad.o
         0          0          0          0          0          0   _printf_percent.o
         4          0          0          0          0          0   _printf_percent_end.o
         6          0          0          0          0          0   _printf_s.o
        82          0          0          0          0         80   _printf_str.o
        36          0          0          0          0         84   _printf_truncate.o
         6          0          0          0          0          0   _printf_u.o
        44          0          0          0          0        108   _printf_wchar.o
       188          6          8          0          0         92   _printf_wctomb.o
         6          0          0          0          0          0   _printf_x.o
        10          0          0          0          0         68   _sputc.o
        64          0          0          0          0         92   _wcrtomb.o
       228          4        148          0          0         96   bigflt0.o
      1936        128          0          0          0        672   btod.o
        36          4          0          0          0         76   c89vsprintf.o
        18          0          0          0          0         80   exit.o
         8          0          0          0          0         68   ferror.o
         6          0          0          0          0        152   heapauxi.o
        44         10        272          0          0         76   lc_ctype_c.o
        44         10         28          0          0         76   lc_numeric_c.o
         2          0          0          0          0          0   libinit.o
        30          0          0          0          0          0   libinit2.o
         2          0          0          0          0          0   libshutdown.o
         2          0          0          0          0          0   libshutdown2.o
         8          4          0          0         96         68   libspace.o
       138          0          0          0          0         80   lludiv10.o
        16          4          0          0          0         76   rt_ctype_table.o
         8          4          0          0          0         68   rt_locale_intlibspace.o
         2          0          0          0          0          0   rtexit.o
        10          0          0          0          0          0   rtexit2.o
       128          0          0          0          0         68   strcmpv7m.o
        62          0          0          0          0         76   strlen.o
        74          0          0          0          0         80   sys_stackheap_outer.o
         2          0          0          0          0         68   use_no_semi.o
         2          0          0          0          0         68   use_no_semi_2.o
       688        140          0          0          0        208   ddiv.o
        38          0          0          0          0         68   dflt_clz.o
       156          4          0          0          0         92   dnaninf.o
        12          0          0          0          0         68   dretinf.o
        86          4          0          0          0         84   f2d.o
       388         76          0          0          0         96   fdiv.o
        62          4          0          0          0         84   ffixu.o
        38          0          0          0          0         68   fflt_clz.o
       258          4          0          0          0         84   fmul.o
       140          4          0          0          0         84   fnaninf.o
        10          0          0          0          0         68   fretinf.o
         4          0          0          0          0         68   printf1.o
         0          0          0          0          0          0   usenofp.o
        40          0          0          0          0         68   fpclassify.o

    ----------------------------------------------------------------------
      7990        498        516          0         96       5240   Library Totals
        24          0          3          0          0          0   (incl. Padding)

    ----------------------------------------------------------------------

      Code (inc. data)   RO Data    RW Data    ZI Data      Debug   Library Name

      6046        262        513          0         96       4100   c_w.l
      1880        236          0          0          0       1072   fz_ws.l
        40          0          0          0          0         68   m_ws.l

    ----------------------------------------------------------------------
      7990        498        516          0         96       5240   Library Totals

    ----------------------------------------------------------------------

==============================================================================


      Code (inc. data)   RO Data    RW Data    ZI Data      Debug   

     18300       1046        852         68       5084     331954   Grand Totals
     18300       1046        852         68       5084     331954   ELF Image Totals
     18300       1046        852         68          0          0   ROM Totals

==============================================================================

    Total RO  Size (Code + RO Data)                19152 (  18.70kB)
    Total RW  Size (RW Data + ZI Data)              5152 (   5.03kB)
    Total ROM Size (Code + RO Data + RW Data)      19220 (  18.77kB)

==============================================================================

