Component: ARM Compiler 5.06 update 6 (build 750) Tool: armlink [4d35ed]

==============================================================================

Section Cross References

    startup_stm32f103xe.o(RESET) refers to startup_stm32f103xe.o(STACK) for __initial_sp
    startup_stm32f103xe.o(RESET) refers to startup_stm32f103xe.o(.text) for Reset_Handler
    startup_stm32f103xe.o(RESET) refers to stm32f1xx_it.o(i.NMI_Handler) for NMI_Handler
    startup_stm32f103xe.o(RESET) refers to stm32f1xx_it.o(i.HardFault_Handler) for HardFault_Handler
    startup_stm32f103xe.o(RESET) refers to stm32f1xx_it.o(i.MemManage_Handler) for MemManage_Handler
    startup_stm32f103xe.o(RESET) refers to stm32f1xx_it.o(i.BusFault_Handler) for BusFault_Handler
    startup_stm32f103xe.o(RESET) refers to stm32f1xx_it.o(i.UsageFault_Handler) for UsageFault_Handler
    startup_stm32f103xe.o(RESET) refers to port.o(.emb_text) for SVC_Handler
    startup_stm32f103xe.o(RESET) refers to stm32f1xx_it.o(i.DebugMon_Handler) for DebugMon_Handler
    startup_stm32f103xe.o(RESET) refers to stm32f1xx_it.o(i.SysTick_Handler) for SysTick_Handler
    startup_stm32f103xe.o(RESET) refers to stm32f1xx_it.o(i.DMA1_Channel5_IRQHandler) for DMA1_Channel5_IRQHandler
    startup_stm32f103xe.o(RESET) refers to stm32f1xx_it.o(i.TIM1_UP_IRQHandler) for TIM1_UP_IRQHandler
    startup_stm32f103xe.o(RESET) refers to stm32f1xx_it.o(i.USART1_IRQHandler) for USART1_IRQHandler
    startup_stm32f103xe.o(RESET) refers to stm32f1xx_it.o(i.USART3_IRQHandler) for USART3_IRQHandler
    startup_stm32f103xe.o(.text) refers to system_stm32f1xx.o(i.SystemInit) for SystemInit
    startup_stm32f103xe.o(.text) refers to entry.o(.ARM.Collect$$$$00000000) for __main
    main.o(i.HAL_TIM_PeriodElapsedCallback) refers to stm32f1xx_hal.o(i.HAL_IncTick) for HAL_IncTick
    main.o(i.SystemClock_Config) refers to stm32f1xx_hal_rcc.o(i.HAL_RCC_OscConfig) for HAL_RCC_OscConfig
    main.o(i.SystemClock_Config) refers to stm32f1xx_hal_rcc.o(i.HAL_RCC_ClockConfig) for HAL_RCC_ClockConfig
    main.o(i.SystemClock_Config) refers to stm32f1xx_hal_rcc.o(i.HAL_RCC_GetHCLKFreq) for HAL_RCC_GetHCLKFreq
    main.o(i.SystemClock_Config) refers to stm32f1xx_hal_cortex.o(i.HAL_SYSTICK_Config) for HAL_SYSTICK_Config
    main.o(i.SystemClock_Config) refers to stm32f1xx_hal_cortex.o(i.HAL_SYSTICK_CLKSourceConfig) for HAL_SYSTICK_CLKSourceConfig
    main.o(i.SystemClock_Config) refers to stm32f1xx_hal_cortex.o(i.HAL_NVIC_SetPriority) for HAL_NVIC_SetPriority
    main.o(i.fputc) refers to stm32f1xx_hal_uart.o(i.HAL_UART_Transmit) for HAL_UART_Transmit
    main.o(i.fputc) refers to usart.o(.bss) for huart3
    main.o(i.main) refers to stm32f1xx_hal.o(i.HAL_Init) for HAL_Init
    main.o(i.main) refers to main.o(i.SystemClock_Config) for SystemClock_Config
    main.o(i.main) refers to gpio.o(i.MX_GPIO_Init) for MX_GPIO_Init
    main.o(i.main) refers to dma.o(i.MX_DMA_Init) for MX_DMA_Init
    main.o(i.main) refers to usart.o(i.MX_USART1_UART_Init) for MX_USART1_UART_Init
    main.o(i.main) refers to usart.o(i.MX_USART3_UART_Init) for MX_USART3_UART_Init
    main.o(i.main) refers to stm32f1xx_hal_uart.o(i.HAL_UART_Receive_DMA) for HAL_UART_Receive_DMA
    main.o(i.main) refers to freertos.o(i.MX_FREERTOS_Init) for MX_FREERTOS_Init
    main.o(i.main) refers to cmsis_os.o(i.osKernelStart) for osKernelStart
    main.o(i.main) refers to usart.o(.bss) for huart1
    main.o(i.main) refers to main.o(.bss) for .bss
    dma.o(i.MX_DMA_Init) refers to stm32f1xx_hal_cortex.o(i.HAL_NVIC_SetPriority) for HAL_NVIC_SetPriority
    dma.o(i.MX_DMA_Init) refers to stm32f1xx_hal_cortex.o(i.HAL_NVIC_EnableIRQ) for HAL_NVIC_EnableIRQ
    freertos.o(i.MX_FREERTOS_Init) refers to queue.o(i.xQueueGenericCreate) for xQueueGenericCreate
    freertos.o(i.MX_FREERTOS_Init) refers to memcpya.o(.text) for __aeabi_memcpy4
    freertos.o(i.MX_FREERTOS_Init) refers to cmsis_os.o(i.osThreadCreate) for osThreadCreate
    freertos.o(i.MX_FREERTOS_Init) refers to freertos.o(.data) for .data
    freertos.o(i.MX_FREERTOS_Init) refers to freertos.o(.constdata) for .constdata
    freertos.o(i.StartDefaultTask) refers to cmsis_os.o(i.osDelay) for osDelay
    freertos.o(i.StartlpUart1ScanTask) refers to queue.o(i.xQueueGenericReceive) for xQueueGenericReceive
    freertos.o(i.StartlpUart1ScanTask) refers to printf8.o(i.__0printf$8) for __2printf
    freertos.o(i.StartlpUart1ScanTask) refers to stm32f1xx_hal_uart.o(i.HAL_UART_Transmit) for HAL_UART_Transmit
    freertos.o(i.StartlpUart1ScanTask) refers to memseta.o(.text) for __aeabi_memclr
    freertos.o(i.StartlpUart1ScanTask) refers to freertos.o(.data) for .data
    freertos.o(i.StartlpUart1ScanTask) refers to main.o(.data) for Rx_InfoLen
    freertos.o(i.StartlpUart1ScanTask) refers to main.o(.bss) for ReceiveInfo
    freertos.o(i.StartlpUart1ScanTask) refers to usart.o(.bss) for huart3
    freertos.o(.constdata) refers to freertos.o(.conststring) for .conststring
[...]
    Removing tasks.o(i.pcTaskGetName), (32 bytes).
    Removing tasks.o(i.prvTaskIsTaskSuspended), (52 bytes).
    Removing tasks.o(i.ulTaskNotifyTake), (104 bytes).
    Removing tasks.o(i.uxTaskGetNumberOfTasks), (12 bytes).
    Removing tasks.o(i.uxTaskPriorityGet), (28 bytes).
    Removing tasks.o(i.uxTaskPriorityGetFromISR), (44 bytes).
    Removing tasks.o(i.uxTaskResetEventItemValue), (24 bytes).
    Removing tasks.o(i.vTaskDelete), (172 bytes).
    Removing tasks.o(i.vTaskEndScheduler), (28 bytes).
    Removing tasks.o(i.vTaskNotifyGiveFromISR), (184 bytes).
    Removing tasks.o(i.vTaskPlaceOnUnorderedEventList), (80 bytes).
    Removing tasks.o(i.vTaskPrioritySet), (196 bytes).
    Removing tasks.o(i.vTaskResume), (124 bytes).
    Removing tasks.o(i.vTaskSuspend), (176 bytes).
    Removing tasks.o(i.xTaskGenericNotify), (204 bytes).
    Removing tasks.o(i.xTaskGenericNotifyFromISR), (240 bytes).
    Removing tasks.o(i.xTaskGetCurrentTaskHandle), (12 bytes).
    Removing tasks.o(i.xTaskGetTickCount), (12 bytes).
    Removing tasks.o(i.xTaskGetTickCountFromISR), (16 bytes).
    Removing tasks.o(i.xTaskNotifyStateClear), (52 bytes).
    Removing tasks.o(i.xTaskNotifyWait), (140 bytes).
    Removing tasks.o(i.xTaskPriorityDisinherit), (152 bytes).
    Removing tasks.o(i.xTaskRemoveFromUnorderedEventList), (120 bytes).
    Removing tasks.o(i.xTaskResumeFromISR), (136 bytes).
    Removing cmsis_os.o(.rev16_text), (4 bytes).
    Removing cmsis_os.o(.revsh_text), (4 bytes).
    Removing cmsis_os.o(i.inHandlerMode), (12 bytes).
    Removing cmsis_os.o(i.makeCmsisPriority), (14 bytes).
    Removing cmsis_os.o(i.osAbortDelay), (4 bytes).
    Removing cmsis_os.o(i.osDelayUntil), (4 bytes).
    Removing cmsis_os.o(i.osKernelRunning), (18 bytes).
    Removing cmsis_os.o(i.osKernelSysTick), (24 bytes).
    Removing cmsis_os.o(i.osMailAlloc), (12 bytes).
    Removing cmsis_os.o(i.osMailCAlloc), (32 bytes).
    Removing cmsis_os.o(i.osMailCreate), (92 bytes).
    Removing cmsis_os.o(i.osMailFree), (12 bytes).
    Removing cmsis_os.o(i.osMailGet), (148 bytes).
    Removing cmsis_os.o(i.osMailPut), (92 bytes).
    Removing cmsis_os.o(i.osMessageAvailableSpace), (4 bytes).
    Removing cmsis_os.o(i.osMessageCreate), (8 bytes).
    Removing cmsis_os.o(i.osMessageDelete), (24 bytes).
    Removing cmsis_os.o(i.osMessageGet), (152 bytes).
    Removing cmsis_os.o(i.osMessagePeek), (78 bytes).
    Removing cmsis_os.o(i.osMessagePut), (92 bytes).
    Removing cmsis_os.o(i.osMessageWaiting), (30 bytes).
    Removing cmsis_os.o(i.osMutexCreate), (6 bytes).
    Removing cmsis_os.o(i.osMutexDelete), (24 bytes).
    Removing cmsis_os.o(i.osMutexRelease), (80 bytes).
    Removing cmsis_os.o(i.osMutexWait), (104 bytes).
    Removing cmsis_os.o(i.osPoolAlloc), (106 bytes).
    Removing cmsis_os.o(i.osPoolCAlloc), (16 bytes).
    Removing cmsis_os.o(i.osPoolCreate), (94 bytes).
    Removing cmsis_os.o(i.osPoolFree), (48 bytes).
    Removing cmsis_os.o(i.osRecursiveMutexCreate), (4 bytes).
    Removing cmsis_os.o(i.osRecursiveMutexRelease), (4 bytes).
    Removing cmsis_os.o(i.osRecursiveMutexWait), (4 bytes).
    Removing cmsis_os.o(i.osSemaphoreCreate), (38 bytes).
    Removing cmsis_os.o(i.osSemaphoreDelete), (24 bytes).
    Removing cmsis_os.o(i.osSemaphoreGetCount), (4 bytes).
    Removing cmsis_os.o(i.osSemaphoreRelease), (80 bytes).
    Removing cmsis_os.o(i.osSemaphoreWait), (104 bytes).
    Removing cmsis_os.o(i.osSignalSet), (92 bytes).
    Removing cmsis_os.o(i.osSignalWait), (86 bytes).
    Removing cmsis_os.o(i.osThreadGetId), (4 bytes).
    Removing cmsis_os.o(i.osThreadGetPriority), (32 bytes).
    Removing cmsis_os.o(i.osThreadList), (4 bytes).
    Removing cmsis_os.o(i.osThreadResume), (52 bytes).
    Removing cmsis_os.o(i.osThreadResumeAll), (18 bytes).
    Removing cmsis_os.o(i.osThreadSetPriority), (22 bytes).
    Removing cmsis_os.o(i.osThreadSuspend), (10 bytes).
    Removing cmsis_os.o(i.osThreadSuspendAll), (10 bytes).
    Removing cmsis_os.o(i.osThreadTerminate), (10 bytes).
    Removing cmsis_os.o(i.osThreadYield), (24 bytes).
    Removing cmsis_os.o(i.osTimerCreate), (4 bytes).
    Removing cmsis_os.o(i.osTimerDelete), (4 bytes).
    Removing cmsis_os.o(i.osTimerStart), (4 bytes).
    Removing cmsis_os.o(i.osTimerStop), (4 bytes).
    Removing dadd.o(.text), (334 bytes).
    Removing dmul.o(.text), (228 bytes).
    Removing ddiv.o(.text), (222 bytes).
    Removing dfixul.o(.text), (48 bytes).
    Removing cdrcmple.o(.text), (48 bytes).
    Removing depilogue.o(.text), (186 bytes).

453 unused section(s) (total 26538 bytes) removed from the image.

==============================================================================

Image Symbol Table

    Local Symbols

    Symbol Name                              Value     Ov Type        Size  Object(Section)

    ..//Src/system_stm32f1xx.c               0x00000000   Number         0  system_stm32f1xx.o ABSOLUTE
    ../Drivers/STM32F1xx_HAL_Driver/Src/stm32f1xx_hal.c 0x00000000   Number         0  stm32f1xx_hal.o ABSOLUTE
    ../Drivers/STM32F1xx_HAL_Driver/Src/stm32f1xx_hal_cortex.c 0x00000000   Number         0  stm32f1xx_hal_cortex.o ABSOLUTE
    ../Drivers/STM32F1xx_HAL_Driver/Src/stm32f1xx_hal_dma.c 0x00000000   Number         0  stm32f1xx_hal_dma.o ABSOLUTE
    ../Drivers/STM32F1xx_HAL_Driver/Src/stm32f1xx_hal_flash.c 0x00000000   Number         0  stm32f1xx_hal_flash.o ABSOLUTE
    ../Drivers/STM32F1xx_HAL_Driver/Src/stm32f1xx_hal_flash_ex.c 0x00000000   Number         0  stm32f1xx_hal_flash_ex.o ABSOLUTE
    ../Drivers/STM32F1xx_HAL_Driver/Src/stm32f1xx_hal_gpio.c 0x00000000   Number         0  stm32f1xx_hal_gpio.o ABSOLUTE
    ../Drivers/STM32F1xx_HAL_Driver/Src/stm32f1xx_hal_gpio_ex.c 0x00000000   Number         0  stm32f1xx_hal_gpio_ex.o ABSOLUTE
    ../Drivers/STM32F1xx_HAL_Driver/Src/stm32f1xx_hal_pwr.c 0x00000000   Number         0  stm32f1xx_hal_pwr.o ABSOLUTE
    ../Drivers/STM32F1xx_HAL_Driver/Src/stm32f1xx_hal_rcc.c 0x00000000   Number         0  stm32f1xx_hal_rcc.o ABSOLUTE
    ../Drivers/STM32F1xx_HAL_Driver/Src/stm32f1xx_hal_rcc_ex.c 0x00000000   Number         0  stm32f1xx_hal_rcc_ex.o ABSOLUTE
    ../Drivers/STM32F1xx_HAL_Driver/Src/stm32f1xx_hal_tim.c 0x00000000   Number         0  stm32f1xx_hal_tim.o ABSOLUTE
    ../Drivers/STM32F1xx_HAL_Driver/Src/stm32f1xx_hal_tim_ex.c 0x00000000   Number         0  stm32f1xx_hal_tim_ex.o ABSOLUTE
    ../Drivers/STM32F1xx_HAL_Driver/Src/stm32f1xx_hal_uart.c 0x00000000   Number         0  stm32f1xx_hal_uart.o ABSOLUTE
    ../Middlewares/Third_Party/FreeRTOS/Source/CMSIS_RTOS/cmsis_os.c 0x00000000   Number         0  cmsis_os.o ABSOLUTE
    ../Middlewares/Third_Party/FreeRTOS/Source/croutine.c 0x00000000   Number         0  croutine.o ABSOLUTE
    ../Middlewares/Third_Party/FreeRTOS/Source/event_groups.c 0x00000000   Number         0  event_groups.o ABSOLUTE
    ../Middlewares/Third_Party/FreeRTOS/Source/list.c 0x00000000   Number         0  list.o ABSOLUTE
    ../Middlewares/Third_Party/FreeRTOS/Source/portable/MemMang/heap_4.c 0x00000000   Number         0  heap_4.o ABSOLUTE
    ../Middlewares/Third_Party/FreeRTOS/Source/portable/RVDS/ARM_CM3/port.c 0x00000000   Number         0  port.o ABSOLUTE
    ../Middlewares/Third_Party/FreeRTOS/Source/queue.c 0x00000000   Number         0  queue.o ABSOLUTE
    ../Middlewares/Third_Party/FreeRTOS/Source/tasks.c 0x00000000   Number         0  tasks.o ABSOLUTE
    ../Middlewares/Third_Party/FreeRTOS/Source/timers.c 0x00000000   Number         0  timers.o ABSOLUTE
    ../Src/dma.c                             0x00000000   Number         0  dma.o ABSOLUTE
    ../Src/freertos.c                        0x00000000   Number         0  freertos.o ABSOLUTE
    ../Src/gpio.c                            0x00000000   Number         0  gpio.o ABSOLUTE
    ../Src/main.c                            0x00000000   Number         0  main.o ABSOLUTE
    ../Src/stm32f1xx_hal_msp.c               0x00000000   Number         0  stm32f1xx_hal_msp.o ABSOLUTE
    ../Src/stm32f1xx_hal_timebase_TIM.c      0x00000000   Number         0  stm32f1xx_hal_timebase_tim.o ABSOLUTE
    ../Src/stm32f1xx_it.c                    0x00000000   Number         0  stm32f1xx_it.o ABSOLUTE
    ../Src/usart.c                           0x00000000   Number         0  usart.o ABSOLUTE
    ../clib/microlib/division.c              0x00000000   Number         0  uidiv.o ABSOLUTE
    ../clib/microlib/division.c              0x00000000   Number         0  uldiv.o ABSOLUTE
    ../clib/microlib/init/entry.s            0x00000000   Number         0  entry.o ABSOLUTE
    ../clib/microlib/init/entry.s            0x00000000   Number         0  entry2.o ABSOLUTE
    ../clib/microlib/init/entry.s            0x00000000   Number         0  entry9a.o ABSOLUTE
    ../clib/microlib/init/entry.s            0x00000000   Number         0  entry11b.o ABSOLUTE
    ../clib/microlib/init/entry.s            0x00000000   Number         0  entry11a.o ABSOLUTE
    ../clib/microlib/init/entry.s            0x00000000   Number         0  entry10b.o ABSOLUTE
    ../clib/microlib/init/entry.s            0x00000000   Number         0  entry10a.o ABSOLUTE
    ../clib/microlib/init/entry.s            0x00000000   Number         0  entry9b.o ABSOLUTE
    ../clib/microlib/init/entry.s            0x00000000   Number         0  entry8b.o ABSOLUTE
    ../clib/microlib/init/entry.s            0x00000000   Number         0  entry8a.o ABSOLUTE
    ../clib/microlib/init/entry.s            0x00000000   Number         0  entry5.o ABSOLUTE
    ../clib/microlib/init/entry.s            0x00000000   Number         0  entry7b.o ABSOLUTE
    ../clib/microlib/init/entry.s            0x00000000   Number         0  entry7a.o ABSOLUTE
    ../clib/microlib/longlong.c              0x00000000   Number         0  llshl.o ABSOLUTE
    ../clib/microlib/longlong.c              0x00000000   Number         0  llsshr.o ABSOLUTE
    ../clib/microlib/longlong.c              0x00000000   Number         0  llushr.o ABSOLUTE
    ../clib/microlib/printf/printf.c         0x00000000   Number         0  printf6.o ABSOLUTE
    ../clib/microlib/printf/printf.c         0x00000000   Number         0  printfa.o ABSOLUTE
    ../clib/microlib/printf/printf.c         0x00000000   Number         0  printf8.o ABSOLUTE
    ../clib/microlib/printf/printf.c         0x00000000   Number         0  printf7.o ABSOLUTE
    ../clib/microlib/printf/printf.c         0x00000000   Number         0  printfb.o ABSOLUTE
    ../clib/microlib/printf/printf.c         0x00000000   Number         0  printf0.o ABSOLUTE
    ../clib/microlib/printf/printf.c         0x00000000   Number         0  printf1.o ABSOLUTE
    ../clib/microlib/printf/printf.c         0x00000000   Number         0  printf2.o ABSOLUTE
    ../clib/microlib/printf/printf.c         0x00000000   Number         0  printf3.o ABSOLUTE
    ../clib/microlib/printf/printf.c         0x00000000   Number         0  printf4.o ABSOLUTE
    ../clib/microlib/printf/printf.c         0x00000000   Number         0  printf5.o ABSOLUTE
    ../clib/microlib/printf/stubs.s          0x00000000   Number         0  stubs.o ABSOLUTE
    ../clib/microlib/stdio/streams.c         0x00000000   Number         0  stdout.o ABSOLUTE
    ../clib/microlib/string/memcpy.c         0x00000000   Number         0  memcpyb.o ABSOLUTE
    ../clib/microlib/string/memcpy.c         0x00000000   Number         0  memcpya.o ABSOLUTE
    ../clib/microlib/string/memset.c         0x00000000   Number         0  memseta.o ABSOLUTE
    ../clib/microlib/stubs.s                 0x00000000   Number         0  iusefp.o ABSOLUTE
    ../fplib/microlib/fpadd.c                0x00000000   Number         0  dadd.o ABSOLUTE
    ../fplib/microlib/fpdiv.c                0x00000000   Number         0  ddiv.o ABSOLUTE
    ../fplib/microlib/fpepilogue.c           0x00000000   Number         0  depilogue.o ABSOLUTE
    ../fplib/microlib/fpfix.c                0x00000000   Number         0  dfixul.o ABSOLUTE
    ../fplib/microlib/fpmul.c                0x00000000   Number         0  dmul.o ABSOLUTE
    ..\Drivers\STM32F1xx_HAL_Driver\Src\stm32f1xx_hal.c 0x00000000   Number         0  stm32f1xx_hal.o ABSOLUTE
    ..\Drivers\STM32F1xx_HAL_Driver\Src\stm32f1xx_hal_cortex.c 0x00000000   Number         0  stm32f1xx_hal_cortex.o ABSOLUTE
    ..\Drivers\STM32F1xx_HAL_Driver\Src\stm32f1xx_hal_dma.c 0x00000000   Number         0  stm32f1xx_hal_dma.o ABSOLUTE
    ..\Drivers\STM32F1xx_HAL_Driver\Src\stm32f1xx_hal_flash.c 0x00000000   Number         0  stm32f1xx_hal_flash.o ABSOLUTE
    ..\Drivers\STM32F1xx_HAL_Driver\Src\stm32f1xx_hal_flash_ex.c 0x00000000   Number         0  stm32f1xx_hal_flash_ex.o ABSOLUTE
    ..\Drivers\STM32F1xx_HAL_Driver\Src\stm32f1xx_hal_gpio.c 0x00000000   Number         0  stm32f1xx_hal_gpio.o ABSOLUTE
    ..\Drivers\STM32F1xx_HAL_Driver\Src\stm32f1xx_hal_gpio_ex.c 0x00000000   Number         0  stm32f1xx_hal_gpio_ex.o ABSOLUTE
    ..\Drivers\STM32F1xx_HAL_Driver\Src\stm32f1xx_hal_pwr.c 0x00000000   Number         0  stm32f1xx_hal_pwr.o ABSOLUTE
    ..\Drivers\STM32F1xx_HAL_Driver\Src\stm32f1xx_hal_rcc.c 0x00000000   Number         0  stm32f1xx_hal_rcc.o ABSOLUTE
    ..\Drivers\STM32F1xx_HAL_Driver\Src\stm32f1xx_hal_rcc_ex.c 0x00000000   Number         0  stm32f1xx_hal_rcc_ex.o ABSOLUTE
    ..\Drivers\STM32F1xx_HAL_Driver\Src\stm32f1xx_hal_tim.c 0x00000000   Number         0  stm32f1xx_hal_tim.o ABSOLUTE
    ..\Drivers\STM32F1xx_HAL_Driver\Src\stm32f1xx_hal_tim_ex.c 0x00000000   Number         0  stm32f1xx_hal_tim_ex.o ABSOLUTE
    ..\Drivers\STM32F1xx_HAL_Driver\Src\stm32f1xx_hal_uart.c 0x00000000   Number         0  stm32f1xx_hal_uart.o ABSOLUTE
    ..\Middlewares\Third_Party\FreeRTOS\Source\CMSIS_RTOS\cmsis_os.c 0x00000000   Number         0  cmsis_os.o ABSOLUTE
    ..\Middlewares\Third_Party\FreeRTOS\Source\portable\RVDS\ARM_CM3\port.c 0x00000000   Number         0  port.o ABSOLUTE
    ..\Src\dma.c                             0x00000000   Number         0  dma.o ABSOLUTE
    ..\Src\freertos.c                        0x00000000   Number         0  freertos.o ABSOLUTE
    ..\Src\gpio.c                            0x00000000   Number         0  gpio.o ABSOLUTE
    ..\Src\main.c                            0x00000000   Number         0  main.o ABSOLUTE
    ..\Src\stm32f1xx_hal_msp.c               0x00000000   Number         0  stm32f1xx_hal_msp.o ABSOLUTE
    ..\Src\stm32f1xx_hal_timebase_TIM.c      0x00000000   Number         0  stm32f1xx_hal_timebase_tim.o ABSOLUTE
    ..\Src\stm32f1xx_it.c                    0x00000000   Number         0  stm32f1xx_it.o ABSOLUTE
    ..\Src\usart.c                           0x00000000   Number         0  usart.o ABSOLUTE
    ..\\Src\system_stm32f1xx.c               0x00000000   Number         0  system_stm32f1xx.o ABSOLUTE
    cdrcmple.s                               0x00000000   Number         0  cdrcmple.o ABSOLUTE
    dc.s                                     0x00000000   Number         0  dc.o ABSOLUTE
    handlers.s                               0x00000000   Number         0  handlers.o ABSOLUTE
    init.s                                   0x00000000   Number         0  init.o ABSOLUTE
    startup_stm32f103xe.s                    0x00000000   Number         0  startup_stm32f103xe.o ABSOLUTE
    RESET                                    0x08000000   Section      304  startup_stm32f103xe.o(RESET)
    .ARM.Collect$$$$00000000                 0x08000130   Section        0  entry.o(.ARM.Collect$$$$00000000)
    .ARM.Collect$$$$00000001                 0x08000130   Section        4  entry2.o(.ARM.Collect$$$$00000001)
    .ARM.Collect$$$$00000004                 0x08000134   Section        4  entry5.o(.ARM.Collect$$$$00000004)
    .ARM.Collect$$$$00000008                 0x08000138   Section        0  entry7b.o(.ARM.Collect$$$$00000008)
    .ARM.Collect$$$$0000000A                 0x08000138   Section        0  entry8b.o(.ARM.Collect$$$$0000000A)
    .ARM.Collect$$$$0000000B                 0x08000138   Section        8  entry9a.o(.ARM.Collect$$$$0000000B)
    .ARM.Collect$$$$0000000D                 0x08000140   Section        0  entry10a.o(.ARM.Collect$$$$0000000D)
    .ARM.Collect$$$$0000000F                 0x08000140   Section        0  entry11a.o(.ARM.Collect$$$$0000000F)
    .ARM.Collect$$$$00002712                 0x08000140   Section        4  entry2.o(.ARM.Collect$$$$00002712)
    __lit__00000000                          0x08000140   Data           4  entry2.o(.ARM.Collect$$$$00002712)
    .emb_text                                0x08000144   Section      150  port.o(.emb_text)
    .text                                    0x080001dc   Section       36  startup_stm32f103xe.o(.text)
    .text                                    0x08000200   Section        0  llushr.o(.text)
    .text                                    0x08000220   Section        0  memcpya.o(.text)
    .text                                    0x08000244   Section        0  memseta.o(.text)
    .text                                    0x08000268   Section        0  uldiv.o(.text)
    .text                                    0x080002cc   Section       36  init.o(.text)
    .text                                    0x080002f0   Section        0  llshl.o(.text)
    i.BusFault_Handler                       0x0800030e   Section        0  stm32f1xx_it.o(i.BusFault_Handler)
    i.DMA1_Channel5_IRQHandler               0x08000310   Section        0  stm32f1xx_it.o(i.DMA1_Channel5_IRQHandler)
    i.DMA_SetConfig                          0x0800031c   Section        0  stm32f1xx_hal_dma.o(i.DMA_SetConfig)
    DMA_SetConfig                            0x0800031d   Thumb Code    42  stm32f1xx_hal_dma.o(i.DMA_SetConfig)
    i.DebugMon_Handler                       0x08000346   Section        0  stm32f1xx_it.o(i.DebugMon_Handler)
    i.HAL_DMA_Abort                          0x08000348   Section        0  stm32f1xx_hal_dma.o(i.HAL_DMA_Abort)
    i.HAL_DMA_Abort_IT                       0x08000378   Section        0  stm32f1xx_hal_dma.o(i.HAL_DMA_Abort_IT)
    i.HAL_DMA_IRQHandler                     0x080004a8   Section        0  stm32f1xx_hal_dma.o(i.HAL_DMA_IRQHandler)
    i.HAL_DMA_Init                           0x080006f0   Section        0  stm32f1xx_hal_dma.o(i.HAL_DMA_Init)
    i.HAL_DMA_Start_IT                       0x08000774   Section        0  stm32f1xx_hal_dma.o(i.HAL_DMA_Start_IT)
    i.HAL_GPIO_Init                          0x080007e4   Section        0  stm32f1xx_hal_gpio.o(i.HAL_GPIO_Init)
    i.HAL_GetTick                            0x080009cc   Section        0  stm32f1xx_hal.o(i.HAL_GetTick)
    i.HAL_IncTick                            0x080009d8   Section        0  stm32f1xx_hal.o(i.HAL_IncTick)
    i.HAL_Init                               0x080009e8   Section        0  stm32f1xx_hal.o(i.HAL_Init)
    i.HAL_InitTick                           0x08000a0c   Section        0  stm32f1xx_hal_timebase_tim.o(i.HAL_InitTick)
    i.HAL_MspInit                            0x08000a80   Section        0  stm32f1xx_hal_msp.o(i.HAL_MspInit)
    i.HAL_NVIC_EnableIRQ                     0x08000b10   Section        0  stm32f1xx_hal_cortex.o(i.HAL_NVIC_EnableIRQ)
    i.HAL_NVIC_SetPriority                   0x08000b28   Section        0  stm32f1xx_hal_cortex.o(i.HAL_NVIC_SetPriority)
    i.HAL_NVIC_SetPriorityGrouping           0x08000b68   Section        0  stm32f1xx_hal_cortex.o(i.HAL_NVIC_SetPriorityGrouping)
    i.HAL_RCC_ClockConfig                    0x08000b8c   Section        0  stm32f1xx_hal_rcc.o(i.HAL_RCC_ClockConfig)
    i.HAL_RCC_GetClockConfig                 0x08000ce0   Section        0  stm32f1xx_hal_rcc.o(i.HAL_RCC_GetClockConfig)
    i.HAL_RCC_GetHCLKFreq                    0x08000d20   Section        0  stm32f1xx_hal_rcc.o(i.HAL_RCC_GetHCLKFreq)
    i.HAL_RCC_GetPCLK1Freq                   0x08000d2c   Section        0  stm32f1xx_hal_rcc.o(i.HAL_RCC_GetPCLK1Freq)
    i.HAL_RCC_GetPCLK2Freq                   0x08000d4c   Section        0  stm32f1xx_hal_rcc.o(i.HAL_RCC_GetPCLK2Freq)
    i.HAL_RCC_GetSysClockFreq                0x08000d6c   Section        0  stm32f1xx_hal_rcc.o(i.HAL_RCC_GetSysClockFreq)
    i.HAL_RCC_OscConfig                      0x08000dd8   Section        0  stm32f1xx_hal_rcc.o(i.HAL_RCC_OscConfig)
    i.HAL_SYSTICK_CLKSourceConfig            0x080010dc   Section        0  stm32f1xx_hal_cortex.o(i.HAL_SYSTICK_CLKSourceConfig)
    i.HAL_SYSTICK_Config                     0x080010f4   Section        0  stm32f1xx_hal_cortex.o(i.HAL_SYSTICK_Config)
    i.HAL_TIMEx_BreakCallback                0x0800111c   Section        0  stm32f1xx_hal_tim_ex.o(i.HAL_TIMEx_BreakCallback)
    i.HAL_TIMEx_CommutationCallback          0x0800111e   Section        0  stm32f1xx_hal_tim_ex.o(i.HAL_TIMEx_CommutationCallback)
    i.HAL_TIM_Base_Init                      0x08001120   Section        0  stm32f1xx_hal_tim.o(i.HAL_TIM_Base_Init)
    i.HAL_TIM_Base_MspInit                   0x08001156   Section        0  stm32f1xx_hal_tim.o(i.HAL_TIM_Base_MspInit)
    i.HAL_TIM_Base_Start_IT                  0x08001158   Section        0  stm32f1xx_hal_tim.o(i.HAL_TIM_Base_Start_IT)
    i.HAL_TIM_IC_CaptureCallback             0x08001170   Section        0  stm32f1xx_hal_tim.o(i.HAL_TIM_IC_CaptureCallback)
    i.HAL_TIM_IRQHandler                     0x08001172   Section        0  stm32f1xx_hal_tim.o(i.HAL_TIM_IRQHandler)
    i.HAL_TIM_OC_DelayElapsedCallback        0x080012d8   Section        0  stm32f1xx_hal_tim.o(i.HAL_TIM_OC_DelayElapsedCallback)
    i.HAL_TIM_PWM_PulseFinishedCallback      0x080012da   Section        0  stm32f1xx_hal_tim.o(i.HAL_TIM_PWM_PulseFinishedCallback)
    i.HAL_TIM_PeriodElapsedCallback          0x080012dc   Section        0  main.o(i.HAL_TIM_PeriodElapsedCallback)
    i.HAL_TIM_TriggerCallback                0x080012f0   Section        0  stm32f1xx_hal_tim.o(i.HAL_TIM_TriggerCallback)
    i.HAL_UART_DMAStop                       0x080012f2   Section        0  stm32f1xx_hal_uart.o(i.HAL_UART_DMAStop)
    i.HAL_UART_ErrorCallback                 0x0800134a   Section        0  stm32f1xx_hal_uart.o(i.HAL_UART_ErrorCallback)
    i.HAL_UART_IRQHandler                    0x0800134c   Section        0  stm32f1xx_hal_uart.o(i.HAL_UART_IRQHandler)
    i.HAL_UART_Init                          0x0800145c   Section        0  stm32f1xx_hal_uart.o(i.HAL_UART_Init)
    i.HAL_UART_MspInit                       0x080014c0   Section        0  usart.o(i.HAL_UART_MspInit)
    i.HAL_UART_Receive_DMA                   0x080015b8   Section        0  stm32f1xx_hal_uart.o(i.HAL_UART_Receive_DMA)
    i.HAL_UART_RxCpltCallback                0x08001650   Section        0  stm32f1xx_hal_uart.o(i.HAL_UART_RxCpltCallback)
    i.HAL_UART_RxHalfCpltCallback            0x08001652   Section        0  stm32f1xx_hal_uart.o(i.HAL_UART_RxHalfCpltCallback)
    i.HAL_UART_Transmit                      0x08001654   Section        0  stm32f1xx_hal_uart.o(i.HAL_UART_Transmit)
    i.HAL_UART_TxCpltCallback                0x0800170e   Section        0  stm32f1xx_hal_uart.o(i.HAL_UART_TxCpltCallback)
    i.HardFault_Handler                      0x08001710   Section        0  stm32f1xx_it.o(i.HardFault_Handler)
    i.MX_DMA_Init                            0x08001714   Section        0  dma.o(i.MX_DMA_Init)
    i.MX_FREERTOS_Init                       0x08001740   Section        0  freertos.o(i.MX_FREERTOS_Init)
    i.MX_GPIO_Init                           0x08001788   Section        0  gpio.o(i.MX_GPIO_Init)
    i.MX_USART1_UART_Init                    0x080017c4   Section        0  usart.o(i.MX_USART1_UART_Init)
    i.MX_USART3_UART_Init                    0x08001818   Section        0  usart.o(i.MX_USART3_UART_Init)
    i.MemManage_Handler                      0x08001864   Section        0  stm32f1xx_it.o(i.MemManage_Handler)
    i.NMI_Handler                            0x08001866   Section        0  stm32f1xx_it.o(i.NMI_Handler)
    i.NVIC_SetPriority                       0x08001868   Section        0  stm32f1xx_hal_cortex.o(i.NVIC_SetPriority)
    NVIC_SetPriority                         0x08001869   Thumb Code    32  stm32f1xx_hal_cortex.o(i.NVIC_SetPriority)
    i.StartDefaultTask                       0x08001888   Section        0  freertos.o(i.StartDefaultTask)
    i.StartlpUart1ScanTask                   0x08001894   Section        0  freertos.o(i.StartlpUart1ScanTask)
    i.SysTick_Handler                        0x08001b24   Section        0  stm32f1xx_it.o(i.SysTick_Handler)
    i.SystemClock_Config                     0x08001b28   Section        0  main.o(i.SystemClock_Config)
    i.SystemInit                             0x08001b90   Section        0  system_stm32f1xx.o(i.SystemInit)
    i.TIM1_UP_IRQHandler                     0x08001bd8   Section        0  stm32f1xx_it.o(i.TIM1_UP_IRQHandler)
    i.TIM_Base_SetConfig                     0x08001be4   Section        0  stm32f1xx_hal_tim.o(i.TIM_Base_SetConfig)
    i.UART_DMAAbortOnError                   0x08001c70   Section        0  stm32f1xx_hal_uart.o(i.UART_DMAAbortOnError)
    UART_DMAAbortOnError                     0x08001c71   Thumb Code    16  stm32f1xx_hal_uart.o(i.UART_DMAAbortOnError)
    i.UART_DMAError                          0x08001c80   Section        0  stm32f1xx_hal_uart.o(i.UART_DMAError)
    UART_DMAError                            0x08001c81   Thumb Code    74  stm32f1xx_hal_uart.o(i.UART_DMAError)
    i.UART_DMAReceiveCplt                    0x08001cca   Section        0  stm32f1xx_hal_uart.o(i.UART_DMAReceiveCplt)
    UART_DMAReceiveCplt                      0x08001ccb   Thumb Code    60  stm32f1xx_hal_uart.o(i.UART_DMAReceiveCplt)
    i.UART_DMARxHalfCplt                     0x08001d06   Section        0  stm32f1xx_hal_uart.o(i.UART_DMARxHalfCplt)
    UART_DMARxHalfCplt                       0x08001d07   Thumb Code    10  stm32f1xx_hal_uart.o(i.UART_DMARxHalfCplt)
    i.UART_EndRxTransfer                     0x08001d10   Section        0  stm32f1xx_hal_uart.o(i.UART_EndRxTransfer)
    UART_EndRxTransfer                       0x08001d11   Thumb Code    28  stm32f1xx_hal_uart.o(i.UART_EndRxTransfer)
    i.UART_EndTxTransfer                     0x08001d2c   Section        0  stm32f1xx_hal_uart.o(i.UART_EndTxTransfer)
    UART_EndTxTransfer                       0x08001d2d   Thumb Code    18  stm32f1xx_hal_uart.o(i.UART_EndTxTransfer)
    i.UART_Receive_IT                        0x08001d3e   Section        0  stm32f1xx_hal_uart.o(i.UART_Receive_IT)
    UART_Receive_IT                          0x08001d3f   Thumb Code   150  stm32f1xx_hal_uart.o(i.UART_Receive_IT)
    i.UART_SetConfig                         0x08001dd4   Section        0  stm32f1xx_hal_uart.o(i.UART_SetConfig)
    UART_SetConfig                           0x08001dd5   Thumb Code   364  stm32f1xx_hal_uart.o(i.UART_SetConfig)
    i.UART_Transmit_IT                       0x08001f44   Section        0  stm32f1xx_hal_uart.o(i.UART_Transmit_IT)
    UART_Transmit_IT                         0x08001f45   Thumb Code    98  stm32f1xx_hal_uart.o(i.UART_Transmit_IT)
    i.UART_WaitOnFlagUntilTimeout            0x08001fa6   Section        0  stm32f1xx_hal_uart.o(i.UART_WaitOnFlagUntilTimeout)
    UART_WaitOnFlagUntilTimeout              0x08001fa7   Thumb Code   100  stm32f1xx_hal_uart.o(i.UART_WaitOnFlagUntilTimeout)
    i.USART1_IRQHandler                      0x0800200c   Section        0  stm32f1xx_it.o(i.USART1_IRQHandler)
    i.USART3_IRQHandler                      0x080020a8   Section        0  stm32f1xx_it.o(i.USART3_IRQHandler)
    i.UsageFault_Handler                     0x080020b4   Section        0  stm32f1xx_it.o(i.UsageFault_Handler)
    i._Error_Handler                         0x080020b6   Section        0  main.o(i._Error_Handler)
    i.__0printf$8                            0x080020b8   Section        0  printf8.o(i.__0printf$8)
    i.__scatterload_copy                     0x080020d8   Section       14  handlers.o(i.__scatterload_copy)
    i.__scatterload_null                     0x080020e6   Section        2  handlers.o(i.__scatterload_null)
    i.__scatterload_zeroinit                 0x080020e8   Section       14  handlers.o(i.__scatterload_zeroinit)
    i._printf_core                           0x080020f8   Section        0  printf8.o(i._printf_core)
    _printf_core                             0x080020f9   Thumb Code   996  printf8.o(i._printf_core)
    i._printf_post_padding                   0x08002508   Section        0  printf8.o(i._printf_post_padding)
    _printf_post_padding                     0x08002509   Thumb Code    36  printf8.o(i._printf_post_padding)
    i._printf_pre_padding                    0x0800252c   Section        0  printf8.o(i._printf_pre_padding)
    _printf_pre_padding                      0x0800252d   Thumb Code    46  printf8.o(i._printf_pre_padding)
    i.fputc                                  0x0800255c   Section        0  main.o(i.fputc)
    i.main                                   0x08002574   Section        0  main.o(i.main)
    i.makeFreeRtosPriority                   0x080025b4   Section        0  cmsis_os.o(i.makeFreeRtosPriority)
    makeFreeRtosPriority                     0x080025b5   Thumb Code    12  cmsis_os.o(i.makeFreeRtosPriority)
    i.osDelay                                0x080025c0   Section        0  cmsis_os.o(i.osDelay)
    i.osKernelStart                          0x080025ce   Section        0  cmsis_os.o(i.osKernelStart)
    i.osSystickHandler                       0x080025d8   Section        0  cmsis_os.o(i.osSystickHandler)
    i.osThreadCreate                         0x080025ec   Section        0  cmsis_os.o(i.osThreadCreate)
    i.prvAddCurrentTaskToDelayedList         0x0800261c   Section        0  tasks.o(i.prvAddCurrentTaskToDelayedList)
    prvAddCurrentTaskToDelayedList           0x0800261d   Thumb Code   102  tasks.o(i.prvAddCurrentTaskToDelayedList)
    i.prvAddNewTaskToReadyList               0x0800268c   Section        0  tasks.o(i.prvAddNewTaskToReadyList)
    prvAddNewTaskToReadyList                 0x0800268d   Thumb Code   194  tasks.o(i.prvAddNewTaskToReadyList)
    i.prvCheckTasksWaitingTermination        0x0800275c   Section        0  tasks.o(i.prvCheckTasksWaitingTermination)
    prvCheckTasksWaitingTermination          0x0800275d   Thumb Code    70  tasks.o(i.prvCheckTasksWaitingTermination)
    i.prvCopyDataFromQueue                   0x080027ac   Section        0  queue.o(i.prvCopyDataFromQueue)
    prvCopyDataFromQueue                     0x080027ad   Thumb Code    38  queue.o(i.prvCopyDataFromQueue)
    i.prvDeleteTCB                           0x080027d2   Section        0  tasks.o(i.prvDeleteTCB)
    prvDeleteTCB                             0x080027d3   Thumb Code    20  tasks.o(i.prvDeleteTCB)
    i.prvHeapInit                            0x080027e8   Section        0  heap_4.o(i.prvHeapInit)
    prvHeapInit                              0x080027e9   Thumb Code    66  heap_4.o(i.prvHeapInit)
    i.prvIdleTask                            0x08002834   Section        0  tasks.o(i.prvIdleTask)
    prvIdleTask                              0x08002835   Thumb Code    30  tasks.o(i.prvIdleTask)
    i.prvInitialiseNewTask                   0x0800285c   Section        0  tasks.o(i.prvInitialiseNewTask)
    prvInitialiseNewTask                     0x0800285d   Thumb Code   142  tasks.o(i.prvInitialiseNewTask)
    i.prvInsertBlockIntoFreeList             0x080028ec   Section        0  heap_4.o(i.prvInsertBlockIntoFreeList)
    prvInsertBlockIntoFreeList               0x080028ed   Thumb Code    72  heap_4.o(i.prvInsertBlockIntoFreeList)
    i.prvIsQueueEmpty                        0x08002938   Section        0  queue.o(i.prvIsQueueEmpty)
    prvIsQueueEmpty                          0x08002939   Thumb Code    28  queue.o(i.prvIsQueueEmpty)
    i.prvResetNextTaskUnblockTime            0x08002954   Section        0  tasks.o(i.prvResetNextTaskUnblockTime)
    prvResetNextTaskUnblockTime              0x08002955   Thumb Code    26  tasks.o(i.prvResetNextTaskUnblockTime)
    i.prvTaskExitError                       0x08002974   Section        0  port.o(i.prvTaskExitError)
    prvTaskExitError                         0x08002975   Thumb Code    36  port.o(i.prvTaskExitError)
    i.prvUnlockQueue                         0x0800299c   Section        0  queue.o(i.prvUnlockQueue)
    prvUnlockQueue                           0x0800299d   Thumb Code   106  queue.o(i.prvUnlockQueue)
    i.pvPortMalloc                           0x08002a08   Section        0  heap_4.o(i.pvPortMalloc)
    i.pvTaskIncrementMutexHeldCount          0x08002ae0   Section        0  tasks.o(i.pvTaskIncrementMutexHeldCount)
    i.pxPortInitialiseStack                  0x08002af8   Section        0  port.o(i.pxPortInitialiseStack)
    i.uxListRemove                           0x08002b1c   Section        0  list.o(i.uxListRemove)
    i.vListInitialise                        0x08002b40   Section        0  list.o(i.vListInitialise)
    i.vListInitialiseItem                    0x08002b56   Section        0  list.o(i.vListInitialiseItem)
    i.vListInsert                            0x08002b5c   Section        0  list.o(i.vListInsert)
    i.vListInsertEnd                         0x08002b8c   Section        0  list.o(i.vListInsertEnd)
    i.vPortEnterCritical                     0x08002ba4   Section        0  port.o(i.vPortEnterCritical)
    i.vPortExitCritical                      0x08002be4   Section        0  port.o(i.vPortExitCritical)
    i.vPortFree                              0x08002c0c   Section        0  heap_4.o(i.vPortFree)
    i.vPortSetupTimerInterrupt               0x08002c68   Section        0  port.o(i.vPortSetupTimerInterrupt)
    i.vPortValidateInterruptPriority         0x08002c88   Section        0  port.o(i.vPortValidateInterruptPriority)
    i.vTaskDelay                             0x08002cdc   Section        0  tasks.o(i.vTaskDelay)
    i.vTaskMissedYield                       0x08002d28   Section        0  tasks.o(i.vTaskMissedYield)
    i.vTaskPlaceOnEventList                  0x08002d34   Section        0  tasks.o(i.vTaskPlaceOnEventList)
    i.vTaskPriorityInherit                   0x08002d64   Section        0  tasks.o(i.vTaskPriorityInherit)
    i.vTaskSetTimeOutState                   0x08002de8   Section        0  tasks.o(i.vTaskSetTimeOutState)
    i.vTaskStartScheduler                    0x08002e0c   Section        0  tasks.o(i.vTaskStartScheduler)
    i.vTaskSuspendAll                        0x08002e74   Section        0  tasks.o(i.vTaskSuspendAll)
    i.vTaskSwitchContext                     0x08002e84   Section        0  tasks.o(i.vTaskSwitchContext)
    i.xPortStartScheduler                    0x08002ee0   Section        0  port.o(i.xPortStartScheduler)
    i.xPortSysTickHandler                    0x08002f54   Section        0  port.o(i.xPortSysTickHandler)
    i.xQueueGenericCreate                    0x08002f80   Section        0  queue.o(i.xQueueGenericCreate)
    i.xQueueGenericReceive                   0x08002fc8   Section        0  queue.o(i.xQueueGenericReceive)
    i.xQueueGenericReset                     0x08003134   Section        0  queue.o(i.xQueueGenericReset)
    i.xQueueGiveFromISR                      0x080031bc   Section        0  queue.o(i.xQueueGiveFromISR)
    i.xTaskCheckForTimeOut                   0x08003258   Section        0  tasks.o(i.xTaskCheckForTimeOut)
    i.xTaskCreate                            0x080032c4   Section        0  tasks.o(i.xTaskCreate)
    i.xTaskGetSchedulerState                 0x0800331c   Section        0  tasks.o(i.xTaskGetSchedulerState)
    i.xTaskIncrementTick                     0x08003338   Section        0  tasks.o(i.xTaskIncrementTick)
    i.xTaskRemoveFromEventList               0x08003400   Section        0  tasks.o(i.xTaskRemoveFromEventList)
    i.xTaskResumeAll                         0x08003474   Section        0  tasks.o(i.xTaskResumeAll)
    .constdata                               0x08003538   Section       40  freertos.o(.constdata)
    .constdata                               0x08003560   Section       16  system_stm32f1xx.o(.constdata)
    .constdata                               0x08003570   Section        8  system_stm32f1xx.o(.constdata)
    .conststring                             0x08003578   Section       22  freertos.o(.conststring)
    .data                                    0x20000000   Section        1  main.o(.data)
    .data                                    0x20000001   Section        1  main.o(.data)
    .data                                    0x20000004   Section       12  freertos.o(.data)
    .data                                    0x20000010   Section        4  stm32f1xx_it.o(.data)
    xHigherPriorityTaskWoken                 0x20000010   Data           4  stm32f1xx_it.o(.data)
    .data                                    0x20000014   Section       12  stm32f1xx_hal.o(.data)
    .data                                    0x20000020   Section        4  system_stm32f1xx.o(.data)
    .data                                    0x20000024   Section       24  heap_4.o(.data)
    pxEnd                                    0x20000024   Data           4  heap_4.o(.data)
    xFreeBytesRemaining                      0x20000028   Data           4  heap_4.o(.data)
    xMinimumEverFreeBytesRemaining           0x2000002c   Data           4  heap_4.o(.data)
    xBlockAllocatedBit                       0x20000030   Data           4  heap_4.o(.data)
    xStart                                   0x20000034   Data           8  heap_4.o(.data)
    .data                                    0x2000003c   Section       12  port.o(.data)
    ucMaxSysCallPriority                     0x2000003c   Data           1  port.o(.data)
    uxCriticalNesting                        0x20000040   Data           4  port.o(.data)
    ulMaxPRIGROUPValue                       0x20000044   Data           4  port.o(.data)
    .data                                    0x20000048   Section       60  tasks.o(.data)
    uxDeletedTasksWaitingCleanUp             0x2000004c   Data           4  tasks.o(.data)
    uxCurrentNumberOfTasks                   0x20000050   Data           4  tasks.o(.data)
    xTickCount                               0x20000054   Data           4  tasks.o(.data)
    uxTopReadyPriority                       0x20000058   Data           4  tasks.o(.data)
    xSchedulerRunning                        0x2000005c   Data           4  tasks.o(.data)
    uxPendedTicks                            0x20000060   Data           4  tasks.o(.data)
    xYieldPending                            0x20000064   Data           4  tasks.o(.data)
    xNumOfOverflows                          0x20000068   Data           4  tasks.o(.data)
    uxTaskNumber                             0x2000006c   Data           4  tasks.o(.data)
    xNextTaskUnblockTime                     0x20000070   Data           4  tasks.o(.data)
    xIdleTaskHandle                          0x20000074   Data           4  tasks.o(.data)
    uxSchedulerSuspended                     0x20000078   Data           4  tasks.o(.data)
    pxDelayedTaskList                        0x2000007c   Data           4  tasks.o(.data)
    pxOverflowDelayedTaskList                0x20000080   Data           4  tasks.o(.data)
    .data                                    0x20000084   Section        4  stdout.o(.data)
    .bss                                     0x20000088   Section      255  main.o(.bss)
    .bss                                     0x20000187   Section      255  main.o(.bss)
    .bss                                     0x20000288   Section      196  usart.o(.bss)
    .bss                                     0x2000034c   Section       64  stm32f1xx_hal_timebase_tim.o(.bss)
    .bss                                     0x2000038c   Section     3072  heap_4.o(.bss)
    ucHeap                                   0x2000038c   Data        3072  heap_4.o(.bss)
    .bss                                     0x20000f8c   Section      240  tasks.o(.bss)
    pxReadyTasksLists                        0x20000f8c   Data         140  tasks.o(.bss)
    xDelayedTaskList1                        0x20001018   Data          20  tasks.o(.bss)
    xDelayedTaskList2                        0x2000102c   Data          20  tasks.o(.bss)
    xPendingReadyList                        0x20001040   Data          20  tasks.o(.bss)
    xTasksWaitingTermination                 0x20001054   Data          20  tasks.o(.bss)
    xSuspendedTaskList                       0x20001068   Data          20  tasks.o(.bss)
    STACK                                    0x20001080   Section     1024  startup_stm32f103xe.o(STACK)

    Global Symbols

    Symbol Name                              Value     Ov Type        Size  Object(Section)

    BuildAttributes$$THM_ISAv4$P$D$K$B$S$PE$A:L22UL41UL21$X:L11$S22US41US21$IEEE1$IW$USESV6$~STKCKD$USESV7$~SHL$OSPACE$ROPI$EBA8$MICROLIB$REQ8$PRES8$EABIv2 0x00000000   Number         0  anon$$obj.o ABSOLUTE
    __ARM_use_no_argv                        0x00000000   Number         0  main.o ABSOLUTE
    _printf_a                                0x00000000   Number         0  stubs.o ABSOLUTE
    _printf_c                                0x00000000   Number         0  stubs.o ABSOLUTE
    _printf_charcount                        0x00000000   Number         0  stubs.o ABSOLUTE
    _printf_d                                0x00000000   Number         0  stubs.o ABSOLUTE
    _printf_e                                0x00000000   Number         0  stubs.o ABSOLUTE
    _printf_f                                0x00000000   Number         0  stubs.o ABSOLUTE
    _printf_flags                            0x00000000   Number         0  stubs.o ABSOLUTE
    _printf_fp_dec                           0x00000000   Number         0  stubs.o ABSOLUTE
    _printf_fp_hex                           0x00000000   Number         0  stubs.o ABSOLUTE
    _printf_g                                0x00000000   Number         0  stubs.o ABSOLUTE
    _printf_i                                0x00000000   Number         0  stubs.o ABSOLUTE
    _printf_int_dec                          0x00000000   Number         0  stubs.o ABSOLUTE
    _printf_l                                0x00000000   Number         0  stubs.o ABSOLUTE
    _printf_lc                               0x00000000   Number         0  stubs.o ABSOLUTE
    _printf_ll                               0x00000000   Number         0  stubs.o ABSOLUTE
    _printf_lld                              0x00000000   Number         0  stubs.o ABSOLUTE
    _printf_lli                              0x00000000   Number         0  stubs.o ABSOLUTE
    _printf_llo                              0x00000000   Number         0  stubs.o ABSOLUTE
    _printf_llu                              0x00000000   Number         0  stubs.o ABSOLUTE
    _printf_llx                              0x00000000   Number         0  stubs.o ABSOLUTE
    _printf_longlong_dec                     0x00000000   Number         0  stubs.o ABSOLUTE
    _printf_longlong_hex                     0x00000000   Number         0  stubs.o ABSOLUTE
    _printf_longlong_oct                     0x00000000   Number         0  stubs.o ABSOLUTE
    _printf_ls                               0x00000000   Number         0  stubs.o ABSOLUTE
    _printf_mbtowc                           0x00000000   Number         0  stubs.o ABSOLUTE
    _printf_n                                0x00000000   Number         0  stubs.o ABSOLUTE
    _printf_o                                0x00000000   Number         0  stubs.o ABSOLUTE
    _printf_p                                0x00000000   Number         0  stubs.o ABSOLUTE
    _printf_percent                          0x00000000   Number         0  stubs.o ABSOLUTE
    _printf_pre_padding                      0x00000000   Number         0  stubs.o ABSOLUTE
    _printf_return_value                     0x00000000   Number         0  stubs.o ABSOLUTE
    _printf_s                                0x00000000   Number         0  stubs.o ABSOLUTE
    _printf_sizespec                         0x00000000   Number         0  stubs.o ABSOLUTE
    _printf_str                              0x00000000   Number         0  stubs.o ABSOLUTE
    _printf_truncate_signed                  0x00000000   Number         0  stubs.o ABSOLUTE
    _printf_truncate_unsigned                0x00000000   Number         0  stubs.o ABSOLUTE
    _printf_u                                0x00000000   Number         0  stubs.o ABSOLUTE
    _printf_wc                               0x00000000   Number         0  stubs.o ABSOLUTE
    _printf_wctomb                           0x00000000   Number         0  stubs.o ABSOLUTE
    _printf_widthprec                        0x00000000   Number         0  stubs.o ABSOLUTE
    _printf_x                                0x00000000   Number         0  stubs.o ABSOLUTE
    __cpp_initialize__aeabi_                  - Undefined Weak Reference
    __cxa_finalize                            - Undefined Weak Reference
    __decompress                              - Undefined Weak Reference
    _clock_init                               - Undefined Weak Reference
    _microlib_exit                            - Undefined Weak Reference
    __Vectors_Size                           0x00000130   Number         0  startup_stm32f103xe.o ABSOLUTE
    __Vectors                                0x08000000   Data           4  startup_stm32f103xe.o(RESET)
    __Vectors_End                            0x08000130   Data           0  startup_stm32f103xe.o(RESET)
    __main                                   0x08000131   Thumb Code     0  entry.o(.ARM.Collect$$$$00000000)
    _main_stk                                0x08000131   Thumb Code     0  entry2.o(.ARM.Collect$$$$00000001)
    _main_scatterload                        0x08000135   Thumb Code     0  entry5.o(.ARM.Collect$$$$00000004)
    __main_after_scatterload                 0x08000139   Thumb Code     0  entry5.o(.ARM.Collect$$$$00000004)
    _main_clock                              0x08000139   Thumb Code     0  entry7b.o(.ARM.Collect$$$$00000008)
    _main_cpp_init                           0x08000139   Thumb Code     0  entry8b.o(.ARM.Collect$$$$0000000A)
    _main_init                               0x08000139   Thumb Code     0  entry9a.o(.ARM.Collect$$$$0000000B)
    __rt_final_cpp                           0x08000141   Thumb Code     0  entry10a.o(.ARM.Collect$$$$0000000D)
    __rt_final_exit                          0x08000141   Thumb Code     0  entry11a.o(.ARM.Collect$$$$0000000F)
    SVC_Handler                              0x08000145   Thumb Code    32  port.o(.emb_text)
    __asm___6_port_c_39a90d8d__prvStartFirstTask 0x08000169   Thumb Code    28  port.o(.emb_text)
    PendSV_Handler                           0x08000189   Thumb Code    72  port.o(.emb_text)
    vPortGetIPSR                             0x080001d5   Thumb Code     6  port.o(.emb_text)
    Reset_Handler                            0x080001dd   Thumb Code     8  startup_stm32f103xe.o(.text)
    ADC1_2_IRQHandler                        0x080001f7   Thumb Code     0  startup_stm32f103xe.o(.text)
    ADC3_IRQHandler                          0x080001f7   Thumb Code     0  startup_stm32f103xe.o(.text)
    CAN1_RX1_IRQHandler                      0x080001f7   Thumb Code     0  startup_stm32f103xe.o(.text)
    CAN1_SCE_IRQHandler                      0x080001f7   Thumb Code     0  startup_stm32f103xe.o(.text)
    DMA1_Channel1_IRQHandler                 0x080001f7   Thumb Code     0  startup_stm32f103xe.o(.text)
    DMA1_Channel2_IRQHandler                 0x080001f7   Thumb Code     0  startup_stm32f103xe.o(.text)
    DMA1_Channel3_IRQHandler                 0x080001f7   Thumb Code     0  startup_stm32f103xe.o(.text)
    DMA1_Channel4_IRQHandler                 0x080001f7   Thumb Code     0  startup_stm32f103xe.o(.text)
    DMA1_Channel6_IRQHandler                 0x080001f7   Thumb Code     0  startup_stm32f103xe.o(.text)
    DMA1_Channel7_IRQHandler                 0x080001f7   Thumb Code     0  startup_stm32f103xe.o(.text)
    DMA2_Channel1_IRQHandler                 0x080001f7   Thumb Code     0  startup_stm32f103xe.o(.text)
    DMA2_Channel2_IRQHandler                 0x080001f7   Thumb Code     0  startup_stm32f103xe.o(.text)
    DMA2_Channel3_IRQHandler                 0x080001f7   Thumb Code     0  startup_stm32f103xe.o(.text)
    DMA2_Channel4_5_IRQHandler               0x080001f7   Thumb Code     0  startup_stm32f103xe.o(.text)
    EXTI0_IRQHandler                         0x080001f7   Thumb Code     0  startup_stm32f103xe.o(.text)
    EXTI15_10_IRQHandler                     0x080001f7   Thumb Code     0  startup_stm32f103xe.o(.text)
    EXTI1_IRQHandler                         0x080001f7   Thumb Code     0  startup_stm32f103xe.o(.text)
    EXTI2_IRQHandler                         0x080001f7   Thumb Code     0  startup_stm32f103xe.o(.text)
    EXTI3_IRQHandler                         0x080001f7   Thumb Code     0  startup_stm32f103xe.o(.text)
    EXTI4_IRQHandler                         0x080001f7   Thumb Code     0  startup_stm32f103xe.o(.text)
    EXTI9_5_IRQHandler                       0x080001f7   Thumb Code     0  startup_stm32f103xe.o(.text)
    FLASH_IRQHandler                         0x080001f7   Thumb Code     0  startup_stm32f103xe.o(.text)
    FSMC_IRQHandler                          0x080001f7   Thumb Code     0  startup_stm32f103xe.o(.text)
    I2C1_ER_IRQHandler                       0x080001f7   Thumb Code     0  startup_stm32f103xe.o(.text)
    I2C1_EV_IRQHandler                       0x080001f7   Thumb Code     0  startup_stm32f103xe.o(.text)
    I2C2_ER_IRQHandler                       0x080001f7   Thumb Code     0  startup_stm32f103xe.o(.text)
    I2C2_EV_IRQHandler                       0x080001f7   Thumb Code     0  startup_stm32f103xe.o(.text)
    PVD_IRQHandler                           0x080001f7   Thumb Code     0  startup_stm32f103xe.o(.text)
    RCC_IRQHandler                           0x080001f7   Thumb Code     0  startup_stm32f103xe.o(.text)
    RTC_Alarm_IRQHandler                     0x080001f7   Thumb Code     0  startup_stm32f103xe.o(.text)
    RTC_IRQHandler                           0x080001f7   Thumb Code     0  startup_stm32f103xe.o(.text)
    SDIO_IRQHandler                          0x080001f7   Thumb Code     0  startup_stm32f103xe.o(.text)
    SPI1_IRQHandler                          0x080001f7   Thumb Code     0  startup_stm32f103xe.o(.text)
    SPI2_IRQHandler                          0x080001f7   Thumb Code     0  startup_stm32f103xe.o(.text)
    SPI3_IRQHandler                          0x080001f7   Thumb Code     0  startup_stm32f103xe.o(.text)
    TAMPER_IRQHandler                        0x080001f7   Thumb Code     0  startup_stm32f103xe.o(.text)
    TIM1_BRK_IRQHandler                      0x080001f7   Thumb Code     0  startup_stm32f103xe.o(.text)
    TIM1_CC_IRQHandler                       0x080001f7   Thumb Code     0  startup_stm32f103xe.o(.text)
    TIM1_TRG_COM_IRQHandler                  0x080001f7   Thumb Code     0  startup_stm32f103xe.o(.text)
    TIM2_IRQHandler                          0x080001f7   Thumb Code     0  startup_stm32f103xe.o(.text)
    TIM3_IRQHandler                          0x080001f7   Thumb Code     0  startup_stm32f103xe.o(.text)
    TIM4_IRQHandler                          0x080001f7   Thumb Code     0  startup_stm32f103xe.o(.text)
    TIM5_IRQHandler                          0x080001f7   Thumb Code     0  startup_stm32f103xe.o(.text)
    TIM6_IRQHandler                          0x080001f7   Thumb Code     0  startup_stm32f103xe.o(.text)
    TIM7_IRQHandler                          0x080001f7   Thumb Code     0  startup_stm32f103xe.o(.text)
    TIM8_BRK_IRQHandler                      0x080001f7   Thumb Code     0  startup_stm32f103xe.o(.text)
    TIM8_CC_IRQHandler                       0x080001f7   Thumb Code     0  startup_stm32f103xe.o(.text)
    TIM8_TRG_COM_IRQHandler                  0x080001f7   Thumb Code     0  startup_stm32f103xe.o(.text)
    TIM8_UP_IRQHandler                       0x080001f7   Thumb Code     0  startup_stm32f103xe.o(.text)
    UART4_IRQHandler                         0x080001f7   Thumb Code     0  startup_stm32f103xe.o(.text)
    UART5_IRQHandler                         0x080001f7   Thumb Code     0  startup_stm32f103xe.o(.text)
    USART2_IRQHandler                        0x080001f7   Thumb Code     0  startup_stm32f103xe.o(.text)
    USBWakeUp_IRQHandler                     0x080001f7   Thumb Code     0  startup_stm32f103xe.o(.text)
    USB_HP_CAN1_TX_IRQHandler                0x080001f7   Thumb Code     0  startup_stm32f103xe.o(.text)
    USB_LP_CAN1_RX0_IRQHandler               0x080001f7   Thumb Code     0  startup_stm32f103xe.o(.text)
    WWDG_IRQHandler                          0x080001f7   Thumb Code     0  startup_stm32f103xe.o(.text)
    __aeabi_llsr                             0x08000201   Thumb Code    32  llushr.o(.text)
    _ll_ushift_r                             0x08000201   Thumb Code     0  llushr.o(.text)
    __aeabi_memcpy                           0x08000221   Thumb Code    36  memcpya.o(.text)
    __aeabi_memcpy4                          0x08000221   Thumb Code     0  memcpya.o(.text)
    __aeabi_memcpy8                          0x08000221   Thumb Code     0  memcpya.o(.text)
    __aeabi_memset                           0x08000245   Thumb Code    14  memseta.o(.text)
    __aeabi_memset4                          0x08000245   Thumb Code     0  memseta.o(.text)
    __aeabi_memset8                          0x08000245   Thumb Code     0  memseta.o(.text)
    __aeabi_memclr                           0x08000253   Thumb Code     4  memseta.o(.text)
    __aeabi_memclr4                          0x08000253   Thumb Code     0  memseta.o(.text)
    __aeabi_memclr8                          0x08000253   Thumb Code     0  memseta.o(.text)
    _memset$wrapper                          0x08000257   Thumb Code    18  memseta.o(.text)
    __aeabi_uldivmod                         0x08000269   Thumb Code    98  uldiv.o(.text)
    __scatterload                            0x080002cd   Thumb Code    28  init.o(.text)
    __scatterload_rt2                        0x080002cd   Thumb Code     0  init.o(.text)
    __aeabi_llsl                             0x080002f1   Thumb Code    30  llshl.o(.text)
    _ll_shift_l                              0x080002f1   Thumb Code     0  llshl.o(.text)
    BusFault_Handler                         0x0800030f   Thumb Code     2  stm32f1xx_it.o(i.BusFault_Handler)
    DMA1_Channel5_IRQHandler                 0x08000311   Thumb Code     6  stm32f1xx_it.o(i.DMA1_Channel5_IRQHandler)
    DebugMon_Handler                         0x08000347   Thumb Code     2  stm32f1xx_it.o(i.DebugMon_Handler)
    HAL_DMA_Abort                            0x08000349   Thumb Code    48  stm32f1xx_hal_dma.o(i.HAL_DMA_Abort)
    HAL_DMA_Abort_IT                         0x08000379   Thumb Code   296  stm32f1xx_hal_dma.o(i.HAL_DMA_Abort_IT)
    HAL_DMA_IRQHandler                       0x080004a9   Thumb Code   552  stm32f1xx_hal_dma.o(i.HAL_DMA_IRQHandler)
    HAL_DMA_Init                             0x080006f1   Thumb Code   120  stm32f1xx_hal_dma.o(i.HAL_DMA_Init)
    HAL_DMA_Start_IT                         0x08000775   Thumb Code   112  stm32f1xx_hal_dma.o(i.HAL_DMA_Start_IT)
    HAL_GPIO_Init                            0x080007e5   Thumb Code   446  stm32f1xx_hal_gpio.o(i.HAL_GPIO_Init)
    HAL_GetTick                              0x080009cd   Thumb Code     6  stm32f1xx_hal.o(i.HAL_GetTick)
    HAL_IncTick                              0x080009d9   Thumb Code    12  stm32f1xx_hal.o(i.HAL_IncTick)
    HAL_Init                                 0x080009e9   Thumb Code    32  stm32f1xx_hal.o(i.HAL_Init)
    HAL_InitTick                             0x08000a0d   Thumb Code    98  stm32f1xx_hal_timebase_tim.o(i.HAL_InitTick)
    HAL_MspInit                              0x08000a81   Thumb Code   134  stm32f1xx_hal_msp.o(i.HAL_MspInit)
    HAL_NVIC_EnableIRQ                       0x08000b11   Thumb Code    22  stm32f1xx_hal_cortex.o(i.HAL_NVIC_EnableIRQ)
    HAL_NVIC_SetPriority                     0x08000b29   Thumb Code    60  stm32f1xx_hal_cortex.o(i.HAL_NVIC_SetPriority)
    HAL_NVIC_SetPriorityGrouping             0x08000b69   Thumb Code    26  stm32f1xx_hal_cortex.o(i.HAL_NVIC_SetPriorityGrouping)
    HAL_RCC_ClockConfig                      0x08000b8d   Thumb Code   322  stm32f1xx_hal_rcc.o(i.HAL_RCC_ClockConfig)
    HAL_RCC_GetClockConfig                   0x08000ce1   Thumb Code    54  stm32f1xx_hal_rcc.o(i.HAL_RCC_GetClockConfig)
    HAL_RCC_GetHCLKFreq                      0x08000d21   Thumb Code     6  stm32f1xx_hal_rcc.o(i.HAL_RCC_GetHCLKFreq)
    HAL_RCC_GetPCLK1Freq                     0x08000d2d   Thumb Code    20  stm32f1xx_hal_rcc.o(i.HAL_RCC_GetPCLK1Freq)
    HAL_RCC_GetPCLK2Freq                     0x08000d4d   Thumb Code    20  stm32f1xx_hal_rcc.o(i.HAL_RCC_GetPCLK2Freq)
    HAL_RCC_GetSysClockFreq                  0x08000d6d   Thumb Code    74  stm32f1xx_hal_rcc.o(i.HAL_RCC_GetSysClockFreq)
    HAL_RCC_OscConfig                        0x08000dd9   Thumb Code   750  stm32f1xx_hal_rcc.o(i.HAL_RCC_OscConfig)
    HAL_SYSTICK_CLKSourceConfig              0x080010dd   Thumb Code    24  stm32f1xx_hal_cortex.o(i.HAL_SYSTICK_CLKSourceConfig)
    HAL_SYSTICK_Config                       0x080010f5   Thumb Code    40  stm32f1xx_hal_cortex.o(i.HAL_SYSTICK_Config)
    HAL_TIMEx_BreakCallback                  0x0800111d   Thumb Code     2  stm32f1xx_hal_tim_ex.o(i.HAL_TIMEx_BreakCallback)
    HAL_TIMEx_CommutationCallback            0x0800111f   Thumb Code     2  stm32f1xx_hal_tim_ex.o(i.HAL_TIMEx_CommutationCallback)
    HAL_TIM_Base_Init                        0x08001121   Thumb Code    54  stm32f1xx_hal_tim.o(i.HAL_TIM_Base_Init)
    HAL_TIM_Base_MspInit                     0x08001157   Thumb Code     2  stm32f1xx_hal_tim.o(i.HAL_TIM_Base_MspInit)
    HAL_TIM_Base_Start_IT                    0x08001159   Thumb Code    24  stm32f1xx_hal_tim.o(i.HAL_TIM_Base_Start_IT)
    HAL_TIM_IC_CaptureCallback               0x08001171   Thumb Code     2  stm32f1xx_hal_tim.o(i.HAL_TIM_IC_CaptureCallback)
    HAL_TIM_IRQHandler                       0x08001173   Thumb Code   358  stm32f1xx_hal_tim.o(i.HAL_TIM_IRQHandler)
    HAL_TIM_OC_DelayElapsedCallback          0x080012d9   Thumb Code     2  stm32f1xx_hal_tim.o(i.HAL_TIM_OC_DelayElapsedCallback)
    HAL_TIM_PWM_PulseFinishedCallback        0x080012db   Thumb Code     2  stm32f1xx_hal_tim.o(i.HAL_TIM_PWM_PulseFinishedCallback)
    HAL_TIM_PeriodElapsedCallback            0x080012dd   Thumb Code    14  main.o(i.HAL_TIM_PeriodElapsedCallback)
    HAL_TIM_TriggerCallback                  0x080012f1   Thumb Code     2  stm32f1xx_hal_tim.o(i.HAL_TIM_TriggerCallback)
    HAL_UART_DMAStop                         0x080012f3   Thumb Code    88  stm32f1xx_hal_uart.o(i.HAL_UART_DMAStop)
    HAL_UART_ErrorCallback                   0x0800134b   Thumb Code     2  stm32f1xx_hal_uart.o(i.HAL_UART_ErrorCallback)
    HAL_UART_IRQHandler                      0x0800134d   Thumb Code   266  stm32f1xx_hal_uart.o(i.HAL_UART_IRQHandler)
    HAL_UART_Init                            0x0800145d   Thumb Code    98  stm32f1xx_hal_uart.o(i.HAL_UART_Init)
    HAL_UART_MspInit                         0x080014c1   Thumb Code   202  usart.o(i.HAL_UART_MspInit)
    HAL_UART_Receive_DMA                     0x080015b9   Thumb Code   138  stm32f1xx_hal_uart.o(i.HAL_UART_Receive_DMA)
    HAL_UART_RxCpltCallback                  0x08001651   Thumb Code     2  stm32f1xx_hal_uart.o(i.HAL_UART_RxCpltCallback)
    HAL_UART_RxHalfCpltCallback              0x08001653   Thumb Code     2  stm32f1xx_hal_uart.o(i.HAL_UART_RxHalfCpltCallback)
    HAL_UART_Transmit                        0x08001655   Thumb Code   186  stm32f1xx_hal_uart.o(i.HAL_UART_Transmit)
    HAL_UART_TxCpltCallback                  0x0800170f   Thumb Code     2  stm32f1xx_hal_uart.o(i.HAL_UART_TxCpltCallback)
    HardFault_Handler                        0x08001711   Thumb Code     2  stm32f1xx_it.o(i.HardFault_Handler)
    MX_DMA_Init                              0x08001715   Thumb Code    40  dma.o(i.MX_DMA_Init)
    MX_FREERTOS_Init                         0x08001741   Thumb Code    64  freertos.o(i.MX_FREERTOS_Init)
    MX_GPIO_Init                             0x08001789   Thumb Code    54  gpio.o(i.MX_GPIO_Init)
    MX_USART1_UART_Init                      0x080017c5   Thumb Code    60  usart.o(i.MX_USART1_UART_Init)
    MX_USART3_UART_Init                      0x08001819   Thumb Code    52  usart.o(i.MX_USART3_UART_Init)
    MemManage_Handler                        0x08001865   Thumb Code     2  stm32f1xx_it.o(i.MemManage_Handler)
    NMI_Handler                              0x08001867   Thumb Code     2  stm32f1xx_it.o(i.NMI_Handler)
    StartDefaultTask                         0x08001889   Thumb Code    12  freertos.o(i.StartDefaultTask)
    StartlpUart1ScanTask                     0x08001895   Thumb Code   246  freertos.o(i.StartlpUart1ScanTask)
    SysTick_Handler                          0x08001b25   Thumb Code     4  stm32f1xx_it.o(i.SysTick_Handler)
    SystemClock_Config                       0x08001b29   Thumb Code   104  main.o(i.SystemClock_Config)
    SystemInit                               0x08001b91   Thumb Code    56  system_stm32f1xx.o(i.SystemInit)
    TIM1_UP_IRQHandler                       0x08001bd9   Thumb Code     6  stm32f1xx_it.o(i.TIM1_UP_IRQHandler)
    TIM_Base_SetConfig                       0x08001be5   Thumb Code   120  stm32f1xx_hal_tim.o(i.TIM_Base_SetConfig)
    USART1_IRQHandler                        0x0800200d   Thumb Code   120  stm32f1xx_it.o(i.USART1_IRQHandler)
    USART3_IRQHandler                        0x080020a9   Thumb Code     6  stm32f1xx_it.o(i.USART3_IRQHandler)
    UsageFault_Handler                       0x080020b5   Thumb Code     2  stm32f1xx_it.o(i.UsageFault_Handler)
    _Error_Handler                           0x080020b7   Thumb Code     2  main.o(i._Error_Handler)
    __0printf$8                              0x080020b9   Thumb Code    22  printf8.o(i.__0printf$8)
    __1printf$8                              0x080020b9   Thumb Code     0  printf8.o(i.__0printf$8)
    __2printf                                0x080020b9   Thumb Code     0  printf8.o(i.__0printf$8)
    __scatterload_copy                       0x080020d9   Thumb Code    14  handlers.o(i.__scatterload_copy)
    __scatterload_null                       0x080020e7   Thumb Code     2  handlers.o(i.__scatterload_null)
    __scatterload_zeroinit                   0x080020e9   Thumb Code    14  handlers.o(i.__scatterload_zeroinit)
    fputc                                    0x0800255d   Thumb Code    18  main.o(i.fputc)
    main                                     0x08002575   Thumb Code    56  main.o(i.main)
    osDelay                                  0x080025c1   Thumb Code    14  cmsis_os.o(i.osDelay)
    osKernelStart                            0x080025cf   Thumb Code    10  cmsis_os.o(i.osKernelStart)
    osSystickHandler                         0x080025d9   Thumb Code    20  cmsis_os.o(i.osSystickHandler)
    osThreadCreate                           0x080025ed   Thumb Code    46  cmsis_os.o(i.osThreadCreate)
    pvPortMalloc                             0x08002a09   Thumb Code   210  heap_4.o(i.pvPortMalloc)
    pvTaskIncrementMutexHeldCount            0x08002ae1   Thumb Code    18  tasks.o(i.pvTaskIncrementMutexHeldCount)
    pxPortInitialiseStack                    0x08002af9   Thumb Code    32  port.o(i.pxPortInitialiseStack)
    uxListRemove                             0x08002b1d   Thumb Code    36  list.o(i.uxListRemove)
    vListInitialise                          0x08002b41   Thumb Code    22  list.o(i.vListInitialise)
    vListInitialiseItem                      0x08002b57   Thumb Code     6  list.o(i.vListInitialiseItem)
    vListInsert                              0x08002b5d   Thumb Code    48  list.o(i.vListInsert)
    vListInsertEnd                           0x08002b8d   Thumb Code    24  list.o(i.vListInsertEnd)
    vPortEnterCritical                       0x08002ba5   Thumb Code    54  port.o(i.vPortEnterCritical)
    vPortExitCritical                        0x08002be5   Thumb Code    34  port.o(i.vPortExitCritical)
    vPortFree                                0x08002c0d   Thumb Code    88  heap_4.o(i.vPortFree)
    vPortSetupTimerInterrupt                 0x08002c69   Thumb Code    26  port.o(i.vPortSetupTimerInterrupt)
    vPortValidateInterruptPriority           0x08002c89   Thumb Code    74  port.o(i.vPortValidateInterruptPriority)
    vTaskDelay                               0x08002cdd   Thumb Code    66  tasks.o(i.vTaskDelay)
    vTaskMissedYield                         0x08002d29   Thumb Code     8  tasks.o(i.vTaskMissedYield)
    vTaskPlaceOnEventList                    0x08002d35   Thumb Code    44  tasks.o(i.vTaskPlaceOnEventList)
    vTaskPriorityInherit                     0x08002d65   Thumb Code   124  tasks.o(i.vTaskPriorityInherit)
    vTaskSetTimeOutState                     0x08002de9   Thumb Code    30  tasks.o(i.vTaskSetTimeOutState)
    vTaskStartScheduler                      0x08002e0d   Thumb Code    86  tasks.o(i.vTaskStartScheduler)
    vTaskSuspendAll                          0x08002e75   Thumb Code    10  tasks.o(i.vTaskSuspendAll)
    vTaskSwitchContext                       0x08002e85   Thumb Code    82  tasks.o(i.vTaskSwitchContext)
    xPortStartScheduler                      0x08002ee1   Thumb Code   102  port.o(i.xPortStartScheduler)
    xPortSysTickHandler                      0x08002f55   Thumb Code    38  port.o(i.xPortSysTickHandler)
    xQueueGenericCreate                      0x08002f81   Thumb Code    72  queue.o(i.xQueueGenericCreate)
    xQueueGenericReceive                     0x08002fc9   Thumb Code   360  queue.o(i.xQueueGenericReceive)
    xQueueGenericReset                       0x08003135   Thumb Code   132  queue.o(i.xQueueGenericReset)
    xQueueGiveFromISR                        0x080031bd   Thumb Code   156  queue.o(i.xQueueGiveFromISR)
    xTaskCheckForTimeOut                     0x08003259   Thumb Code   102  tasks.o(i.xTaskCheckForTimeOut)
    xTaskCreate                              0x080032c5   Thumb Code    86  tasks.o(i.xTaskCreate)
    xTaskGetSchedulerState                   0x0800331d   Thumb Code    22  tasks.o(i.xTaskGetSchedulerState)
    xTaskIncrementTick                       0x08003339   Thumb Code   192  tasks.o(i.xTaskIncrementTick)
    xTaskRemoveFromEventList                 0x08003401   Thumb Code   108  tasks.o(i.xTaskRemoveFromEventList)
    xTaskResumeAll                           0x08003475   Thumb Code   182  tasks.o(i.xTaskResumeAll)
    AHBPrescTable                            0x08003560   Data          16  system_stm32f1xx.o(.constdata)
    APBPrescTable                            0x08003570   Data           8  system_stm32f1xx.o(.constdata)
    Region$$Table$$Base                      0x08003590   Number         0  anon$$obj.o(Region$$Table)
    Region$$Table$$Limit                     0x080035b0   Number         0  anon$$obj.o(Region$$Table)
    Rx_BufferLen                             0x20000000   Data           1  main.o(.data)
    Rx_InfoLen                               0x20000001   Data           1  main.o(.data)
    defaultTaskHandle                        0x20000004   Data           4  freertos.o(.data)
    lpUart1ScanTaskHandle                    0x20000008   Data           4  freertos.o(.data)
    xScanSemaphore                           0x2000000c   Data           4  freertos.o(.data)
    uwTickFreq                               0x20000014   Data           1  stm32f1xx_hal.o(.data)
    uwTickPrio                               0x20000018   Data           4  stm32f1xx_hal.o(.data)
    uwTick                                   0x2000001c   Data           4  stm32f1xx_hal.o(.data)
    SystemCoreClock                          0x20000020   Data           4  system_stm32f1xx.o(.data)
    pxCurrentTCB                             0x20000048   Data           4  tasks.o(.data)
    __stdout                                 0x20000084   Data           4  stdout.o(.data)
    ReceiveBuff                              0x20000088   Data         255  main.o(.bss)
    ReceiveInfo                              0x20000187   Data         255  main.o(.bss)
    huart1                                   0x20000288   Data          64  usart.o(.bss)
    huart3                                   0x200002c8   Data          64  usart.o(.bss)
    hdma_usart1_rx                           0x20000308   Data          68  usart.o(.bss)
    htim1                                    0x2000034c   Data          64  stm32f1xx_hal_timebase_tim.o(.bss)
    __initial_sp                             0x20001480   Data           0  startup_stm32f103xe.o(STACK)



==============================================================================

Memory Map of the image

  Image Entry point : 0x08000131

  Load Region LR_IROM1 (Base: 0x08000000, Size: 0x00003638, Max: 0x00040000, ABSOLUTE)

    Execution Region ER_IROM1 (Exec base: 0x08000000, Load base: 0x08000000, Size: 0x000035b0, Max: 0x00040000, ABSOLUTE)

    Exec Addr    Load Addr    Size         Type   Attr      Idx    E Section Name        Object

    0x08000000   0x08000000   0x00000130   Data   RO            3    RESET               startup_stm32f103xe.o
    0x08000130   0x08000130   0x00000000   Code   RO         3751  * .ARM.Collect$$$$00000000  mc_w.l(entry.o)
    0x08000130   0x08000130   0x00000004   Code   RO         4023    .ARM.Collect$$$$00000001  mc_w.l(entry2.o)
    0x08000134   0x08000134   0x00000004   Code   RO         4026    .ARM.Collect$$$$00000004  mc_w.l(entry5.o)
    0x08000138   0x08000138   0x00000000   Code   RO         4028    .ARM.Collect$$$$00000008  mc_w.l(entry7b.o)
    0x08000138   0x08000138   0x00000000   Code   RO         4030    .ARM.Collect$$$$0000000A  mc_w.l(entry8b.o)
    0x08000138   0x08000138   0x00000008   Code   RO         4031    .ARM.Collect$$$$0000000B  mc_w.l(entry9a.o)
    0x08000140   0x08000140   0x00000000   Code   RO         4033    .ARM.Collect$$$$0000000D  mc_w.l(entry10a.o)
    0x08000140   0x08000140   0x00000000   Code   RO         4035    .ARM.Collect$$$$0000000F  mc_w.l(entry11a.o)
    0x08000140   0x08000140   0x00000004   Code   RO         4024    .ARM.Collect$$$$00002712  mc_w.l(entry2.o)
    0x08000144   0x08000144   0x00000096   Code   RO         2746    .emb_text           port.o
    0x080001da   0x080001da   0x00000002   PAD
    0x080001dc   0x080001dc   0x00000024   Code   RO            4    .text               startup_stm32f103xe.o
    0x08000200   0x08000200   0x00000020   Code   RO         3754    .text               mc_w.l(llushr.o)
    0x08000220   0x08000220   0x00000024   Code   RO         3756    .text               mc_w.l(memcpya.o)
    0x08000244   0x08000244   0x00000024   Code   RO         3758    .text               mc_w.l(memseta.o)
    0x08000268   0x08000268   0x00000062   Code   RO         4040    .text               mc_w.l(uldiv.o)
    0x080002ca   0x080002ca   0x00000002   PAD
    0x080002cc   0x080002cc   0x00000024   Code   RO         4053    .text               mc_w.l(init.o)
    0x080002f0   0x080002f0   0x0000001e   Code   RO         4055    .text               mc_w.l(llshl.o)
    0x0800030e   0x0800030e   0x00000002   Code   RO          383    i.BusFault_Handler  stm32f1xx_it.o
    0x08000310   0x08000310   0x0000000c   Code   RO          384    i.DMA1_Channel5_IRQHandler  stm32f1xx_it.o
    0x0800031c   0x0800031c   0x0000002a   Code   RO         2128    i.DMA_SetConfig     stm32f1xx_hal_dma.o
    0x08000346   0x08000346   0x00000002   Code   RO          385    i.DebugMon_Handler  stm32f1xx_it.o
    0x08000348   0x08000348   0x00000030   Code   RO         2129    i.HAL_DMA_Abort     stm32f1xx_hal_dma.o
    0x08000378   0x08000378   0x00000130   Code   RO         2130    i.HAL_DMA_Abort_IT  stm32f1xx_hal_dma.o
    0x080004a8   0x080004a8   0x00000248   Code   RO         2134    i.HAL_DMA_IRQHandler  stm32f1xx_hal_dma.o
    0x080006f0   0x080006f0   0x00000084   Code   RO         2135    i.HAL_DMA_Init      stm32f1xx_hal_dma.o
    0x08000774   0x08000774   0x00000070   Code   RO         2139    i.HAL_DMA_Start_IT  stm32f1xx_hal_dma.o
    0x080007e4   0x080007e4   0x000001e8   Code   RO         2065    i.HAL_GPIO_Init     stm32f1xx_hal_gpio.o
    0x080009cc   0x080009cc   0x0000000c   Code   RO         1776    i.HAL_GetTick       stm32f1xx_hal.o
    0x080009d8   0x080009d8   0x00000010   Code   RO         1780    i.HAL_IncTick       stm32f1xx_hal.o
    0x080009e8   0x080009e8   0x00000024   Code   RO         1781    i.HAL_Init          stm32f1xx_hal.o
    0x08000a0c   0x08000a0c   0x00000074   Code   RO          499    i.HAL_InitTick      stm32f1xx_hal_timebase_tim.o
    0x08000a80   0x08000a80   0x00000090   Code   RO          475    i.HAL_MspInit       stm32f1xx_hal_msp.o
    0x08000b10   0x08000b10   0x00000016   Code   RO         2225    i.HAL_NVIC_EnableIRQ  stm32f1xx_hal_cortex.o
    0x08000b26   0x08000b26   0x00000002   PAD
    0x08000b28   0x08000b28   0x00000040   Code   RO         2231    i.HAL_NVIC_SetPriority  stm32f1xx_hal_cortex.o
    0x08000b68   0x08000b68   0x00000024   Code   RO         2232    i.HAL_NVIC_SetPriorityGrouping  stm32f1xx_hal_cortex.o
    0x08000b8c   0x08000b8c   0x00000154   Code   RO         1925    i.HAL_RCC_ClockConfig  stm32f1xx_hal_rcc.o
    0x08000ce0   0x08000ce0   0x00000040   Code   RO         1929    i.HAL_RCC_GetClockConfig  stm32f1xx_hal_rcc.o
    0x08000d20   0x08000d20   0x0000000c   Code   RO         1930    i.HAL_RCC_GetHCLKFreq  stm32f1xx_hal_rcc.o
    0x08000d2c   0x08000d2c   0x00000020   Code   RO         1932    i.HAL_RCC_GetPCLK1Freq  stm32f1xx_hal_rcc.o
    0x08000d4c   0x08000d4c   0x00000020   Code   RO         1933    i.HAL_RCC_GetPCLK2Freq  stm32f1xx_hal_rcc.o
    0x08000d6c   0x08000d6c   0x0000006c   Code   RO         1934    i.HAL_RCC_GetSysClockFreq  stm32f1xx_hal_rcc.o
    0x08000dd8   0x08000dd8   0x00000304   Code   RO         1937    i.HAL_RCC_OscConfig  stm32f1xx_hal_rcc.o
    0x080010dc   0x080010dc   0x00000018   Code   RO         2234    i.HAL_SYSTICK_CLKSourceConfig  stm32f1xx_hal_cortex.o
    0x080010f4   0x080010f4   0x00000028   Code   RO         2236    i.HAL_SYSTICK_Config  stm32f1xx_hal_cortex.o
    0x0800111c   0x0800111c   0x00000002   Code   RO         1206    i.HAL_TIMEx_BreakCallback  stm32f1xx_hal_tim_ex.o
    0x0800111e   0x0800111e   0x00000002   Code   RO         1207    i.HAL_TIMEx_CommutationCallback  stm32f1xx_hal_tim_ex.o
    0x08001120   0x08001120   0x00000036   Code   RO          577    i.HAL_TIM_Base_Init  stm32f1xx_hal_tim.o
    0x08001156   0x08001156   0x00000002   Code   RO          579    i.HAL_TIM_Base_MspInit  stm32f1xx_hal_tim.o
    0x08001158   0x08001158   0x00000018   Code   RO          582    i.HAL_TIM_Base_Start_IT  stm32f1xx_hal_tim.o
    0x08001170   0x08001170   0x00000002   Code   RO          606    i.HAL_TIM_IC_CaptureCallback  stm32f1xx_hal_tim.o
    0x08001172   0x08001172   0x00000166   Code   RO          619    i.HAL_TIM_IRQHandler  stm32f1xx_hal_tim.o
    0x080012d8   0x080012d8   0x00000002   Code   RO          622    i.HAL_TIM_OC_DelayElapsedCallback  stm32f1xx_hal_tim.o
    0x080012da   0x080012da   0x00000002   Code   RO          649    i.HAL_TIM_PWM_PulseFinishedCallback  stm32f1xx_hal_tim.o
    0x080012dc   0x080012dc   0x00000014   Code   RO           13    i.HAL_TIM_PeriodElapsedCallback  main.o
    0x080012f0   0x080012f0   0x00000002   Code   RO          660    i.HAL_TIM_TriggerCallback  stm32f1xx_hal_tim.o
    0x080012f2   0x080012f2   0x00000058   Code   RO         1458    i.HAL_UART_DMAStop  stm32f1xx_hal_uart.o
    0x0800134a   0x0800134a   0x00000002   Code   RO         1460    i.HAL_UART_ErrorCallback  stm32f1xx_hal_uart.o
    0x0800134c   0x0800134c   0x00000110   Code   RO         1463    i.HAL_UART_IRQHandler  stm32f1xx_hal_uart.o
    0x0800145c   0x0800145c   0x00000062   Code   RO         1464    i.HAL_UART_Init     stm32f1xx_hal_uart.o
    0x080014be   0x080014be   0x00000002   PAD
    0x080014c0   0x080014c0   0x000000f8   Code   RO          336    i.HAL_UART_MspInit  usart.o
    0x080015b8   0x080015b8   0x00000098   Code   RO         1468    i.HAL_UART_Receive_DMA  stm32f1xx_hal_uart.o
    0x08001650   0x08001650   0x00000002   Code   RO         1470    i.HAL_UART_RxCpltCallback  stm32f1xx_hal_uart.o
    0x08001652   0x08001652   0x00000002   Code   RO         1471    i.HAL_UART_RxHalfCpltCallback  stm32f1xx_hal_uart.o
    0x08001654   0x08001654   0x000000ba   Code   RO         1472    i.HAL_UART_Transmit  stm32f1xx_hal_uart.o
    0x0800170e   0x0800170e   0x00000002   Code   RO         1475    i.HAL_UART_TxCpltCallback  stm32f1xx_hal_uart.o
    0x08001710   0x08001710   0x00000002   Code   RO          386    i.HardFault_Handler  stm32f1xx_it.o
    0x08001712   0x08001712   0x00000002   PAD
    0x08001714   0x08001714   0x0000002c   Code   RO          228    i.MX_DMA_Init       dma.o
    0x08001740   0x08001740   0x00000048   Code   RO          252    i.MX_FREERTOS_Init  freertos.o
    0x08001788   0x08001788   0x0000003c   Code   RO          204    i.MX_GPIO_Init      gpio.o
    0x080017c4   0x080017c4   0x00000054   Code   RO          337    i.MX_USART1_UART_Init  usart.o
    0x08001818   0x08001818   0x0000004c   Code   RO          338    i.MX_USART3_UART_Init  usart.o
    0x08001864   0x08001864   0x00000002   Code   RO          387    i.MemManage_Handler  stm32f1xx_it.o
    0x08001866   0x08001866   0x00000002   Code   RO          388    i.NMI_Handler       stm32f1xx_it.o
    0x08001868   0x08001868   0x00000020   Code   RO         2238    i.NVIC_SetPriority  stm32f1xx_hal_cortex.o
    0x08001888   0x08001888   0x0000000c   Code   RO          253    i.StartDefaultTask  freertos.o
    0x08001894   0x08001894   0x00000290   Code   RO          254    i.StartlpUart1ScanTask  freertos.o
    0x08001b24   0x08001b24   0x00000004   Code   RO          389    i.SysTick_Handler   stm32f1xx_it.o
    0x08001b28   0x08001b28   0x00000068   Code   RO           14    i.SystemClock_Config  main.o
    0x08001b90   0x08001b90   0x00000048   Code   RO         2654    i.SystemInit        system_stm32f1xx.o
    0x08001bd8   0x08001bd8   0x0000000c   Code   RO          390    i.TIM1_UP_IRQHandler  stm32f1xx_it.o
    0x08001be4   0x08001be4   0x0000008c   Code   RO          661    i.TIM_Base_SetConfig  stm32f1xx_hal_tim.o
    0x08001c70   0x08001c70   0x00000010   Code   RO         1477    i.UART_DMAAbortOnError  stm32f1xx_hal_uart.o
    0x08001c80   0x08001c80   0x0000004a   Code   RO         1478    i.UART_DMAError     stm32f1xx_hal_uart.o
    0x08001cca   0x08001cca   0x0000003c   Code   RO         1479    i.UART_DMAReceiveCplt  stm32f1xx_hal_uart.o
    0x08001d06   0x08001d06   0x0000000a   Code   RO         1481    i.UART_DMARxHalfCplt  stm32f1xx_hal_uart.o
    0x08001d10   0x08001d10   0x0000001c   Code   RO         1487    i.UART_EndRxTransfer  stm32f1xx_hal_uart.o
    0x08001d2c   0x08001d2c   0x00000012   Code   RO         1488    i.UART_EndTxTransfer  stm32f1xx_hal_uart.o
    0x08001d3e   0x08001d3e   0x00000096   Code   RO         1489    i.UART_Receive_IT   stm32f1xx_hal_uart.o
    0x08001dd4   0x08001dd4   0x00000170   Code   RO         1490    i.UART_SetConfig    stm32f1xx_hal_uart.o
    0x08001f44   0x08001f44   0x00000062   Code   RO         1491    i.UART_Transmit_IT  stm32f1xx_hal_uart.o
    0x08001fa6   0x08001fa6   0x00000064   Code   RO         1492    i.UART_WaitOnFlagUntilTimeout  stm32f1xx_hal_uart.o
    0x0800200a   0x0800200a   0x00000002   PAD
    0x0800200c   0x0800200c   0x0000009c   Code   RO          391    i.USART1_IRQHandler  stm32f1xx_it.o
    0x080020a8   0x080020a8   0x0000000c   Code   RO          392    i.USART3_IRQHandler  stm32f1xx_it.o
    0x080020b4   0x080020b4   0x00000002   Code   RO          393    i.UsageFault_Handler  stm32f1xx_it.o
    0x080020b6   0x080020b6   0x00000002   Code   RO           15    i._Error_Handler    main.o
    0x080020b8   0x080020b8   0x00000020   Code   RO         3969    i.__0printf$8       mc_w.l(printf8.o)
    0x080020d8   0x080020d8   0x0000000e   Code   RO         4063    i.__scatterload_copy  mc_w.l(handlers.o)
    0x080020e6   0x080020e6   0x00000002   Code   RO         4064    i.__scatterload_null  mc_w.l(handlers.o)
    0x080020e8   0x080020e8   0x0000000e   Code   RO         4065    i.__scatterload_zeroinit  mc_w.l(handlers.o)
    0x080020f6   0x080020f6   0x00000002   PAD
    0x080020f8   0x080020f8   0x00000410   Code   RO         3976    i._printf_core      mc_w.l(printf8.o)
    0x08002508   0x08002508   0x00000024   Code   RO         3977    i._printf_post_padding  mc_w.l(printf8.o)
    0x0800252c   0x0800252c   0x0000002e   Code   RO         3978    i._printf_pre_padding  mc_w.l(printf8.o)
    0x0800255a   0x0800255a   0x00000002   PAD
    0x0800255c   0x0800255c   0x00000018   Code   RO           16    i.fputc             main.o
    0x08002574   0x08002574   0x00000040   Code   RO           17    i.main              main.o
    0x080025b4   0x080025b4   0x0000000c   Code   RO         3378    i.makeFreeRtosPriority  cmsis_os.o
    0x080025c0   0x080025c0   0x0000000e   Code   RO         3380    i.osDelay           cmsis_os.o
    0x080025ce   0x080025ce   0x0000000a   Code   RO         3383    i.osKernelStart     cmsis_os.o
    0x080025d8   0x080025d8   0x00000014   Code   RO         3416    i.osSystickHandler  cmsis_os.o
    0x080025ec   0x080025ec   0x0000002e   Code   RO         3417    i.osThreadCreate    cmsis_os.o
    0x0800261a   0x0800261a   0x00000002   PAD
    0x0800261c   0x0800261c   0x00000070   Code   RO         3089    i.prvAddCurrentTaskToDelayedList  tasks.o
    0x0800268c   0x0800268c   0x000000d0   Code   RO         3090    i.prvAddNewTaskToReadyList  tasks.o
    0x0800275c   0x0800275c   0x00000050   Code   RO         3091    i.prvCheckTasksWaitingTermination  tasks.o
    0x080027ac   0x080027ac   0x00000026   Code   RO         2949    i.prvCopyDataFromQueue  queue.o
    0x080027d2   0x080027d2   0x00000014   Code   RO         3092    i.prvDeleteTCB      tasks.o
    0x080027e6   0x080027e6   0x00000002   PAD
    0x080027e8   0x080027e8   0x0000004c   Code   RO         2688    i.prvHeapInit       heap_4.o
    0x08002834   0x08002834   0x00000028   Code   RO         3093    i.prvIdleTask       tasks.o
    0x0800285c   0x0800285c   0x0000008e   Code   RO         3094    i.prvInitialiseNewTask  tasks.o
    0x080028ea   0x080028ea   0x00000002   PAD
    0x080028ec   0x080028ec   0x0000004c   Code   RO         2689    i.prvInsertBlockIntoFreeList  heap_4.o
    0x08002938   0x08002938   0x0000001c   Code   RO         2951    i.prvIsQueueEmpty   queue.o
    0x08002954   0x08002954   0x00000020   Code   RO         3095    i.prvResetNextTaskUnblockTime  tasks.o
    0x08002974   0x08002974   0x00000028   Code   RO         2747    i.prvTaskExitError  port.o
    0x0800299c   0x0800299c   0x0000006a   Code   RO         2952    i.prvUnlockQueue    queue.o
    0x08002a06   0x08002a06   0x00000002   PAD
    0x08002a08   0x08002a08   0x000000d8   Code   RO         2690    i.pvPortMalloc      heap_4.o
    0x08002ae0   0x08002ae0   0x00000018   Code   RO         3097    i.pvTaskIncrementMutexHeldCount  tasks.o
    0x08002af8   0x08002af8   0x00000024   Code   RO         2748    i.pxPortInitialiseStack  port.o
    0x08002b1c   0x08002b1c   0x00000024   Code   RO         2912    i.uxListRemove      list.o
    0x08002b40   0x08002b40   0x00000016   Code   RO         2913    i.vListInitialise   list.o
    0x08002b56   0x08002b56   0x00000006   Code   RO         2914    i.vListInitialiseItem  list.o
    0x08002b5c   0x08002b5c   0x00000030   Code   RO         2915    i.vListInsert       list.o
    0x08002b8c   0x08002b8c   0x00000018   Code   RO         2916    i.vListInsertEnd    list.o
    0x08002ba4   0x08002ba4   0x00000040   Code   RO         2750    i.vPortEnterCritical  port.o
    0x08002be4   0x08002be4   0x00000028   Code   RO         2751    i.vPortExitCritical  port.o
    0x08002c0c   0x08002c0c   0x0000005c   Code   RO         2691    i.vPortFree         heap_4.o
    0x08002c68   0x08002c68   0x00000020   Code   RO         2752    i.vPortSetupTimerInterrupt  port.o
    0x08002c88   0x08002c88   0x00000054   Code   RO         2753    i.vPortValidateInterruptPriority  port.o
    0x08002cdc   0x08002cdc   0x0000004c   Code   RO         3103    i.vTaskDelay        tasks.o
    0x08002d28   0x08002d28   0x0000000c   Code   RO         3106    i.vTaskMissedYield  tasks.o
    0x08002d34   0x08002d34   0x00000030   Code   RO         3108    i.vTaskPlaceOnEventList  tasks.o
    0x08002d64   0x08002d64   0x00000084   Code   RO         3110    i.vTaskPriorityInherit  tasks.o
    0x08002de8   0x08002de8   0x00000024   Code   RO         3113    i.vTaskSetTimeOutState  tasks.o
    0x08002e0c   0x08002e0c   0x00000068   Code   RO         3114    i.vTaskStartScheduler  tasks.o
    0x08002e74   0x08002e74   0x00000010   Code   RO         3116    i.vTaskSuspendAll   tasks.o
    0x08002e84   0x08002e84   0x0000005c   Code   RO         3117    i.vTaskSwitchContext  tasks.o
    0x08002ee0   0x08002ee0   0x00000074   Code   RO         2754    i.xPortStartScheduler  port.o
    0x08002f54   0x08002f54   0x0000002c   Code   RO         2755    i.xPortSysTickHandler  port.o
    0x08002f80   0x08002f80   0x00000048   Code   RO         2960    i.xQueueGenericCreate  queue.o
    0x08002fc8   0x08002fc8   0x0000016c   Code   RO         2961    i.xQueueGenericReceive  queue.o
    0x08003134   0x08003134   0x00000088   Code   RO         2962    i.xQueueGenericReset  queue.o
    0x080031bc   0x080031bc   0x0000009c   Code   RO         2965    i.xQueueGiveFromISR  queue.o
    0x08003258   0x08003258   0x0000006c   Code   RO         3118    i.xTaskCheckForTimeOut  tasks.o
    0x080032c4   0x080032c4   0x00000056   Code   RO         3119    i.xTaskCreate       tasks.o
    0x0800331a   0x0800331a   0x00000002   PAD
    0x0800331c   0x0800331c   0x0000001c   Code   RO         3123    i.xTaskGetSchedulerState  tasks.o
    0x08003338   0x08003338   0x000000c8   Code   RO         3126    i.xTaskIncrementTick  tasks.o
    0x08003400   0x08003400   0x00000074   Code   RO         3130    i.xTaskRemoveFromEventList  tasks.o
    0x08003474   0x08003474   0x000000c4   Code   RO         3132    i.xTaskResumeAll    tasks.o
    0x08003538   0x08003538   0x00000028   Data   RO          255    .constdata          freertos.o
    0x08003560   0x08003560   0x00000010   Data   RO         2655    .constdata          system_stm32f1xx.o
    0x08003570   0x08003570   0x00000008   Data   RO         2656    .constdata          system_stm32f1xx.o
    0x08003578   0x08003578   0x00000016   Data   RO          256    .conststring        freertos.o
    0x0800358e   0x0800358e   0x00000002   PAD
    0x08003590   0x08003590   0x00000020   Data   RO         4061    Region$$Table       anon$$obj.o


    Execution Region RW_IRAM1 (Exec base: 0x20000000, Load base: 0x080035b0, Size: 0x00001480, Max: 0x0000c000, ABSOLUTE)

    Exec Addr    Load Addr    Size         Type   Attr      Idx    E Section Name        Object

    0x20000000   0x080035b0   0x00000001   Data   RW           20    .data               main.o
    0x20000001   0x080035b1   0x00000001   Data   RW           21    .data               main.o
    0x20000002   0x080035b2   0x00000002   PAD
    0x20000004   0x080035b4   0x0000000c   Data   RW          259    .data               freertos.o
    0x20000010   0x080035c0   0x00000004   Data   RW          394    .data               stm32f1xx_it.o
    0x20000014   0x080035c4   0x0000000c   Data   RW         1788    .data               stm32f1xx_hal.o
    0x20000020   0x080035d0   0x00000004   Data   RW         2657    .data               system_stm32f1xx.o
    0x20000024   0x080035d4   0x00000018   Data   RW         2696    .data               heap_4.o
    0x2000003c   0x080035ec   0x0000000c   Data   RW         2756    .data               port.o
    0x20000048   0x080035f8   0x0000003c   Data   RW         3135    .data               tasks.o
    0x20000084   0x08003634   0x00000004   Data   RW         4037    .data               mc_w.l(stdout.o)
    0x20000088        -       0x000000ff   Zero   RW           18    .bss                main.o
    0x20000187        -       0x000000ff   Zero   RW           19    .bss                main.o
    0x20000286   0x08003638   0x00000002   PAD
    0x20000288        -       0x000000c4   Zero   RW          339    .bss                usart.o
    0x2000034c        -       0x00000040   Zero   RW          502    .bss                stm32f1xx_hal_timebase_tim.o
    0x2000038c        -       0x00000c00   Zero   RW         2695    .bss                heap_4.o
    0x20000f8c        -       0x000000f0   Zero   RW         3134    .bss                tasks.o
    0x2000107c   0x08003638   0x00000004   PAD
    0x20001080        -       0x00000400   Zero   RW            1    STACK               startup_stm32f103xe.o


==============================================================================

Image component sizes


      Code (inc. data)   RO Data    RW Data    ZI Data      Debug   Object Name

       102          0          0          0          0      13052   cmsis_os.o
        44          4          0          0          0        702   dma.o
         0          0          0          0          0       8044   event_groups.o
       740        418         62         12          0      11800   freertos.o
        60          6          0          0          0        759   gpio.o
       460         24          0         24       3072       6039   heap_4.o
       136          0          0          0          0       3290   list.o
       214         20          0          2        510     496283   main.o
       606         72          0         12          0      10825   port.o
       900          8          0          0          0       9142   queue.o
        36          8        304          0       1024        784   startup_stm32f103xe.o
        64         14          0         12          0       2494   stm32f1xx_hal.o
       218         14          0          0          0      26233   stm32f1xx_hal_cortex.o
      1222         52          0          0          0       4918   stm32f1xx_hal_dma.o
       488         42          0          0          0       2228   stm32f1xx_hal_gpio.o
       144         10          0          0          0        878   stm32f1xx_hal_msp.o
      1360        114          0          0          0       6137   stm32f1xx_hal_rcc.o
       586         20          0          0          0       6590   stm32f1xx_hal_tim.o
         4          0          0          0          0       1510   stm32f1xx_hal_tim_ex.o
       116         18          0          0         64       1392   stm32f1xx_hal_timebase_tim.o
      1726         24          0          0          0      13019   stm32f1xx_hal_uart.o
       208         54          0          4          0       5485   stm32f1xx_it.o
        72         16         24          4          0       1111   system_stm32f1xx.o
      1908        164          0         60        240      20271   tasks.o
       408         94          0          0        196       2278   usart.o

    ----------------------------------------------------------------------
     11842       1196        424        132       5112     655264   Object Totals
         0          0         32          0          0          0   (incl. Generated)
        20          0          2          2          6          0   (incl. Padding)

    ----------------------------------------------------------------------

      Code (inc. data)   RO Data    RW Data    ZI Data      Debug   Library Member Name

         0          0          0          0          0          0   entry.o
         0          0          0          0          0          0   entry10a.o
         0          0          0          0          0          0   entry11a.o
         8          4          0          0          0          0   entry2.o
         4          0          0          0          0          0   entry5.o
         0          0          0          0          0          0   entry7b.o
         0          0          0          0          0          0   entry8b.o
         8          4          0          0          0          0   entry9a.o
        30          0          0          0          0          0   handlers.o
        36          8          0          0          0         68   init.o
        30          0          0          0          0         68   llshl.o
        32          0          0          0          0         68   llushr.o
        36          0          0          0          0         68   memcpya.o
        36          0          0          0          0        108   memseta.o
      1154         54          0          0          0        352   printf8.o
         0          0          0          4          0          0   stdout.o
        98          0          0          0          0         92   uldiv.o

    ----------------------------------------------------------------------
      1478         70          0          4          0        824   Library Totals
         6          0          0          0          0          0   (incl. Padding)

    ----------------------------------------------------------------------

      Code (inc. data)   RO Data    RW Data    ZI Data      Debug   Library Name

      1472         70          0          4          0        824   mc_w.l

    ----------------------------------------------------------------------
      1478         70          0          4          0        824   Library Totals

    ----------------------------------------------------------------------

==============================================================================


      Code (inc. data)   RO Data    RW Data    ZI Data      Debug   

     13320       1266        424        136       5112     649272   Grand Totals
     13320       1266        424        136       5112     649272   ELF Image Totals
     13320       1266        424        136          0          0   ROM Totals

==============================================================================

    Total RO  Size (Code + RO Data)                13744 (  13.42kB)
    Total RW  Size (RW Data + ZI Data)              5248 (   5.13kB)
    Total ROM Size (Code + RO Data + RW Data)      13880 (  13.55kB)

==============================================================================

